Loading previaturas...
Previaturas data:
     uc uc_requerida
0  1011         2415
1  1011         1042
2  1011         1065
3  1011         1046
4  1012          CP1
Warning: Course 1129 from coincidence.csv not found in C
Warning: Course 1208 from coincidence.csv not found in C
Warning: Course 1209 from coincidence.csv not found in C
Warning: Course 1266 from coincidence.csv not found in C
Warning: Course 1307 from coincidence.csv not found in C
Warning: Course 1324 from coincidence.csv not found in C
Warning: Course 1359 from coincidence.csv not found in C
Warning: Course 1373 from coincidence.csv not found in C
Warning: Course 1456 from coincidence.csv not found in C
Warning: Course 1556 from coincidence.csv not found in C
Warning: Course 1780 from coincidence.csv not found in C
Warning: Course 1868 from coincidence.csv not found in C
Warning: Course 1888 from coincidence.csv not found in C
Warning: Course 2011 from coincidence.csv not found in C
Warning: Course 2013 from coincidence.csv not found in C
Warning: Course 2018 from coincidence.csv not found in C
Warning: Course 2020 from coincidence.csv not found in C
Warning: Course 2032 from coincidence.csv not found in C
Warning: Course 2098 from coincidence.csv not found in C
Warning: Course 2099 from coincidence.csv not found in C
Warning: Course 2216 from coincidence.csv not found in C
Warning: Course 2391 from coincidence.csv not found in C
Warning: Course 2414 from coincidence.csv not found in C
Warning: Course 2504 from coincidence.csv not found in C
Warning: Course 2505 from coincidence.csv not found in C
Warning: Course 5603 from coincidence.csv not found in C
Warning: Course 5705 from coincidence.csv not found in C
Warning: Course 5720 from coincidence.csv not found in C
Warning: Course 5839 from coincidence.csv not found in C
Warning: Course 5853 from coincidence.csv not found in C
Warning: Course 5904 from coincidence.csv not found in C
Warning: Course LIB49 from coincidence.csv not found in C
Warning: Course LIB55 from coincidence.csv not found in C
Warning: Course MI2 from coincidence.csv not found in C
Warning: Course PA439 from coincidence.csv not found in C
Warning: Course PA456 from coincidence.csv not found in C
Warning: Course PA97 from coincidence.csv not found in C
Warning: Course Q80 from coincidence.csv not found in C
Warning: Course Q82 from coincidence.csv not found in C
Warning: Course TTR16 from coincidence.csv not found in C
Warning: Course 1038 from coincidence.csv not found in C
Warning: Course 1215 from coincidence.csv not found in C
Warning: Course 1220 from coincidence.csv not found in C
Warning: Course 1266 from coincidence.csv not found in C
Warning: Course 1307 from coincidence.csv not found in C
Warning: Course 1324 from coincidence.csv not found in C
Warning: Course 1340 from coincidence.csv not found in C
Warning: Course 1354 from coincidence.csv not found in C
Warning: Course 1359 from coincidence.csv not found in C
Warning: Course 1373 from coincidence.csv not found in C
Warning: Course 1456 from coincidence.csv not found in C
Warning: Course 1465 from coincidence.csv not found in C
Warning: Course 1522 from coincidence.csv not found in C
Warning: Course 1527 from coincidence.csv not found in C
Warning: Course 1556 from coincidence.csv not found in C
Warning: Course 1700 from coincidence.csv not found in C
Warning: Course 1722 from coincidence.csv not found in C
Warning: Course 1758 from coincidence.csv not found in C
Warning: Course 1774 from coincidence.csv not found in C
Warning: Course 1775 from coincidence.csv not found in C
Warning: Course 1776 from coincidence.csv not found in C
Warning: Course 1780 from coincidence.csv not found in C
Warning: Course 1781 from coincidence.csv not found in C
Warning: Course 1851 from coincidence.csv not found in C
Warning: Course 1876 from coincidence.csv not found in C
Warning: Course 1888 from coincidence.csv not found in C
Warning: Course 1937 from coincidence.csv not found in C
Warning: Course 2001 from coincidence.csv not found in C
Warning: Course 2216 from coincidence.csv not found in C
Warning: Course 2217 from coincidence.csv not found in C
Warning: Course 2359 from coincidence.csv not found in C
Warning: Course 2404 from coincidence.csv not found in C
Warning: Course 2410 from coincidence.csv not found in C
Warning: Course 2411 from coincidence.csv not found in C
Warning: Course 2414 from coincidence.csv not found in C
Warning: Course 2804 from coincidence.csv not found in C
Warning: Course 5005 from coincidence.csv not found in C
Warning: Course 5504 from coincidence.csv not found in C
Warning: Course 5904 from coincidence.csv not found in C
Warning: Course 5906 from coincidence.csv not found in C
Warning: Course LIB49 from coincidence.csv not found in C
Warning: Course LIB55 from coincidence.csv not found in C
Warning: Course PA288 from coincidence.csv not found in C
Warning: Course TI11 from coincidence.csv not found in C
Warning: Course TI12 from coincidence.csv not found in C
Warning: Course TIM41 from coincidence.csv not found in C
Warning: Course 1307 from coincidence.csv not found in C
Warning: Course 1324 from coincidence.csv not found in C
Warning: Course 1354 from coincidence.csv not found in C
Warning: Course 1373 from coincidence.csv not found in C
Warning: Course 1767 from coincidence.csv not found in C
Warning: Course 1776 from coincidence.csv not found in C
Warning: Course 1780 from coincidence.csv not found in C
Warning: Course 1868 from coincidence.csv not found in C
Warning: Course 1888 from coincidence.csv not found in C
Warning: Course 2018 from coincidence.csv not found in C
Warning: Course 2020 from coincidence.csv not found in C
Warning: Course 2216 from coincidence.csv not found in C
Warning: Course 2217 from coincidence.csv not found in C
Warning: Course TI02 from coincidence.csv not found in C
Warning: Course TI11 from coincidence.csv not found in C
Warning: Course TI12 from coincidence.csv not found in C
Warning: Course 1057 from coincidence.csv not found in C
Warning: Course 1129 from coincidence.csv not found in C
Warning: Course 1266 from coincidence.csv not found in C
Warning: Course 1307 from coincidence.csv not found in C
Warning: Course 1324 from coincidence.csv not found in C
Warning: Course 1373 from coincidence.csv not found in C
Warning: Course 1465 from coincidence.csv not found in C
Warning: Course 1731 from coincidence.csv not found in C
Warning: Course 1766 from coincidence.csv not found in C
Warning: Course 1767 from coincidence.csv not found in C
Warning: Course 1774 from coincidence.csv not found in C
Warning: Course 1780 from coincidence.csv not found in C
Warning: Course 1868 from coincidence.csv not found in C
Warning: Course 1888 from coincidence.csv not found in C
Warning: Course 2018 from coincidence.csv not found in C
Warning: Course 2020 from coincidence.csv not found in C
Warning: Course 2099 from coincidence.csv not found in C
Warning: Course 2216 from coincidence.csv not found in C
Warning: Course 2217 from coincidence.csv not found in C
Warning: Course 5720 from coincidence.csv not found in C
Warning: Course 5828 from coincidence.csv not found in C
Warning: Course 5904 from coincidence.csv not found in C
Warning: Course LIB49 from coincidence.csv not found in C
Warning: Course LIB55 from coincidence.csv not found in C
Warning: Course PA288 from coincidence.csv not found in C
Warning: Course PA587 from coincidence.csv not found in C
Warning: Course PE031 from coincidence.csv not found in C
Warning: Course Q104 from coincidence.csv not found in C
Warning: Course Q80 from coincidence.csv not found in C
Warning: Course Q82 from coincidence.csv not found in C
Warning: Course TCI29 from coincidence.csv not found in C
Warning: Course TI24 from coincidence.csv not found in C
Warning: Course 1131 from coincidence.csv not found in C
Warning: Course 1208 from coincidence.csv not found in C
Warning: Course 1209 from coincidence.csv not found in C
Warning: Course 1220 from coincidence.csv not found in C
Warning: Course 1266 from coincidence.csv not found in C
Warning: Course 1307 from coincidence.csv not found in C
Warning: Course 1324 from coincidence.csv not found in C
Warning: Course 1359 from coincidence.csv not found in C
Warning: Course 1373 from coincidence.csv not found in C
Warning: Course 1465 from coincidence.csv not found in C
Warning: Course 1513 from coincidence.csv not found in C
Warning: Course 1611 from coincidence.csv not found in C
Warning: Course 1650 from coincidence.csv not found in C
Warning: Course 1780 from coincidence.csv not found in C
Warning: Course 1888 from coincidence.csv not found in C
Warning: Course 2032 from coincidence.csv not found in C
Warning: Course 2040 from coincidence.csv not found in C
Warning: Course 5904 from coincidence.csv not found in C
Warning: Course LIB49 from coincidence.csv not found in C
Warning: Course MI2 from coincidence.csv not found in C
Warning: Course PA97 from coincidence.csv not found in C
Warning: Course TCI22 from coincidence.csv not found in C
Warning: Course TI04 from coincidence.csv not found in C
Warning: Course TI12 from coincidence.csv not found in C
Warning: Course TIM10 from coincidence.csv not found in C
Warning: Course TIM11 from coincidence.csv not found in C
Warning: Course TIM12 from coincidence.csv not found in C
Warning: Course TIM13 from coincidence.csv not found in C
Warning: Course TIM14 from coincidence.csv not found in C
Warning: Course TIM20 from coincidence.csv not found in C
Warning: Course TIM22 from coincidence.csv not found in C
Warning: Course TIM41 from coincidence.csv not found in C
Warning: Course TIM42 from coincidence.csv not found in C
Warning: Course TIM50 from coincidence.csv not found in C
Warning: Course TIM54 from coincidence.csv not found in C
Warning: Course TIM72 from coincidence.csv not found in C
Warning: Course 1215 from coincidence.csv not found in C
Warning: Course 1220 from coincidence.csv not found in C
Warning: Course 1266 from coincidence.csv not found in C
Warning: Course 1307 from coincidence.csv not found in C
Warning: Course 1324 from coincidence.csv not found in C
Warning: Course 1340 from coincidence.csv not found in C
Warning: Course 1354 from coincidence.csv not found in C
Warning: Course 1359 from coincidence.csv not found in C
Warning: Course 1373 from coincidence.csv not found in C
Warning: Course 1465 from coincidence.csv not found in C
Warning: Course 1513 from coincidence.csv not found in C
Warning: Course 1522 from coincidence.csv not found in C
Warning: Course 1524 from coincidence.csv not found in C
Warning: Course 1527 from coincidence.csv not found in C
Warning: Course 1611 from coincidence.csv not found in C
Warning: Course 1650 from coincidence.csv not found in C
Warning: Course 1722 from coincidence.csv not found in C
Warning: Course 1731 from coincidence.csv not found in C
Warning: Course 1758 from coincidence.csv not found in C
Warning: Course 1766 from coincidence.csv not found in C
Warning: Course 1767 from coincidence.csv not found in C
Warning: Course 1775 from coincidence.csv not found in C
Warning: Course 1780 from coincidence.csv not found in C
Warning: Course 1818 from coincidence.csv not found in C
Warning: Course 1888 from coincidence.csv not found in C
Warning: Course 1937 from coincidence.csv not found in C
Warning: Course 1940 from coincidence.csv not found in C
Warning: Course 2018 from coincidence.csv not found in C
Warning: Course 2020 from coincidence.csv not found in C
Warning: Course 2040 from coincidence.csv not found in C
Warning: Course 2216 from coincidence.csv not found in C
Warning: Course 2217 from coincidence.csv not found in C
Warning: Course 2412 from coincidence.csv not found in C
Warning: Course 5904 from coincidence.csv not found in C
Warning: Course MI2 from coincidence.csv not found in C
Warning: Course PA563 from coincidence.csv not found in C
Warning: Course TCI29 from coincidence.csv not found in C
Warning: Course TIM10 from coincidence.csv not found in C
Warning: Course TIM11 from coincidence.csv not found in C
Warning: Course TIM12 from coincidence.csv not found in C
Warning: Course TIM13 from coincidence.csv not found in C
Warning: Course TIM22 from coincidence.csv not found in C
Warning: Course TIM50 from coincidence.csv not found in C
Warning: Course 1038 from coincidence.csv not found in C
Warning: Course 1057 from coincidence.csv not found in C
Warning: Course 1057 from coincidence.csv not found in C
Warning: Course 1057 from coincidence.csv not found in C
Warning: Course 1057 from coincidence.csv not found in C
Warning: Course 1057 from coincidence.csv not found in C
Warning: Course 1057 from coincidence.csv not found in C
Warning: Course 1057 from coincidence.csv not found in C
Warning: Course 1057 from coincidence.csv not found in C
Warning: Course 1057 from coincidence.csv not found in C
Warning: Course 1057 from coincidence.csv not found in C
Warning: Course 1057 from coincidence.csv not found in C
Warning: Course 1057 from coincidence.csv not found in C
Warning: Course 1057 from coincidence.csv not found in C
Warning: Course 1057 from coincidence.csv not found in C
Warning: Course 1057 from coincidence.csv not found in C
Warning: Course 1057 from coincidence.csv not found in C
Warning: Course 1057 from coincidence.csv not found in C
Warning: Course 1154 from coincidence.csv not found in C
Warning: Course 1220 from coincidence.csv not found in C
Warning: Course 1266 from coincidence.csv not found in C
Warning: Course 1307 from coincidence.csv not found in C
Warning: Course 1359 from coincidence.csv not found in C
Warning: Course 1373 from coincidence.csv not found in C
Warning: Course 1513 from coincidence.csv not found in C
Warning: Course 1611 from coincidence.csv not found in C
Warning: Course 1780 from coincidence.csv not found in C
Warning: Course 1888 from coincidence.csv not found in C
Warning: Course 2040 from coincidence.csv not found in C
Warning: Course 2231 from coincidence.csv not found in C
Warning: Course 5904 from coincidence.csv not found in C
Warning: Course LIB49 from coincidence.csv not found in C
Warning: Course MI2 from coincidence.csv not found in C
Warning: Course PA355 from coincidence.csv not found in C
Warning: Course PA455 from coincidence.csv not found in C
Warning: Course PA681 from coincidence.csv not found in C
Warning: Course PA684 from coincidence.csv not found in C
Warning: Course PA685 from coincidence.csv not found in C
Warning: Course PA690 from coincidence.csv not found in C
Warning: Course PA97 from coincidence.csv not found in C
Warning: Course PC135 from coincidence.csv not found in C
Warning: Course PC136 from coincidence.csv not found in C
Warning: Course PE95 from coincidence.csv not found in C
Warning: Course PG02 from coincidence.csv not found in C
Warning: Course PG32 from coincidence.csv not found in C
Warning: Course TCI11 from coincidence.csv not found in C
Warning: Course TCI22 from coincidence.csv not found in C
Warning: Course TCI24 from coincidence.csv not found in C
Warning: Course TCI29 from coincidence.csv not found in C
Warning: Course TI04 from coincidence.csv not found in C
Warning: Course TI12 from coincidence.csv not found in C
Warning: Course TI14 from coincidence.csv not found in C
Warning: Course TI15 from coincidence.csv not found in C
Warning: Course TI21 from coincidence.csv not found in C
Warning: Course TI24 from coincidence.csv not found in C
Warning: Course TIM10 from coincidence.csv not found in C
Warning: Course TIM11 from coincidence.csv not found in C
Warning: Course TIM12 from coincidence.csv not found in C
Warning: Course TIM13 from coincidence.csv not found in C
Warning: Course TIM14 from coincidence.csv not found in C
Warning: Course TIM20 from coincidence.csv not found in C
Warning: Course TIM41 from coincidence.csv not found in C
Warning: Course TIM42 from coincidence.csv not found in C
Warning: Course TIM50 from coincidence.csv not found in C
Warning: Course 1131 from coincidence.csv not found in C
Warning: Course 1154 from coincidence.csv not found in C
Warning: Course 1215 from coincidence.csv not found in C
Warning: Course 1220 from coincidence.csv not found in C
Warning: Course 1266 from coincidence.csv not found in C
Warning: Course 1270 from coincidence.csv not found in C
Warning: Course 1307 from coincidence.csv not found in C
Warning: Course 1324 from coincidence.csv not found in C
Warning: Course 1340 from coincidence.csv not found in C
Warning: Course 1353 from coincidence.csv not found in C
Warning: Course 1354 from coincidence.csv not found in C
Warning: Course 1359 from coincidence.csv not found in C
Warning: Course 1373 from coincidence.csv not found in C
Warning: Course 1434 from coincidence.csv not found in C
Warning: Course 1464 from coincidence.csv not found in C
Warning: Course 1465 from coincidence.csv not found in C
Warning: Course 1513 from coincidence.csv not found in C
Warning: Course 1522 from coincidence.csv not found in C
Warning: Course 1527 from coincidence.csv not found in C
Warning: Course 1611 from coincidence.csv not found in C
Warning: Course 1650 from coincidence.csv not found in C
Warning: Course 1731 from coincidence.csv not found in C
Warning: Course 1766 from coincidence.csv not found in C
Warning: Course 1767 from coincidence.csv not found in C
Warning: Course 1775 from coincidence.csv not found in C
Warning: Course 1776 from coincidence.csv not found in C
Warning: Course 1780 from coincidence.csv not found in C
Warning: Course 1828 from coincidence.csv not found in C
Warning: Course 1888 from coincidence.csv not found in C
Warning: Course 1938 from coincidence.csv not found in C
Warning: Course 2001 from coincidence.csv not found in C
Warning: Course 2040 from coincidence.csv not found in C
Warning: Course 2216 from coincidence.csv not found in C
Warning: Course 2217 from coincidence.csv not found in C
Warning: Course 2231 from coincidence.csv not found in C
Warning: Course 2240 from coincidence.csv not found in C
Warning: Course 2244 from coincidence.csv not found in C
Warning: Course 2412 from coincidence.csv not found in C
Warning: Course 5904 from coincidence.csv not found in C
Warning: Course 5916 from coincidence.csv not found in C
Warning: Course LIB49 from coincidence.csv not found in C
Warning: Course PA563 from coincidence.csv not found in C
Warning: Course PA684 from coincidence.csv not found in C
Warning: Course PM60 from coincidence.csv not found in C
Warning: Course TCI24 from coincidence.csv not found in C
Warning: Course TIM10 from coincidence.csv not found in C
Warning: Course TIM11 from coincidence.csv not found in C
Warning: Course TIM12 from coincidence.csv not found in C
Warning: Course TIM13 from coincidence.csv not found in C
Warning: Course TIM14 from coincidence.csv not found in C
Warning: Course TIM20 from coincidence.csv not found in C
Warning: Course TIM50 from coincidence.csv not found in C
Warning: Course TIM51 from coincidence.csv not found in C
Warning: Course TIM55 from coincidence.csv not found in C
Warning: Course TIM61 from coincidence.csv not found in C
Warning: Course 1038 from coincidence.csv not found in C
Warning: Course 1057 from coincidence.csv not found in C
Warning: Course 1131 from coincidence.csv not found in C
Warning: Course 1154 from coincidence.csv not found in C
Warning: Course 1209 from coincidence.csv not found in C
Warning: Course 1215 from coincidence.csv not found in C
Warning: Course 1220 from coincidence.csv not found in C
Warning: Course 1266 from coincidence.csv not found in C
Warning: Course 1307 from coincidence.csv not found in C
Warning: Course 1324 from coincidence.csv not found in C
Warning: Course 1340 from coincidence.csv not found in C
Warning: Course 1353 from coincidence.csv not found in C
Warning: Course 1354 from coincidence.csv not found in C
Warning: Course 1359 from coincidence.csv not found in C
Warning: Course 1373 from coincidence.csv not found in C
Warning: Course 1418 from coincidence.csv not found in C
Warning: Course 1419 from coincidence.csv not found in C
Warning: Course 1450 from coincidence.csv not found in C
Warning: Course 1464 from coincidence.csv not found in C
Warning: Course 1465 from coincidence.csv not found in C
Warning: Course 1513 from coincidence.csv not found in C
Warning: Course 1522 from coincidence.csv not found in C
Warning: Course 1524 from coincidence.csv not found in C
Warning: Course 1527 from coincidence.csv not found in C
Warning: Course 1539 from coincidence.csv not found in C
Warning: Course 1545 from coincidence.csv not found in C
Warning: Course 1611 from coincidence.csv not found in C
Warning: Course 1650 from coincidence.csv not found in C
Warning: Course 1700 from coincidence.csv not found in C
Warning: Course 1730 from coincidence.csv not found in C
Warning: Course 1774 from coincidence.csv not found in C
Warning: Course 1775 from coincidence.csv not found in C
Warning: Course 1776 from coincidence.csv not found in C
Warning: Course 1780 from coincidence.csv not found in C
Warning: Course 1781 from coincidence.csv not found in C
Warning: Course 1835 from coincidence.csv not found in C
Warning: Course 1857 from coincidence.csv not found in C
Warning: Course 1871 from coincidence.csv not found in C
Warning: Course 1920 from coincidence.csv not found in C
Warning: Course 1940 from coincidence.csv not found in C
Warning: Course 1942 from coincidence.csv not found in C
Warning: Course 2001 from coincidence.csv not found in C
Warning: Course 2018 from coincidence.csv not found in C
Warning: Course 2020 from coincidence.csv not found in C
Warning: Course 2040 from coincidence.csv not found in C
Warning: Course 2098 from coincidence.csv not found in C
Warning: Course 2216 from coincidence.csv not found in C
Warning: Course 2217 from coincidence.csv not found in C
Warning: Course 2230 from coincidence.csv not found in C
Warning: Course 2231 from coincidence.csv not found in C
Warning: Course 2240 from coincidence.csv not found in C
Warning: Course 2244 from coincidence.csv not found in C
Warning: Course 2391 from coincidence.csv not found in C
Warning: Course 2412 from coincidence.csv not found in C
Warning: Course 2414 from coincidence.csv not found in C
Warning: Course 2415 from coincidence.csv not found in C
Warning: Course 2504 from coincidence.csv not found in C
Warning: Course 3207 from coincidence.csv not found in C
Warning: Course 3334 from coincidence.csv not found in C
Warning: Course 5005 from coincidence.csv not found in C
Warning: Course 5715 from coincidence.csv not found in C
Warning: Course 5904 from coincidence.csv not found in C
Warning: Course 5916 from coincidence.csv not found in C
Warning: Course Q13 from coincidence.csv not found in C
Warning: Course Q68 from coincidence.csv not found in C
Warning: Course TCI21 from coincidence.csv not found in C
Warning: Course TCI24 from coincidence.csv not found in C
Warning: Course TIM10 from coincidence.csv not found in C
Warning: Course TIM11 from coincidence.csv not found in C
Warning: Course TIM12 from coincidence.csv not found in C
Warning: Course TIM13 from coincidence.csv not found in C
Warning: Course 1129 from coincidence.csv not found in C
Warning: Course 1131 from coincidence.csv not found in C
Warning: Course 1209 from coincidence.csv not found in C
Warning: Course 1215 from coincidence.csv not found in C
Warning: Course 1266 from coincidence.csv not found in C
Warning: Course 1307 from coincidence.csv not found in C
Warning: Course 1316 from coincidence.csv not found in C
Warning: Course 1324 from coincidence.csv not found in C
Warning: Course 1340 from coincidence.csv not found in C
Warning: Course 1354 from coincidence.csv not found in C
Warning: Course 1373 from coincidence.csv not found in C
Warning: Course 1450 from coincidence.csv not found in C
Warning: Course 1456 from coincidence.csv not found in C
Warning: Course 1513 from coincidence.csv not found in C
Warning: Course 1556 from coincidence.csv not found in C
Warning: Course 1650 from coincidence.csv not found in C
Warning: Course 1722 from coincidence.csv not found in C
Warning: Course 1766 from coincidence.csv not found in C
Warning: Course 1767 from coincidence.csv not found in C
Warning: Course 1788 from coincidence.csv not found in C
Warning: Course 1857 from coincidence.csv not found in C
Warning: Course 1868 from coincidence.csv not found in C
Warning: Course 1871 from coincidence.csv not found in C
Warning: Course 1886 from coincidence.csv not found in C
Warning: Course 1920 from coincidence.csv not found in C
Warning: Course 1940 from coincidence.csv not found in C
Warning: Course 2001 from coincidence.csv not found in C
Warning: Course 2004 from coincidence.csv not found in C
Warning: Course 2011 from coincidence.csv not found in C
Warning: Course 2013 from coincidence.csv not found in C
Warning: Course 2018 from coincidence.csv not found in C
Warning: Course 2020 from coincidence.csv not found in C
Warning: Course 2099 from coincidence.csv not found in C
Warning: Course 2391 from coincidence.csv not found in C
Warning: Course 3334 from coincidence.csv not found in C
Warning: Course 5603 from coincidence.csv not found in C
Warning: Course 5705 from coincidence.csv not found in C
Warning: Course 5720 from coincidence.csv not found in C
Warning: Course 5815 from coincidence.csv not found in C
Warning: Course 5828 from coincidence.csv not found in C
Warning: Course LIB49 from coincidence.csv not found in C
Warning: Course PA243 from coincidence.csv not found in C
Warning: Course PA524 from coincidence.csv not found in C
Warning: Course 1209 from coincidence.csv not found in C
Warning: Course 1220 from coincidence.csv not found in C
Warning: Course 1266 from coincidence.csv not found in C
Warning: Course 1307 from coincidence.csv not found in C
Warning: Course 1324 from coincidence.csv not found in C
Warning: Course 1373 from coincidence.csv not found in C
Warning: Course 1456 from coincidence.csv not found in C
Warning: Course 1556 from coincidence.csv not found in C
Warning: Course 1700 from coincidence.csv not found in C
Warning: Course 1722 from coincidence.csv not found in C
Warning: Course 1868 from coincidence.csv not found in C
Warning: Course 2001 from coincidence.csv not found in C
Warning: Course 2011 from coincidence.csv not found in C
Warning: Course 2013 from coincidence.csv not found in C
Warning: Course 2018 from coincidence.csv not found in C
Warning: Course 2020 from coincidence.csv not found in C
Warning: Course 2022 from coincidence.csv not found in C
Warning: Course 2032 from coincidence.csv not found in C
Warning: Course 2099 from coincidence.csv not found in C
Warning: Course 2210 from coincidence.csv not found in C
Warning: Course 2211 from coincidence.csv not found in C
Warning: Course 2216 from coincidence.csv not found in C
Warning: Course 2217 from coincidence.csv not found in C
Warning: Course 2403 from coincidence.csv not found in C
Warning: Course 2414 from coincidence.csv not found in C
Warning: Course 5005 from coincidence.csv not found in C
Warning: Course 5603 from coincidence.csv not found in C
Warning: Course 5705 from coincidence.csv not found in C
Warning: Course 5720 from coincidence.csv not found in C
Warning: Course 5828 from coincidence.csv not found in C
Warning: Course 5839 from coincidence.csv not found in C
Warning: Course 5904 from coincidence.csv not found in C
Warning: Course TI21 from coincidence.csv not found in C
Warning: Course TIM51 from coincidence.csv not found in C
Warning: Course 1129 from coincidence.csv not found in C
Warning: Course 1129 from coincidence.csv not found in C
Warning: Course 1129 from coincidence.csv not found in C
Warning: Course 1129 from coincidence.csv not found in C
Warning: Course 1131 from coincidence.csv not found in C
Warning: Course 1131 from coincidence.csv not found in C
Warning: Course 1131 from coincidence.csv not found in C
Warning: Course 1131 from coincidence.csv not found in C
Warning: Course 1131 from coincidence.csv not found in C
Warning: Course 1131 from coincidence.csv not found in C
Warning: Course 1131 from coincidence.csv not found in C
Warning: Course 1131 from coincidence.csv not found in C
Warning: Course 1131 from coincidence.csv not found in C
Warning: Course 1131 from coincidence.csv not found in C
Warning: Course 1131 from coincidence.csv not found in C
Warning: Course 1131 from coincidence.csv not found in C
Warning: Course 1131 from coincidence.csv not found in C
Warning: Course 1131 from coincidence.csv not found in C
Warning: Course 1131 from coincidence.csv not found in C
Warning: Course 1131 from coincidence.csv not found in C
Warning: Course 1131 from coincidence.csv not found in C
Warning: Course 1131 from coincidence.csv not found in C
Warning: Course 1131 from coincidence.csv not found in C
Warning: Course 1131 from coincidence.csv not found in C
Warning: Course 1131 from coincidence.csv not found in C
Warning: Course 1131 from coincidence.csv not found in C
Warning: Course 1131 from coincidence.csv not found in C
Warning: Course 1131 from coincidence.csv not found in C
Warning: Course 1131 from coincidence.csv not found in C
Warning: Course 1131 from coincidence.csv not found in C
Warning: Course 1131 from coincidence.csv not found in C
Warning: Course 1131 from coincidence.csv not found in C
Warning: Course 1131 from coincidence.csv not found in C
Warning: Course 1131 from coincidence.csv not found in C
Warning: Course 1131 from coincidence.csv not found in C
Warning: Course 1131 from coincidence.csv not found in C
Warning: Course 1131 from coincidence.csv not found in C
Warning: Course 1131 from coincidence.csv not found in C
Warning: Course 1131 from coincidence.csv not found in C
Warning: Course 1131 from coincidence.csv not found in C
Warning: Course 1131 from coincidence.csv not found in C
Warning: Course 1131 from coincidence.csv not found in C
Warning: Course 1131 from coincidence.csv not found in C
Warning: Course 1140 from coincidence.csv not found in C
Warning: Course 1140 from coincidence.csv not found in C
Warning: Course 1140 from coincidence.csv not found in C
Warning: Course 1140 from coincidence.csv not found in C
Warning: Course 1140 from coincidence.csv not found in C
Warning: Course 1140 from coincidence.csv not found in C
Warning: Course 1057 from coincidence.csv not found in C
Warning: Course 1131 from coincidence.csv not found in C
Warning: Course 1213 from coincidence.csv not found in C
Warning: Course 1215 from coincidence.csv not found in C
Warning: Course 1220 from coincidence.csv not found in C
Warning: Course 1266 from coincidence.csv not found in C
Warning: Course 1307 from coincidence.csv not found in C
Warning: Course 1316 from coincidence.csv not found in C
Warning: Course 1324 from coincidence.csv not found in C
Warning: Course 1340 from coincidence.csv not found in C
Warning: Course 1354 from coincidence.csv not found in C
Warning: Course 1359 from coincidence.csv not found in C
Warning: Course 1373 from coincidence.csv not found in C
Warning: Course 1464 from coincidence.csv not found in C
Warning: Course 1465 from coincidence.csv not found in C
Warning: Course 1513 from coincidence.csv not found in C
Warning: Course 1522 from coincidence.csv not found in C
Warning: Course 1524 from coincidence.csv not found in C
Warning: Course 1527 from coincidence.csv not found in C
Warning: Course 1611 from coincidence.csv not found in C
Warning: Course 1631 from coincidence.csv not found in C
Warning: Course 1650 from coincidence.csv not found in C
Warning: Course 1730 from coincidence.csv not found in C
Warning: Course 1731 from coincidence.csv not found in C
Warning: Course 1749 from coincidence.csv not found in C
Warning: Course 1758 from coincidence.csv not found in C
Warning: Course 1766 from coincidence.csv not found in C
Warning: Course 1767 from coincidence.csv not found in C
Warning: Course 1774 from coincidence.csv not found in C
Warning: Course 1775 from coincidence.csv not found in C
Warning: Course 1776 from coincidence.csv not found in C
Warning: Course 1780 from coincidence.csv not found in C
Warning: Course 1781 from coincidence.csv not found in C
Warning: Course 1828 from coincidence.csv not found in C
Warning: Course 1835 from coincidence.csv not found in C
Warning: Course 1871 from coincidence.csv not found in C
Warning: Course 1876 from coincidence.csv not found in C
Warning: Course 1886 from coincidence.csv not found in C
Warning: Course 1888 from coincidence.csv not found in C
Warning: Course 1898 from coincidence.csv not found in C
Warning: Course 1937 from coincidence.csv not found in C
Warning: Course 1938 from coincidence.csv not found in C
Warning: Course 1942 from coincidence.csv not found in C
Warning: Course 1952 from coincidence.csv not found in C
Warning: Course 2018 from coincidence.csv not found in C
Warning: Course 2020 from coincidence.csv not found in C
Warning: Course 2040 from coincidence.csv not found in C
Warning: Course 2216 from coincidence.csv not found in C
Warning: Course 2217 from coincidence.csv not found in C
Warning: Course 2412 from coincidence.csv not found in C
Warning: Course 2414 from coincidence.csv not found in C
Warning: Course 3207 from coincidence.csv not found in C
Warning: Course 5828 from coincidence.csv not found in C
Warning: Course 5904 from coincidence.csv not found in C
Warning: Course 5916 from coincidence.csv not found in C
Warning: Course LIB49 from coincidence.csv not found in C
Warning: Course MI2 from coincidence.csv not found in C
Warning: Course PA97 from coincidence.csv not found in C
Warning: Course Q13 from coincidence.csv not found in C
Warning: Course TCI11 from coincidence.csv not found in C
Warning: Course TCI21 from coincidence.csv not found in C
Warning: Course TI02 from coincidence.csv not found in C
Warning: Course TI11 from coincidence.csv not found in C
Warning: Course TI12 from coincidence.csv not found in C
Warning: Course TI25 from coincidence.csv not found in C
Warning: Course TI26 from coincidence.csv not found in C
Warning: Course TIM10 from coincidence.csv not found in C
Warning: Course TIM11 from coincidence.csv not found in C
Warning: Course TIM12 from coincidence.csv not found in C
Warning: Course TIM13 from coincidence.csv not found in C
Warning: Course TIM14 from coincidence.csv not found in C
Warning: Course TIM20 from coincidence.csv not found in C
Warning: Course TIM22 from coincidence.csv not found in C
Warning: Course TIM50 from coincidence.csv not found in C
Warning: Course 1154 from coincidence.csv not found in C
Warning: Course 1209 from coincidence.csv not found in C
Warning: Course 1215 from coincidence.csv not found in C
Warning: Course 1220 from coincidence.csv not found in C
Warning: Course 1266 from coincidence.csv not found in C
Warning: Course 1307 from coincidence.csv not found in C
Warning: Course 1316 from coincidence.csv not found in C
Warning: Course 1324 from coincidence.csv not found in C
Warning: Course 1340 from coincidence.csv not found in C
Warning: Course 1359 from coincidence.csv not found in C
Warning: Course 1373 from coincidence.csv not found in C
Warning: Course 1418 from coincidence.csv not found in C
Warning: Course 1419 from coincidence.csv not found in C
Warning: Course 1421 from coincidence.csv not found in C
Warning: Course 1450 from coincidence.csv not found in C
Warning: Course 1464 from coincidence.csv not found in C
Warning: Course 1465 from coincidence.csv not found in C
Warning: Course 1513 from coincidence.csv not found in C
Warning: Course 1524 from coincidence.csv not found in C
Warning: Course 1556 from coincidence.csv not found in C
Warning: Course 1611 from coincidence.csv not found in C
Warning: Course 1650 from coincidence.csv not found in C
Warning: Course 1700 from coincidence.csv not found in C
Warning: Course 1731 from coincidence.csv not found in C
Warning: Course 1758 from coincidence.csv not found in C
Warning: Course 1776 from coincidence.csv not found in C
Warning: Course 1857 from coincidence.csv not found in C
Warning: Course 1871 from coincidence.csv not found in C
Warning: Course 1940 from coincidence.csv not found in C
Warning: Course 2001 from coincidence.csv not found in C
Warning: Course 2040 from coincidence.csv not found in C
Warning: Course 2110 from coincidence.csv not found in C
Warning: Course 2216 from coincidence.csv not found in C
Warning: Course 2217 from coincidence.csv not found in C
Warning: Course 2247 from coincidence.csv not found in C
Warning: Course 2412 from coincidence.csv not found in C
Warning: Course 2414 from coincidence.csv not found in C
Warning: Course 2804 from coincidence.csv not found in C
Warning: Course 5828 from coincidence.csv not found in C
Warning: Course 5904 from coincidence.csv not found in C
Warning: Course 5916 from coincidence.csv not found in C
Warning: Course LIB49 from coincidence.csv not found in C
Warning: Course LIB55 from coincidence.csv not found in C
Warning: Course MI2 from coincidence.csv not found in C
Warning: Course TIM10 from coincidence.csv not found in C
Warning: Course TIM11 from coincidence.csv not found in C
Warning: Course TIM12 from coincidence.csv not found in C
Warning: Course TIM13 from coincidence.csv not found in C
Warning: Course TIM14 from coincidence.csv not found in C
Warning: Course TIM50 from coincidence.csv not found in C
Warning: Course TIM81 from coincidence.csv not found in C
Warning: Course 1038 from coincidence.csv not found in C
Warning: Course 1057 from coincidence.csv not found in C
Warning: Course 1154 from coincidence.csv not found in C
Warning: Course 1209 from coincidence.csv not found in C
Warning: Course 1215 from coincidence.csv not found in C
Warning: Course 1220 from coincidence.csv not found in C
Warning: Course 1266 from coincidence.csv not found in C
Warning: Course 1307 from coincidence.csv not found in C
Warning: Course 1324 from coincidence.csv not found in C
Warning: Course 1340 from coincidence.csv not found in C
Warning: Course 1354 from coincidence.csv not found in C
Warning: Course 1359 from coincidence.csv not found in C
Warning: Course 1373 from coincidence.csv not found in C
Warning: Course 1418 from coincidence.csv not found in C
Warning: Course 1419 from coincidence.csv not found in C
Warning: Course 1421 from coincidence.csv not found in C
Warning: Course 1450 from coincidence.csv not found in C
Warning: Course 1464 from coincidence.csv not found in C
Warning: Course 1465 from coincidence.csv not found in C
Warning: Course 1513 from coincidence.csv not found in C
Warning: Course 1522 from coincidence.csv not found in C
Warning: Course 1524 from coincidence.csv not found in C
Warning: Course 1527 from coincidence.csv not found in C
Warning: Course 1539 from coincidence.csv not found in C
Warning: Course 1611 from coincidence.csv not found in C
Warning: Course 1631 from coincidence.csv not found in C
Warning: Course 1650 from coincidence.csv not found in C
Warning: Course 1700 from coincidence.csv not found in C
Warning: Course 1758 from coincidence.csv not found in C
Warning: Course 1767 from coincidence.csv not found in C
Warning: Course 1780 from coincidence.csv not found in C
Warning: Course 1871 from coincidence.csv not found in C
Warning: Course 1920 from coincidence.csv not found in C
Warning: Course 1940 from coincidence.csv not found in C
Warning: Course 1942 from coincidence.csv not found in C
Warning: Course 2001 from coincidence.csv not found in C
Warning: Course 2018 from coincidence.csv not found in C
Warning: Course 2020 from coincidence.csv not found in C
Warning: Course 2032 from coincidence.csv not found in C
Warning: Course 2098 from coincidence.csv not found in C
Warning: Course 2110 from coincidence.csv not found in C
Warning: Course 2216 from coincidence.csv not found in C
Warning: Course 2217 from coincidence.csv not found in C
Warning: Course 2247 from coincidence.csv not found in C
Warning: Course 2355 from coincidence.csv not found in C
Warning: Course 2405 from coincidence.csv not found in C
Warning: Course 2411 from coincidence.csv not found in C
Warning: Course 2412 from coincidence.csv not found in C
Warning: Course 2414 from coincidence.csv not found in C
Warning: Course 2419 from coincidence.csv not found in C
Warning: Course 2504 from coincidence.csv not found in C
Warning: Course 3334 from coincidence.csv not found in C
Warning: Course 5828 from coincidence.csv not found in C
Warning: Course 5904 from coincidence.csv not found in C
Warning: Course LIB49 from coincidence.csv not found in C
Warning: Course Q13 from coincidence.csv not found in C
Warning: Course Q16 from coincidence.csv not found in C
Warning: Course Q624 from coincidence.csv not found in C
Warning: Course Q68 from coincidence.csv not found in C
Warning: Course TCI21 from coincidence.csv not found in C
Warning: Course TIM10 from coincidence.csv not found in C
Warning: Course TIM11 from coincidence.csv not found in C
Warning: Course TIM12 from coincidence.csv not found in C
Warning: Course TIM13 from coincidence.csv not found in C
Warning: Course TIM14 from coincidence.csv not found in C
Warning: Course TIM22 from coincidence.csv not found in C
Warning: Course TIM50 from coincidence.csv not found in C
Warning: Course TIM81 from coincidence.csv not found in C
Warning: Course 1154 from coincidence.csv not found in C
Warning: Course 1154 from coincidence.csv not found in C
Warning: Course 1154 from coincidence.csv not found in C
Warning: Course 1154 from coincidence.csv not found in C
Warning: Course 1154 from coincidence.csv not found in C
Warning: Course 1154 from coincidence.csv not found in C
Warning: Course 1154 from coincidence.csv not found in C
Warning: Course 1154 from coincidence.csv not found in C
Warning: Course 1154 from coincidence.csv not found in C
Warning: Course 1154 from coincidence.csv not found in C
Warning: Course 1154 from coincidence.csv not found in C
Warning: Course 1154 from coincidence.csv not found in C
Warning: Course 1154 from coincidence.csv not found in C
Warning: Course 1154 from coincidence.csv not found in C
Warning: Course 1154 from coincidence.csv not found in C
Warning: Course 1154 from coincidence.csv not found in C
Warning: Course 1154 from coincidence.csv not found in C
Warning: Course 1154 from coincidence.csv not found in C
Warning: Course 1154 from coincidence.csv not found in C
Warning: Course 1154 from coincidence.csv not found in C
Warning: Course 1154 from coincidence.csv not found in C
Warning: Course 1154 from coincidence.csv not found in C
Warning: Course 1154 from coincidence.csv not found in C
Warning: Course 1154 from coincidence.csv not found in C
Warning: Course 1154 from coincidence.csv not found in C
Warning: Course 1154 from coincidence.csv not found in C
Warning: Course 1154 from coincidence.csv not found in C
Warning: Course 1154 from coincidence.csv not found in C
Warning: Course 1154 from coincidence.csv not found in C
Warning: Course 1154 from coincidence.csv not found in C
Warning: Course 1154 from coincidence.csv not found in C
Warning: Course 1154 from coincidence.csv not found in C
Warning: Course 1154 from coincidence.csv not found in C
Warning: Course 1154 from coincidence.csv not found in C
Warning: Course 1154 from coincidence.csv not found in C
Warning: Course 1154 from coincidence.csv not found in C
Warning: Course 1154 from coincidence.csv not found in C
Warning: Course 1154 from coincidence.csv not found in C
Warning: Course 1154 from coincidence.csv not found in C
Warning: Course 1154 from coincidence.csv not found in C
Warning: Course 1154 from coincidence.csv not found in C
Warning: Course 1154 from coincidence.csv not found in C
Warning: Course 1154 from coincidence.csv not found in C
Warning: Course 1154 from coincidence.csv not found in C
Warning: Course 1154 from coincidence.csv not found in C
Warning: Course 1154 from coincidence.csv not found in C
Warning: Course 1154 from coincidence.csv not found in C
Warning: Course 1154 from coincidence.csv not found in C
Warning: Course 1154 from coincidence.csv not found in C
Warning: Course 1154 from coincidence.csv not found in C
Warning: Course 1154 from coincidence.csv not found in C
Warning: Course 1154 from coincidence.csv not found in C
Warning: Course 1154 from coincidence.csv not found in C
Warning: Course 1154 from coincidence.csv not found in C
Warning: Course 1154 from coincidence.csv not found in C
Warning: Course 1154 from coincidence.csv not found in C
Warning: Course 1154 from coincidence.csv not found in C
Warning: Course 1154 from coincidence.csv not found in C
Warning: Course 1154 from coincidence.csv not found in C
Warning: Course 1154 from coincidence.csv not found in C
Warning: Course 1154 from coincidence.csv not found in C
Warning: Course 1154 from coincidence.csv not found in C
Warning: Course 1154 from coincidence.csv not found in C
Warning: Course 1154 from coincidence.csv not found in C
Warning: Course 1154 from coincidence.csv not found in C
Warning: Course 1154 from coincidence.csv not found in C
Warning: Course 1154 from coincidence.csv not found in C
Warning: Course 1154 from coincidence.csv not found in C
Warning: Course 1154 from coincidence.csv not found in C
Warning: Course 1154 from coincidence.csv not found in C
Warning: Course 1154 from coincidence.csv not found in C
Warning: Course 1154 from coincidence.csv not found in C
Warning: Course 1154 from coincidence.csv not found in C
Warning: Course 1154 from coincidence.csv not found in C
Warning: Course 1208 from coincidence.csv not found in C
Warning: Course 1208 from coincidence.csv not found in C
Warning: Course 1208 from coincidence.csv not found in C
Warning: Course 1208 from coincidence.csv not found in C
Warning: Course 1208 from coincidence.csv not found in C
Warning: Course 1209 from coincidence.csv not found in C
Warning: Course 1209 from coincidence.csv not found in C
Warning: Course 1209 from coincidence.csv not found in C
Warning: Course 1209 from coincidence.csv not found in C
Warning: Course 1209 from coincidence.csv not found in C
Warning: Course 1209 from coincidence.csv not found in C
Warning: Course 1213 from coincidence.csv not found in C
Warning: Course 1213 from coincidence.csv not found in C
Warning: Course 1213 from coincidence.csv not found in C
Warning: Course 1213 from coincidence.csv not found in C
Warning: Course 1213 from coincidence.csv not found in C
Warning: Course 1213 from coincidence.csv not found in C
Warning: Course 1213 from coincidence.csv not found in C
Warning: Course 1213 from coincidence.csv not found in C
Warning: Course 1213 from coincidence.csv not found in C
Warning: Course 1215 from coincidence.csv not found in C
Warning: Course 1215 from coincidence.csv not found in C
Warning: Course 1215 from coincidence.csv not found in C
Warning: Course 1215 from coincidence.csv not found in C
Warning: Course 1215 from coincidence.csv not found in C
Warning: Course 1220 from coincidence.csv not found in C
Warning: Course 1220 from coincidence.csv not found in C
Warning: Course 1220 from coincidence.csv not found in C
Warning: Course 1220 from coincidence.csv not found in C
Warning: Course 1220 from coincidence.csv not found in C
Warning: Course 1220 from coincidence.csv not found in C
Warning: Course 1235 from coincidence.csv not found in C
Warning: Course 1235 from coincidence.csv not found in C
Warning: Course 1235 from coincidence.csv not found in C
Warning: Course 1235 from coincidence.csv not found in C
Warning: Course 1235 from coincidence.csv not found in C
Warning: Course 1266 from coincidence.csv not found in C
Warning: Course 1266 from coincidence.csv not found in C
Warning: Course 1266 from coincidence.csv not found in C
Warning: Course 1266 from coincidence.csv not found in C
Warning: Course 1266 from coincidence.csv not found in C
Warning: Course 1270 from coincidence.csv not found in C
Warning: Course 1270 from coincidence.csv not found in C
Warning: Course 1270 from coincidence.csv not found in C
Warning: Course 1270 from coincidence.csv not found in C
Warning: Course 1270 from coincidence.csv not found in C
Warning: Course 1270 from coincidence.csv not found in C
Warning: Course 1270 from coincidence.csv not found in C
Warning: Course 1270 from coincidence.csv not found in C
Warning: Course 1270 from coincidence.csv not found in C
Warning: Course 1270 from coincidence.csv not found in C
Warning: Course 1270 from coincidence.csv not found in C
Warning: Course 1270 from coincidence.csv not found in C
Warning: Course 1270 from coincidence.csv not found in C
Warning: Course 1270 from coincidence.csv not found in C
Warning: Course 1270 from coincidence.csv not found in C
Warning: Course 1271 from coincidence.csv not found in C
Warning: Course 1271 from coincidence.csv not found in C
Warning: Course 1271 from coincidence.csv not found in C
Warning: Course 1271 from coincidence.csv not found in C
Warning: Course 1271 from coincidence.csv not found in C
Warning: Course 1271 from coincidence.csv not found in C
Warning: Course 1271 from coincidence.csv not found in C
Warning: Course 1271 from coincidence.csv not found in C
Warning: Course 1271 from coincidence.csv not found in C
Warning: Course 1271 from coincidence.csv not found in C
Warning: Course 1271 from coincidence.csv not found in C
Warning: Course 1271 from coincidence.csv not found in C
Warning: Course 1271 from coincidence.csv not found in C
Warning: Course 1271 from coincidence.csv not found in C
Warning: Course 1271 from coincidence.csv not found in C
Warning: Course 1271 from coincidence.csv not found in C
Warning: Course 1271 from coincidence.csv not found in C
Warning: Course 1271 from coincidence.csv not found in C
Warning: Course 1271 from coincidence.csv not found in C
Warning: Course 1271 from coincidence.csv not found in C
Warning: Course 1271 from coincidence.csv not found in C
Warning: Course 1271 from coincidence.csv not found in C
Warning: Course 1271 from coincidence.csv not found in C
Warning: Course 1271 from coincidence.csv not found in C
Warning: Course 1271 from coincidence.csv not found in C
Warning: Course 1271 from coincidence.csv not found in C
Warning: Course 1271 from coincidence.csv not found in C
Warning: Course 1271 from coincidence.csv not found in C
Warning: Course 1271 from coincidence.csv not found in C
Warning: Course 1271 from coincidence.csv not found in C
Warning: Course 1307 from coincidence.csv not found in C
Warning: Course 1307 from coincidence.csv not found in C
Warning: Course 1307 from coincidence.csv not found in C
Warning: Course 1307 from coincidence.csv not found in C
Warning: Course 1307 from coincidence.csv not found in C
Warning: Course 1307 from coincidence.csv not found in C
Warning: Course 1307 from coincidence.csv not found in C
Warning: Course 1307 from coincidence.csv not found in C
Warning: Course 1307 from coincidence.csv not found in C
Warning: Course 1307 from coincidence.csv not found in C
Warning: Course 1307 from coincidence.csv not found in C
Warning: Course 1307 from coincidence.csv not found in C
Warning: Course 1307 from coincidence.csv not found in C
Warning: Course 1316 from coincidence.csv not found in C
Warning: Course 1316 from coincidence.csv not found in C
Warning: Course 1316 from coincidence.csv not found in C
Warning: Course 1316 from coincidence.csv not found in C
Warning: Course 1316 from coincidence.csv not found in C
Warning: Course 1316 from coincidence.csv not found in C
Warning: Course 1316 from coincidence.csv not found in C
Warning: Course 1316 from coincidence.csv not found in C
Warning: Course 1316 from coincidence.csv not found in C
Warning: Course 1316 from coincidence.csv not found in C
Warning: Course 1316 from coincidence.csv not found in C
Warning: Course 1316 from coincidence.csv not found in C
Warning: Course 1316 from coincidence.csv not found in C
Warning: Course 1316 from coincidence.csv not found in C
Warning: Course 1316 from coincidence.csv not found in C
Warning: Course 1316 from coincidence.csv not found in C
Warning: Course 1316 from coincidence.csv not found in C
Warning: Course 1316 from coincidence.csv not found in C
Warning: Course 1316 from coincidence.csv not found in C
Warning: Course 1316 from coincidence.csv not found in C
Warning: Course 1316 from coincidence.csv not found in C
Warning: Course 1316 from coincidence.csv not found in C
Warning: Course 1316 from coincidence.csv not found in C
Warning: Course 1316 from coincidence.csv not found in C
Warning: Course 1316 from coincidence.csv not found in C
Warning: Course 1316 from coincidence.csv not found in C
Warning: Course 1316 from coincidence.csv not found in C
Warning: Course 1316 from coincidence.csv not found in C
Warning: Course 1316 from coincidence.csv not found in C
Warning: Course 1316 from coincidence.csv not found in C
Warning: Course 1316 from coincidence.csv not found in C
Warning: Course 1266 from coincidence.csv not found in C
Warning: Course 1307 from coincidence.csv not found in C
Warning: Course 1324 from coincidence.csv not found in C
Warning: Course 1456 from coincidence.csv not found in C
Warning: Course 1465 from coincidence.csv not found in C
Warning: Course 1556 from coincidence.csv not found in C
Warning: Course 1780 from coincidence.csv not found in C
Warning: Course 1888 from coincidence.csv not found in C
Warning: Course 2013 from coincidence.csv not found in C
Warning: Course 2099 from coincidence.csv not found in C
Warning: Course 2216 from coincidence.csv not found in C
Warning: Course 2217 from coincidence.csv not found in C
Warning: Course 2411 from coincidence.csv not found in C
Warning: Course 5828 from coincidence.csv not found in C
Warning: Course 5853 from coincidence.csv not found in C
Warning: Course 5904 from coincidence.csv not found in C
Warning: Course 5906 from coincidence.csv not found in C
Warning: Course LIB49 from coincidence.csv not found in C
Warning: Course LIB55 from coincidence.csv not found in C
Warning: Course Q68 from coincidence.csv not found in C
Warning: Course 1220 from coincidence.csv not found in C
Warning: Course 1722 from coincidence.csv not found in C
Warning: Course 5904 from coincidence.csv not found in C
Warning: Course PA439 from coincidence.csv not found in C
Warning: Course 1324 from coincidence.csv not found in C
Warning: Course 1324 from coincidence.csv not found in C
Warning: Course 1324 from coincidence.csv not found in C
Warning: Course 1324 from coincidence.csv not found in C
Warning: Course 1324 from coincidence.csv not found in C
Warning: Course 1324 from coincidence.csv not found in C
Warning: Course 1324 from coincidence.csv not found in C
Warning: Course 1324 from coincidence.csv not found in C
Warning: Course 1324 from coincidence.csv not found in C
Warning: Course 1324 from coincidence.csv not found in C
Warning: Course 1324 from coincidence.csv not found in C
Warning: Course 1324 from coincidence.csv not found in C
Warning: Course 1324 from coincidence.csv not found in C
Warning: Course 1324 from coincidence.csv not found in C
Warning: Course 1324 from coincidence.csv not found in C
Warning: Course 1324 from coincidence.csv not found in C
Warning: Course 1324 from coincidence.csv not found in C
Warning: Course 1324 from coincidence.csv not found in C
Warning: Course 1324 from coincidence.csv not found in C
Warning: Course 1886 from coincidence.csv not found in C
Warning: Course 2216 from coincidence.csv not found in C
Warning: Course 2217 from coincidence.csv not found in C
Warning: Course 5828 from coincidence.csv not found in C
Warning: Course PA243 from coincidence.csv not found in C
Warning: Course 1340 from coincidence.csv not found in C
Warning: Course 1340 from coincidence.csv not found in C
Warning: Course 1340 from coincidence.csv not found in C
Warning: Course 1340 from coincidence.csv not found in C
Warning: Course 1340 from coincidence.csv not found in C
Warning: Course 1340 from coincidence.csv not found in C
Warning: Course 1340 from coincidence.csv not found in C
Warning: Course 1340 from coincidence.csv not found in C
Warning: Course 1340 from coincidence.csv not found in C
Warning: Course 1340 from coincidence.csv not found in C
Warning: Course 1340 from coincidence.csv not found in C
Warning: Course 1340 from coincidence.csv not found in C
Warning: Course 1340 from coincidence.csv not found in C
Warning: Course 1340 from coincidence.csv not found in C
Warning: Course 1340 from coincidence.csv not found in C
Warning: Course 1340 from coincidence.csv not found in C
Warning: Course 1340 from coincidence.csv not found in C
Warning: Course 1340 from coincidence.csv not found in C
Warning: Course 1340 from coincidence.csv not found in C
Warning: Course 1340 from coincidence.csv not found in C
Warning: Course 1347 from coincidence.csv not found in C
Warning: Course 1347 from coincidence.csv not found in C
Warning: Course 1347 from coincidence.csv not found in C
Warning: Course 1347 from coincidence.csv not found in C
Warning: Course 1347 from coincidence.csv not found in C
Warning: Course 1347 from coincidence.csv not found in C
Warning: Course 1347 from coincidence.csv not found in C
Warning: Course 1347 from coincidence.csv not found in C
Warning: Course 1347 from coincidence.csv not found in C
Warning: Course 1347 from coincidence.csv not found in C
Warning: Course 1347 from coincidence.csv not found in C
Warning: Course 1347 from coincidence.csv not found in C
Warning: Course 1347 from coincidence.csv not found in C
Warning: Course 1347 from coincidence.csv not found in C
Warning: Course 1352 from coincidence.csv not found in C
Warning: Course 1352 from coincidence.csv not found in C
Warning: Course 1352 from coincidence.csv not found in C
Warning: Course 1352 from coincidence.csv not found in C
Warning: Course 1352 from coincidence.csv not found in C
Warning: Course 1352 from coincidence.csv not found in C
Warning: Course 1352 from coincidence.csv not found in C
Warning: Course 1352 from coincidence.csv not found in C
Warning: Course 1352 from coincidence.csv not found in C
Warning: Course 1352 from coincidence.csv not found in C
Warning: Course 1352 from coincidence.csv not found in C
Warning: Course 1352 from coincidence.csv not found in C
Warning: Course 1352 from coincidence.csv not found in C
Warning: Course 1352 from coincidence.csv not found in C
Warning: Course 1352 from coincidence.csv not found in C
Warning: Course 1352 from coincidence.csv not found in C
Warning: Course 1352 from coincidence.csv not found in C
Warning: Course 1352 from coincidence.csv not found in C
Warning: Course 1352 from coincidence.csv not found in C
Warning: Course 1352 from coincidence.csv not found in C
Warning: Course 1353 from coincidence.csv not found in C
Warning: Course 1353 from coincidence.csv not found in C
Warning: Course 1353 from coincidence.csv not found in C
Warning: Course 1353 from coincidence.csv not found in C
Warning: Course 1353 from coincidence.csv not found in C
Warning: Course 1353 from coincidence.csv not found in C
Warning: Course 1353 from coincidence.csv not found in C
Warning: Course 1353 from coincidence.csv not found in C
Warning: Course 1353 from coincidence.csv not found in C
Warning: Course 1353 from coincidence.csv not found in C
Warning: Course 1353 from coincidence.csv not found in C
Warning: Course 1353 from coincidence.csv not found in C
Warning: Course 1353 from coincidence.csv not found in C
Warning: Course 1353 from coincidence.csv not found in C
Warning: Course 1353 from coincidence.csv not found in C
Warning: Course 1353 from coincidence.csv not found in C
Warning: Course 1353 from coincidence.csv not found in C
Warning: Course 1353 from coincidence.csv not found in C
Warning: Course 1353 from coincidence.csv not found in C
Warning: Course 1353 from coincidence.csv not found in C
Warning: Course 1353 from coincidence.csv not found in C
Warning: Course 1353 from coincidence.csv not found in C
Warning: Course 1353 from coincidence.csv not found in C
Warning: Course 1353 from coincidence.csv not found in C
Warning: Course 1353 from coincidence.csv not found in C
Warning: Course 1353 from coincidence.csv not found in C
Warning: Course 1353 from coincidence.csv not found in C
Warning: Course 1353 from coincidence.csv not found in C
Warning: Course 1353 from coincidence.csv not found in C
Warning: Course 1353 from coincidence.csv not found in C
Warning: Course 1353 from coincidence.csv not found in C
Warning: Course 1353 from coincidence.csv not found in C
Warning: Course 1353 from coincidence.csv not found in C
Warning: Course 1353 from coincidence.csv not found in C
Warning: Course 1353 from coincidence.csv not found in C
Warning: Course 1353 from coincidence.csv not found in C
Warning: Course 1353 from coincidence.csv not found in C
Warning: Course 1353 from coincidence.csv not found in C
Warning: Course 1353 from coincidence.csv not found in C
Warning: Course 1353 from coincidence.csv not found in C
Warning: Course 1353 from coincidence.csv not found in C
Warning: Course 1353 from coincidence.csv not found in C
Warning: Course 1353 from coincidence.csv not found in C
Warning: Course 1353 from coincidence.csv not found in C
Warning: Course 1353 from coincidence.csv not found in C
Warning: Course 1353 from coincidence.csv not found in C
Warning: Course 1353 from coincidence.csv not found in C
Warning: Course 1354 from coincidence.csv not found in C
Warning: Course 1354 from coincidence.csv not found in C
Warning: Course 1354 from coincidence.csv not found in C
Warning: Course 1354 from coincidence.csv not found in C
Warning: Course 1354 from coincidence.csv not found in C
Warning: Course 1354 from coincidence.csv not found in C
Warning: Course 1354 from coincidence.csv not found in C
Warning: Course 1354 from coincidence.csv not found in C
Warning: Course 1354 from coincidence.csv not found in C
Warning: Course 1354 from coincidence.csv not found in C
Warning: Course 1354 from coincidence.csv not found in C
Warning: Course 1354 from coincidence.csv not found in C
Warning: Course 1354 from coincidence.csv not found in C
Warning: Course 1354 from coincidence.csv not found in C
Warning: Course 1354 from coincidence.csv not found in C
Warning: Course 1354 from coincidence.csv not found in C
Warning: Course 1354 from coincidence.csv not found in C
Warning: Course 1354 from coincidence.csv not found in C
Warning: Course 1354 from coincidence.csv not found in C
Warning: Course 1354 from coincidence.csv not found in C
Warning: Course 1359 from coincidence.csv not found in C
Warning: Course 1359 from coincidence.csv not found in C
Warning: Course 1359 from coincidence.csv not found in C
Warning: Course 1359 from coincidence.csv not found in C
Warning: Course 1359 from coincidence.csv not found in C
Warning: Course 1359 from coincidence.csv not found in C
Warning: Course 1373 from coincidence.csv not found in C
Warning: Course 1373 from coincidence.csv not found in C
Warning: Course 1373 from coincidence.csv not found in C
Warning: Course 1373 from coincidence.csv not found in C
Warning: Course 1373 from coincidence.csv not found in C
Warning: Course 1373 from coincidence.csv not found in C
Warning: Course 1373 from coincidence.csv not found in C
Warning: Course 1373 from coincidence.csv not found in C
Warning: Course 1373 from coincidence.csv not found in C
Warning: Course 1373 from coincidence.csv not found in C
Warning: Course 1373 from coincidence.csv not found in C
Warning: Course 1373 from coincidence.csv not found in C
Warning: Course 1418 from coincidence.csv not found in C
Warning: Course 1418 from coincidence.csv not found in C
Warning: Course 1418 from coincidence.csv not found in C
Warning: Course 1418 from coincidence.csv not found in C
Warning: Course 1418 from coincidence.csv not found in C
Warning: Course 1418 from coincidence.csv not found in C
Warning: Course 1418 from coincidence.csv not found in C
Warning: Course 1418 from coincidence.csv not found in C
Warning: Course 1418 from coincidence.csv not found in C
Warning: Course 1418 from coincidence.csv not found in C
Warning: Course 1418 from coincidence.csv not found in C
Warning: Course 1418 from coincidence.csv not found in C
Warning: Course 1419 from coincidence.csv not found in C
Warning: Course 1419 from coincidence.csv not found in C
Warning: Course 1419 from coincidence.csv not found in C
Warning: Course 1419 from coincidence.csv not found in C
Warning: Course 1419 from coincidence.csv not found in C
Warning: Course 1419 from coincidence.csv not found in C
Warning: Course 1419 from coincidence.csv not found in C
Warning: Course 1420 from coincidence.csv not found in C
Warning: Course 1420 from coincidence.csv not found in C
Warning: Course 1420 from coincidence.csv not found in C
Warning: Course 1420 from coincidence.csv not found in C
Warning: Course 1420 from coincidence.csv not found in C
Warning: Course 1420 from coincidence.csv not found in C
Warning: Course 1420 from coincidence.csv not found in C
Warning: Course 1420 from coincidence.csv not found in C
Warning: Course 1420 from coincidence.csv not found in C
Warning: Course 1420 from coincidence.csv not found in C
Warning: Course 1420 from coincidence.csv not found in C
Warning: Course 1421 from coincidence.csv not found in C
Warning: Course 1421 from coincidence.csv not found in C
Warning: Course 1421 from coincidence.csv not found in C
Warning: Course 1421 from coincidence.csv not found in C
Warning: Course 1434 from coincidence.csv not found in C
Warning: Course 1434 from coincidence.csv not found in C
Warning: Course 1434 from coincidence.csv not found in C
Warning: Course 1434 from coincidence.csv not found in C
Warning: Course 1434 from coincidence.csv not found in C
Warning: Course 1434 from coincidence.csv not found in C
Warning: Course 1434 from coincidence.csv not found in C
Warning: Course 1434 from coincidence.csv not found in C
Warning: Course 1434 from coincidence.csv not found in C
Warning: Course 1434 from coincidence.csv not found in C
Warning: Course 1434 from coincidence.csv not found in C
Warning: Course 1434 from coincidence.csv not found in C
Warning: Course 1434 from coincidence.csv not found in C
Warning: Course 1434 from coincidence.csv not found in C
Warning: Course 1434 from coincidence.csv not found in C
Warning: Course 1434 from coincidence.csv not found in C
Warning: Course 1434 from coincidence.csv not found in C
Warning: Course 1434 from coincidence.csv not found in C
Warning: Course 1434 from coincidence.csv not found in C
Warning: Course 1434 from coincidence.csv not found in C
Warning: Course 1434 from coincidence.csv not found in C
Warning: Course 1434 from coincidence.csv not found in C
Warning: Course 1434 from coincidence.csv not found in C
Warning: Course 1434 from coincidence.csv not found in C
Warning: Course 1434 from coincidence.csv not found in C
Warning: Course 1434 from coincidence.csv not found in C
Warning: Course 1434 from coincidence.csv not found in C
Warning: Course 1434 from coincidence.csv not found in C
Warning: Course 1434 from coincidence.csv not found in C
Warning: Course 1434 from coincidence.csv not found in C
Warning: Course 1434 from coincidence.csv not found in C
Warning: Course 1434 from coincidence.csv not found in C
Warning: Course 1434 from coincidence.csv not found in C
Warning: Course 1434 from coincidence.csv not found in C
Warning: Course 1434 from coincidence.csv not found in C
Warning: Course 1434 from coincidence.csv not found in C
Warning: Course 1434 from coincidence.csv not found in C
Warning: Course 1434 from coincidence.csv not found in C
Warning: Course 1434 from coincidence.csv not found in C
Warning: Course 1434 from coincidence.csv not found in C
Warning: Course 1434 from coincidence.csv not found in C
Warning: Course 1434 from coincidence.csv not found in C
Warning: Course 1434 from coincidence.csv not found in C
Warning: Course 1434 from coincidence.csv not found in C
Warning: Course 1434 from coincidence.csv not found in C
Warning: Course 1438 from coincidence.csv not found in C
Warning: Course 1438 from coincidence.csv not found in C
Warning: Course 1438 from coincidence.csv not found in C
Warning: Course 1438 from coincidence.csv not found in C
Warning: Course 1438 from coincidence.csv not found in C
Warning: Course 1438 from coincidence.csv not found in C
Warning: Course 1438 from coincidence.csv not found in C
Warning: Course 1438 from coincidence.csv not found in C
Warning: Course 1438 from coincidence.csv not found in C
Warning: Course 1438 from coincidence.csv not found in C
Warning: Course 1438 from coincidence.csv not found in C
Warning: Course 1438 from coincidence.csv not found in C
Warning: Course 1438 from coincidence.csv not found in C
Warning: Course 1438 from coincidence.csv not found in C
Warning: Course 1438 from coincidence.csv not found in C
Warning: Course 1438 from coincidence.csv not found in C
Warning: Course 1438 from coincidence.csv not found in C
Warning: Course 1438 from coincidence.csv not found in C
Warning: Course 1438 from coincidence.csv not found in C
Warning: Course 1438 from coincidence.csv not found in C
Warning: Course 1438 from coincidence.csv not found in C
Warning: Course 1438 from coincidence.csv not found in C
Warning: Course 1438 from coincidence.csv not found in C
Warning: Course 1438 from coincidence.csv not found in C
Warning: Course 1438 from coincidence.csv not found in C
Warning: Course 1438 from coincidence.csv not found in C
Warning: Course 1438 from coincidence.csv not found in C
Warning: Course 1438 from coincidence.csv not found in C
Warning: Course 1438 from coincidence.csv not found in C
Warning: Course 1438 from coincidence.csv not found in C
Warning: Course 1440 from coincidence.csv not found in C
Warning: Course 1440 from coincidence.csv not found in C
Warning: Course 1440 from coincidence.csv not found in C
Warning: Course 1440 from coincidence.csv not found in C
Warning: Course 1440 from coincidence.csv not found in C
Warning: Course 1440 from coincidence.csv not found in C
Warning: Course 1440 from coincidence.csv not found in C
Warning: Course 1440 from coincidence.csv not found in C
Warning: Course 1440 from coincidence.csv not found in C
Warning: Course 1440 from coincidence.csv not found in C
Warning: Course 1440 from coincidence.csv not found in C
Warning: Course 1440 from coincidence.csv not found in C
Warning: Course 1440 from coincidence.csv not found in C
Warning: Course 1440 from coincidence.csv not found in C
Warning: Course 1440 from coincidence.csv not found in C
Warning: Course 1447 from coincidence.csv not found in C
Warning: Course 1447 from coincidence.csv not found in C
Warning: Course 1447 from coincidence.csv not found in C
Warning: Course 1447 from coincidence.csv not found in C
Warning: Course 1447 from coincidence.csv not found in C
Warning: Course 1447 from coincidence.csv not found in C
Warning: Course 1447 from coincidence.csv not found in C
Warning: Course 1447 from coincidence.csv not found in C
Warning: Course 1447 from coincidence.csv not found in C
Warning: Course 1447 from coincidence.csv not found in C
Warning: Course 1447 from coincidence.csv not found in C
Warning: Course 1447 from coincidence.csv not found in C
Warning: Course 1447 from coincidence.csv not found in C
Warning: Course 1447 from coincidence.csv not found in C
Warning: Course 1447 from coincidence.csv not found in C
Warning: Course 1447 from coincidence.csv not found in C
Warning: Course 1447 from coincidence.csv not found in C
Warning: Course 1447 from coincidence.csv not found in C
Warning: Course 1447 from coincidence.csv not found in C
Warning: Course 1447 from coincidence.csv not found in C
Warning: Course 1447 from coincidence.csv not found in C
Warning: Course 1447 from coincidence.csv not found in C
Warning: Course 1447 from coincidence.csv not found in C
Warning: Course 1447 from coincidence.csv not found in C
Warning: Course 1447 from coincidence.csv not found in C
Warning: Course 1447 from coincidence.csv not found in C
Warning: Course 1447 from coincidence.csv not found in C
Warning: Course 1447 from coincidence.csv not found in C
Warning: Course 1447 from coincidence.csv not found in C
Warning: Course 1447 from coincidence.csv not found in C
Warning: Course 1447 from coincidence.csv not found in C
Warning: Course 1448 from coincidence.csv not found in C
Warning: Course 1448 from coincidence.csv not found in C
Warning: Course 1448 from coincidence.csv not found in C
Warning: Course 1448 from coincidence.csv not found in C
Warning: Course 1448 from coincidence.csv not found in C
Warning: Course 1448 from coincidence.csv not found in C
Warning: Course 1448 from coincidence.csv not found in C
Warning: Course 1448 from coincidence.csv not found in C
Warning: Course 1448 from coincidence.csv not found in C
Warning: Course 1448 from coincidence.csv not found in C
Warning: Course 1448 from coincidence.csv not found in C
Warning: Course 1448 from coincidence.csv not found in C
Warning: Course 1448 from coincidence.csv not found in C
Warning: Course 1448 from coincidence.csv not found in C
Warning: Course 1448 from coincidence.csv not found in C
Warning: Course 1448 from coincidence.csv not found in C
Warning: Course 1448 from coincidence.csv not found in C
Warning: Course 1448 from coincidence.csv not found in C
Warning: Course 1448 from coincidence.csv not found in C
Warning: Course 1448 from coincidence.csv not found in C
Warning: Course 1448 from coincidence.csv not found in C
Warning: Course 1448 from coincidence.csv not found in C
Warning: Course 1448 from coincidence.csv not found in C
Warning: Course 1448 from coincidence.csv not found in C
Warning: Course 1450 from coincidence.csv not found in C
Warning: Course 1450 from coincidence.csv not found in C
Warning: Course 1450 from coincidence.csv not found in C
Warning: Course 1450 from coincidence.csv not found in C
Warning: Course 1450 from coincidence.csv not found in C
Warning: Course 1450 from coincidence.csv not found in C
Warning: Course 1450 from coincidence.csv not found in C
Warning: Course 1450 from coincidence.csv not found in C
Warning: Course 1450 from coincidence.csv not found in C
Warning: Course 1450 from coincidence.csv not found in C
Warning: Course 1450 from coincidence.csv not found in C
Warning: Course 1450 from coincidence.csv not found in C
Warning: Course 1450 from coincidence.csv not found in C
Warning: Course 1450 from coincidence.csv not found in C
Warning: Course 1450 from coincidence.csv not found in C
Warning: Course 1450 from coincidence.csv not found in C
Warning: Course 1450 from coincidence.csv not found in C
Warning: Course 1450 from coincidence.csv not found in C
Warning: Course 1450 from coincidence.csv not found in C
Warning: Course 1450 from coincidence.csv not found in C
Warning: Course 1450 from coincidence.csv not found in C
Warning: Course 1450 from coincidence.csv not found in C
Warning: Course 1450 from coincidence.csv not found in C
Warning: Course 1450 from coincidence.csv not found in C
Warning: Course 1450 from coincidence.csv not found in C
Warning: Course 1450 from coincidence.csv not found in C
Warning: Course 1450 from coincidence.csv not found in C
Warning: Course 1450 from coincidence.csv not found in C
Warning: Course 1450 from coincidence.csv not found in C
Warning: Course 1450 from coincidence.csv not found in C
Warning: Course 1450 from coincidence.csv not found in C
Warning: Course 1450 from coincidence.csv not found in C
Warning: Course 1450 from coincidence.csv not found in C
Warning: Course 1450 from coincidence.csv not found in C
Warning: Course 1450 from coincidence.csv not found in C
Warning: Course 1450 from coincidence.csv not found in C
Warning: Course 1450 from coincidence.csv not found in C
Warning: Course 1450 from coincidence.csv not found in C
Warning: Course 1450 from coincidence.csv not found in C
Warning: Course 1450 from coincidence.csv not found in C
Warning: Course 1450 from coincidence.csv not found in C
Warning: Course 1450 from coincidence.csv not found in C
Warning: Course 1450 from coincidence.csv not found in C
Warning: Course 1450 from coincidence.csv not found in C
Warning: Course 1450 from coincidence.csv not found in C
Warning: Course 1450 from coincidence.csv not found in C
Warning: Course 1266 from coincidence.csv not found in C
Warning: Course 1456 from coincidence.csv not found in C
Warning: Course 1556 from coincidence.csv not found in C
Warning: Course 5603 from coincidence.csv not found in C
Warning: Course 5720 from coincidence.csv not found in C
Warning: Course PA288 from coincidence.csv not found in C
Warning: Course 1209 from coincidence.csv not found in C
Warning: Course 1307 from coincidence.csv not found in C
Warning: Course 1324 from coincidence.csv not found in C
Warning: Course 1556 from coincidence.csv not found in C
Warning: Course 1868 from coincidence.csv not found in C
Warning: Course 2011 from coincidence.csv not found in C
Warning: Course 2013 from coincidence.csv not found in C
Warning: Course 2018 from coincidence.csv not found in C
Warning: Course 2020 from coincidence.csv not found in C
Warning: Course 2022 from coincidence.csv not found in C
Warning: Course 5603 from coincidence.csv not found in C
Warning: Course 5705 from coincidence.csv not found in C
Warning: Course 5720 from coincidence.csv not found in C
Warning: Course 5828 from coincidence.csv not found in C
Warning: Course 5839 from coincidence.csv not found in C
Warning: Course 5853 from coincidence.csv not found in C
Warning: Course 1462 from coincidence.csv not found in C
Warning: Course 1462 from coincidence.csv not found in C
Warning: Course 1462 from coincidence.csv not found in C
Warning: Course 1462 from coincidence.csv not found in C
Warning: Course 1462 from coincidence.csv not found in C
Warning: Course 1462 from coincidence.csv not found in C
Warning: Course 1462 from coincidence.csv not found in C
Warning: Course 1462 from coincidence.csv not found in C
Warning: Course 1462 from coincidence.csv not found in C
Warning: Course 1462 from coincidence.csv not found in C
Warning: Course 1462 from coincidence.csv not found in C
Warning: Course 1462 from coincidence.csv not found in C
Warning: Course 1462 from coincidence.csv not found in C
Warning: Course 1462 from coincidence.csv not found in C
Warning: Course 1462 from coincidence.csv not found in C
Warning: Course 1462 from coincidence.csv not found in C
Warning: Course 1462 from coincidence.csv not found in C
Warning: Course 1462 from coincidence.csv not found in C
Warning: Course 1462 from coincidence.csv not found in C
Warning: Course 1462 from coincidence.csv not found in C
Warning: Course 1462 from coincidence.csv not found in C
Warning: Course 1462 from coincidence.csv not found in C
Warning: Course 1462 from coincidence.csv not found in C
Warning: Course 1462 from coincidence.csv not found in C
Warning: Course 1462 from coincidence.csv not found in C
Warning: Course 1462 from coincidence.csv not found in C
Warning: Course 1462 from coincidence.csv not found in C
Warning: Course 1462 from coincidence.csv not found in C
Warning: Course 1462 from coincidence.csv not found in C
Warning: Course 1462 from coincidence.csv not found in C
Warning: Course 1462 from coincidence.csv not found in C
Warning: Course 1462 from coincidence.csv not found in C
Warning: Course 1462 from coincidence.csv not found in C
Warning: Course 1462 from coincidence.csv not found in C
Warning: Course 1462 from coincidence.csv not found in C
Warning: Course 1464 from coincidence.csv not found in C
Warning: Course 1464 from coincidence.csv not found in C
Warning: Course 1464 from coincidence.csv not found in C
Warning: Course 1464 from coincidence.csv not found in C
Warning: Course 1464 from coincidence.csv not found in C
Warning: Course 1464 from coincidence.csv not found in C
Warning: Course 1464 from coincidence.csv not found in C
Warning: Course 1464 from coincidence.csv not found in C
Warning: Course 1464 from coincidence.csv not found in C
Warning: Course 1220 from coincidence.csv not found in C
Warning: Course 1266 from coincidence.csv not found in C
Warning: Course 1851 from coincidence.csv not found in C
Warning: Course 2210 from coincidence.csv not found in C
Warning: Course 2216 from coincidence.csv not found in C
Warning: Course 1513 from coincidence.csv not found in C
Warning: Course 1513 from coincidence.csv not found in C
Warning: Course 1513 from coincidence.csv not found in C
Warning: Course 1513 from coincidence.csv not found in C
Warning: Course 1513 from coincidence.csv not found in C
Warning: Course 1513 from coincidence.csv not found in C
Warning: Course 1513 from coincidence.csv not found in C
Warning: Course 1513 from coincidence.csv not found in C
Warning: Course 1513 from coincidence.csv not found in C
Warning: Course 1513 from coincidence.csv not found in C
Warning: Course 1513 from coincidence.csv not found in C
Warning: Course 1513 from coincidence.csv not found in C
Warning: Course 1513 from coincidence.csv not found in C
Warning: Course 1513 from coincidence.csv not found in C
Warning: Course 1513 from coincidence.csv not found in C
Warning: Course 1513 from coincidence.csv not found in C
Warning: Course 1513 from coincidence.csv not found in C
Warning: Course 1513 from coincidence.csv not found in C
Warning: Course 1513 from coincidence.csv not found in C
Warning: Course 1513 from coincidence.csv not found in C
Warning: Course 1513 from coincidence.csv not found in C
Warning: Course 1513 from coincidence.csv not found in C
Warning: Course 1513 from coincidence.csv not found in C
Warning: Course 1513 from coincidence.csv not found in C
Warning: Course 1513 from coincidence.csv not found in C
Warning: Course 1513 from coincidence.csv not found in C
Warning: Course 1513 from coincidence.csv not found in C
Warning: Course 1513 from coincidence.csv not found in C
Warning: Course 1513 from coincidence.csv not found in C
Warning: Course 1513 from coincidence.csv not found in C
Warning: Course 1513 from coincidence.csv not found in C
Warning: Course 1513 from coincidence.csv not found in C
Warning: Course 1513 from coincidence.csv not found in C
Warning: Course 1513 from coincidence.csv not found in C
Warning: Course 1513 from coincidence.csv not found in C
Warning: Course 1513 from coincidence.csv not found in C
Warning: Course 1513 from coincidence.csv not found in C
Warning: Course 1513 from coincidence.csv not found in C
Warning: Course 1522 from coincidence.csv not found in C
Warning: Course 1534 from coincidence.csv not found in C
Warning: Course 1534 from coincidence.csv not found in C
Warning: Course 1534 from coincidence.csv not found in C
Warning: Course 1534 from coincidence.csv not found in C
Warning: Course 1534 from coincidence.csv not found in C
Warning: Course 1534 from coincidence.csv not found in C
Warning: Course 1534 from coincidence.csv not found in C
Warning: Course 1534 from coincidence.csv not found in C
Warning: Course 1534 from coincidence.csv not found in C
Warning: Course 1534 from coincidence.csv not found in C
Warning: Course 1534 from coincidence.csv not found in C
Warning: Course 1534 from coincidence.csv not found in C
Warning: Course 1534 from coincidence.csv not found in C
Warning: Course 1534 from coincidence.csv not found in C
Warning: Course 1534 from coincidence.csv not found in C
Warning: Course 1534 from coincidence.csv not found in C
Warning: Course 1534 from coincidence.csv not found in C
Warning: Course 1534 from coincidence.csv not found in C
Warning: Course 1534 from coincidence.csv not found in C
Warning: Course 1534 from coincidence.csv not found in C
Warning: Course 1534 from coincidence.csv not found in C
Warning: Course 1534 from coincidence.csv not found in C
Warning: Course 1534 from coincidence.csv not found in C
Warning: Course 1534 from coincidence.csv not found in C
Warning: Course 1534 from coincidence.csv not found in C
Warning: Course 1534 from coincidence.csv not found in C
Warning: Course 1534 from coincidence.csv not found in C
Warning: Course 1534 from coincidence.csv not found in C
Warning: Course 1534 from coincidence.csv not found in C
Warning: Course 1534 from coincidence.csv not found in C
Warning: Course 1534 from coincidence.csv not found in C
Warning: Course 1534 from coincidence.csv not found in C
Warning: Course 1534 from coincidence.csv not found in C
Warning: Course 1456 from coincidence.csv not found in C
Warning: Course 1766 from coincidence.csv not found in C
Warning: Course 1774 from coincidence.csv not found in C
Warning: Course 1775 from coincidence.csv not found in C
Warning: Course 1776 from coincidence.csv not found in C
Warning: Course 1778 from coincidence.csv not found in C
Warning: Course 1780 from coincidence.csv not found in C
Warning: Course 1876 from coincidence.csv not found in C
Warning: Course 1886 from coincidence.csv not found in C
Warning: Course 2216 from coincidence.csv not found in C
Warning: Course 2217 from coincidence.csv not found in C
Warning: Course 5720 from coincidence.csv not found in C
Warning: Course 5828 from coincidence.csv not found in C
Warning: Course PA243 from coincidence.csv not found in C
Warning: Course 1539 from coincidence.csv not found in C
Warning: Course 1539 from coincidence.csv not found in C
Warning: Course 1539 from coincidence.csv not found in C
Warning: Course 1539 from coincidence.csv not found in C
Warning: Course 1539 from coincidence.csv not found in C
Warning: Course 1539 from coincidence.csv not found in C
Warning: Course 1539 from coincidence.csv not found in C
Warning: Course 1539 from coincidence.csv not found in C
Warning: Course 1539 from coincidence.csv not found in C
Warning: Course 1539 from coincidence.csv not found in C
Warning: Course 1539 from coincidence.csv not found in C
Warning: Course 1539 from coincidence.csv not found in C
Warning: Course 1539 from coincidence.csv not found in C
Warning: Course 1539 from coincidence.csv not found in C
Warning: Course 1539 from coincidence.csv not found in C
Warning: Course 1539 from coincidence.csv not found in C
Warning: Course 1539 from coincidence.csv not found in C
Warning: Course 1539 from coincidence.csv not found in C
Warning: Course 1539 from coincidence.csv not found in C
Warning: Course 1539 from coincidence.csv not found in C
Warning: Course 1545 from coincidence.csv not found in C
Warning: Course 1545 from coincidence.csv not found in C
Warning: Course 1545 from coincidence.csv not found in C
Warning: Course 1545 from coincidence.csv not found in C
Warning: Course 1545 from coincidence.csv not found in C
Warning: Course 1545 from coincidence.csv not found in C
Warning: Course 1545 from coincidence.csv not found in C
Warning: Course 1545 from coincidence.csv not found in C
Warning: Course 1545 from coincidence.csv not found in C
Warning: Course 1545 from coincidence.csv not found in C
Warning: Course 1545 from coincidence.csv not found in C
Warning: Course 1545 from coincidence.csv not found in C
Warning: Course 1545 from coincidence.csv not found in C
Warning: Course 1545 from coincidence.csv not found in C
Warning: Course 1545 from coincidence.csv not found in C
Warning: Course 1545 from coincidence.csv not found in C
Warning: Course 1545 from coincidence.csv not found in C
Warning: Course 1545 from coincidence.csv not found in C
Warning: Course 1545 from coincidence.csv not found in C
Warning: Course 1545 from coincidence.csv not found in C
Warning: Course 1545 from coincidence.csv not found in C
Warning: Course 1545 from coincidence.csv not found in C
Warning: Course 1545 from coincidence.csv not found in C
Warning: Course 1545 from coincidence.csv not found in C
Warning: Course 1545 from coincidence.csv not found in C
Warning: Course 1545 from coincidence.csv not found in C
Warning: Course 1545 from coincidence.csv not found in C
Warning: Course 1545 from coincidence.csv not found in C
Warning: Course 1545 from coincidence.csv not found in C
Warning: Course 1545 from coincidence.csv not found in C
Warning: Course 1545 from coincidence.csv not found in C
Warning: Course 1545 from coincidence.csv not found in C
Warning: Course 1556 from coincidence.csv not found in C
Warning: Course 1556 from coincidence.csv not found in C
Warning: Course 1556 from coincidence.csv not found in C
Warning: Course 1556 from coincidence.csv not found in C
Warning: Course 1556 from coincidence.csv not found in C
Warning: Course 1057 from coincidence.csv not found in C
Warning: Course 1220 from coincidence.csv not found in C
Warning: Course 1266 from coincidence.csv not found in C
Warning: Course 1307 from coincidence.csv not found in C
Warning: Course 1324 from coincidence.csv not found in C
Warning: Course 1340 from coincidence.csv not found in C
Warning: Course 1354 from coincidence.csv not found in C
Warning: Course 1373 from coincidence.csv not found in C
Warning: Course 1450 from coincidence.csv not found in C
Warning: Course 1456 from coincidence.csv not found in C
Warning: Course 1513 from coincidence.csv not found in C
Warning: Course 1556 from coincidence.csv not found in C
Warning: Course 1700 from coincidence.csv not found in C
Warning: Course 1722 from coincidence.csv not found in C
Warning: Course 1727 from coincidence.csv not found in C
Warning: Course 1730 from coincidence.csv not found in C
Warning: Course 1731 from coincidence.csv not found in C
Warning: Course 1749 from coincidence.csv not found in C
Warning: Course 1758 from coincidence.csv not found in C
Warning: Course 1766 from coincidence.csv not found in C
Warning: Course 1767 from coincidence.csv not found in C
Warning: Course 1774 from coincidence.csv not found in C
Warning: Course 1775 from coincidence.csv not found in C
Warning: Course 1776 from coincidence.csv not found in C
Warning: Course 1780 from coincidence.csv not found in C
Warning: Course 1781 from coincidence.csv not found in C
Warning: Course 1818 from coincidence.csv not found in C
Warning: Course 1851 from coincidence.csv not found in C
Warning: Course 1868 from coincidence.csv not found in C
Warning: Course 1870 from coincidence.csv not found in C
Warning: Course 1937 from coincidence.csv not found in C
Warning: Course 2001 from coincidence.csv not found in C
Warning: Course 2002 from coincidence.csv not found in C
Warning: Course 2004 from coincidence.csv not found in C
Warning: Course 2011 from coincidence.csv not found in C
Warning: Course 2013 from coincidence.csv not found in C
Warning: Course 2018 from coincidence.csv not found in C
Warning: Course 2022 from coincidence.csv not found in C
Warning: Course 2054 from coincidence.csv not found in C
Warning: Course 2099 from coincidence.csv not found in C
Warning: Course 2210 from coincidence.csv not found in C
Warning: Course 2211 from coincidence.csv not found in C
Warning: Course 2216 from coincidence.csv not found in C
Warning: Course 2379 from coincidence.csv not found in C
Warning: Course 2391 from coincidence.csv not found in C
Warning: Course 2403 from coincidence.csv not found in C
Warning: Course 2404 from coincidence.csv not found in C
Warning: Course 2405 from coincidence.csv not found in C
Warning: Course 2411 from coincidence.csv not found in C
Warning: Course 2450 from coincidence.csv not found in C
Warning: Course 2504 from coincidence.csv not found in C
Warning: Course 2505 from coincidence.csv not found in C
Warning: Course 2605 from coincidence.csv not found in C
Warning: Course 2804 from coincidence.csv not found in C
Warning: Course 2805 from coincidence.csv not found in C
Warning: Course 5504 from coincidence.csv not found in C
Warning: Course 5603 from coincidence.csv not found in C
Warning: Course 5839 from coincidence.csv not found in C
Warning: Course 5853 from coincidence.csv not found in C
Warning: Course PA243 from coincidence.csv not found in C
Warning: Course Q16 from coincidence.csv not found in C
Warning: Course 1611 from coincidence.csv not found in C
Warning: Course 1611 from coincidence.csv not found in C
Warning: Course 1611 from coincidence.csv not found in C
Warning: Course 1611 from coincidence.csv not found in C
Warning: Course 1611 from coincidence.csv not found in C
Warning: Course 1611 from coincidence.csv not found in C
Warning: Course 1611 from coincidence.csv not found in C
Warning: Course 1611 from coincidence.csv not found in C
Warning: Course 1611 from coincidence.csv not found in C
Warning: Course 1611 from coincidence.csv not found in C
Warning: Course 1611 from coincidence.csv not found in C
Warning: Course 1611 from coincidence.csv not found in C
Warning: Course 1611 from coincidence.csv not found in C
Warning: Course 1611 from coincidence.csv not found in C
Warning: Course 1220 from coincidence.csv not found in C
Warning: Course 1266 from coincidence.csv not found in C
Warning: Course 1307 from coincidence.csv not found in C
Warning: Course 1324 from coincidence.csv not found in C
Warning: Course 1359 from coincidence.csv not found in C
Warning: Course 1373 from coincidence.csv not found in C
Warning: Course 1556 from coincidence.csv not found in C
Warning: Course 2001 from coincidence.csv not found in C
Warning: Course 2013 from coincidence.csv not found in C
Warning: Course 2216 from coincidence.csv not found in C
Warning: Course 2217 from coincidence.csv not found in C
Warning: Course 5603 from coincidence.csv not found in C
Warning: Course 5705 from coincidence.csv not found in C
Warning: Course 5904 from coincidence.csv not found in C
Warning: Course LIB49 from coincidence.csv not found in C
Warning: Course LIB55 from coincidence.csv not found in C
Warning: Course PA288 from coincidence.csv not found in C
Warning: Course TI11 from coincidence.csv not found in C
Warning: Course TI12 from coincidence.csv not found in C
Warning: Course 1631 from coincidence.csv not found in C
Warning: Course 1631 from coincidence.csv not found in C
Warning: Course 1631 from coincidence.csv not found in C
Warning: Course 1631 from coincidence.csv not found in C
Warning: Course 1631 from coincidence.csv not found in C
Warning: Course 1631 from coincidence.csv not found in C
Warning: Course 1631 from coincidence.csv not found in C
Warning: Course 1631 from coincidence.csv not found in C
Warning: Course 1631 from coincidence.csv not found in C
Warning: Course 1631 from coincidence.csv not found in C
Warning: Course 1631 from coincidence.csv not found in C
Warning: Course 1631 from coincidence.csv not found in C
Warning: Course 1631 from coincidence.csv not found in C
Warning: Course 1631 from coincidence.csv not found in C
Warning: Course 1631 from coincidence.csv not found in C
Warning: Course 1631 from coincidence.csv not found in C
Warning: Course 1631 from coincidence.csv not found in C
Warning: Course 1631 from coincidence.csv not found in C
Warning: Course 1631 from coincidence.csv not found in C
Warning: Course 1631 from coincidence.csv not found in C
Warning: Course 1631 from coincidence.csv not found in C
Warning: Course 1631 from coincidence.csv not found in C
Warning: Course 1631 from coincidence.csv not found in C
Warning: Course 1631 from coincidence.csv not found in C
Warning: Course 1631 from coincidence.csv not found in C
Warning: Course 1631 from coincidence.csv not found in C
Warning: Course 1631 from coincidence.csv not found in C
Warning: Course 1631 from coincidence.csv not found in C
Warning: Course 1631 from coincidence.csv not found in C
Warning: Course 1631 from coincidence.csv not found in C
Warning: Course 1631 from coincidence.csv not found in C
Warning: Course 1631 from coincidence.csv not found in C
Warning: Course 1632 from coincidence.csv not found in C
Warning: Course 1632 from coincidence.csv not found in C
Warning: Course 1632 from coincidence.csv not found in C
Warning: Course 1632 from coincidence.csv not found in C
Warning: Course 1632 from coincidence.csv not found in C
Warning: Course 1632 from coincidence.csv not found in C
Warning: Course 1632 from coincidence.csv not found in C
Warning: Course 1632 from coincidence.csv not found in C
Warning: Course 1632 from coincidence.csv not found in C
Warning: Course 1632 from coincidence.csv not found in C
Warning: Course 1636 from coincidence.csv not found in C
Warning: Course 1636 from coincidence.csv not found in C
Warning: Course 1636 from coincidence.csv not found in C
Warning: Course 1636 from coincidence.csv not found in C
Warning: Course 1636 from coincidence.csv not found in C
Warning: Course 1636 from coincidence.csv not found in C
Warning: Course 1636 from coincidence.csv not found in C
Warning: Course 1636 from coincidence.csv not found in C
Warning: Course 1636 from coincidence.csv not found in C
Warning: Course 1636 from coincidence.csv not found in C
Warning: Course 1650 from coincidence.csv not found in C
Warning: Course 1650 from coincidence.csv not found in C
Warning: Course 1650 from coincidence.csv not found in C
Warning: Course 1650 from coincidence.csv not found in C
Warning: Course 1650 from coincidence.csv not found in C
Warning: Course 1650 from coincidence.csv not found in C
Warning: Course 1650 from coincidence.csv not found in C
Warning: Course 1650 from coincidence.csv not found in C
Warning: Course 1650 from coincidence.csv not found in C
Warning: Course 1650 from coincidence.csv not found in C
Warning: Course 1650 from coincidence.csv not found in C
Warning: Course 1650 from coincidence.csv not found in C
Warning: Course 1650 from coincidence.csv not found in C
Warning: Course 1650 from coincidence.csv not found in C
Warning: Course 1650 from coincidence.csv not found in C
Warning: Course 1650 from coincidence.csv not found in C
Warning: Course 1650 from coincidence.csv not found in C
Warning: Course 1650 from coincidence.csv not found in C
Warning: Course 1650 from coincidence.csv not found in C
Warning: Course 1650 from coincidence.csv not found in C
Warning: Course 1650 from coincidence.csv not found in C
Warning: Course 1650 from coincidence.csv not found in C
Warning: Course 1650 from coincidence.csv not found in C
Warning: Course 1650 from coincidence.csv not found in C
Warning: Course 1650 from coincidence.csv not found in C
Warning: Course 1650 from coincidence.csv not found in C
Warning: Course 1650 from coincidence.csv not found in C
Warning: Course 1650 from coincidence.csv not found in C
Warning: Course 1650 from coincidence.csv not found in C
Warning: Course 1650 from coincidence.csv not found in C
Warning: Course 1650 from coincidence.csv not found in C
Warning: Course 1650 from coincidence.csv not found in C
Warning: Course 1650 from coincidence.csv not found in C
Warning: Course 1650 from coincidence.csv not found in C
Warning: Course 1650 from coincidence.csv not found in C
Warning: Course 1650 from coincidence.csv not found in C
Warning: Course 1650 from coincidence.csv not found in C
Warning: Course 1650 from coincidence.csv not found in C
Warning: Course 1650 from coincidence.csv not found in C
Warning: Course 1650 from coincidence.csv not found in C
Warning: Course 1650 from coincidence.csv not found in C
Warning: Course 1650 from coincidence.csv not found in C
Warning: Course 1650 from coincidence.csv not found in C
Warning: Course 1650 from coincidence.csv not found in C
Warning: Course 1650 from coincidence.csv not found in C
Warning: Course 1650 from coincidence.csv not found in C
Warning: Course 1650 from coincidence.csv not found in C
Warning: Course 1650 from coincidence.csv not found in C
Warning: Course 1650 from coincidence.csv not found in C
Warning: Course 1650 from coincidence.csv not found in C
Warning: Course 1650 from coincidence.csv not found in C
Warning: Course 1650 from coincidence.csv not found in C
Warning: Course 1650 from coincidence.csv not found in C
Warning: Course 1650 from coincidence.csv not found in C
Warning: Course 1650 from coincidence.csv not found in C
Warning: Course 1650 from coincidence.csv not found in C
Warning: Course 1650 from coincidence.csv not found in C
Warning: Course 1650 from coincidence.csv not found in C
Warning: Course 1650 from coincidence.csv not found in C
Warning: Course 1650 from coincidence.csv not found in C
Warning: Course 1650 from coincidence.csv not found in C
Warning: Course 1650 from coincidence.csv not found in C
Warning: Course 1650 from coincidence.csv not found in C
Warning: Course 1650 from coincidence.csv not found in C
Warning: Course 1650 from coincidence.csv not found in C
Warning: Course 1650 from coincidence.csv not found in C
Warning: Course 1650 from coincidence.csv not found in C
Warning: Course 1650 from coincidence.csv not found in C
Warning: Course 1650 from coincidence.csv not found in C
Warning: Course 1650 from coincidence.csv not found in C
Warning: Course 1650 from coincidence.csv not found in C
Warning: Course 1650 from coincidence.csv not found in C
Warning: Course 1650 from coincidence.csv not found in C
Warning: Course 1650 from coincidence.csv not found in C
Warning: Course 1650 from coincidence.csv not found in C
Warning: Course 1650 from coincidence.csv not found in C
Warning: Course 1650 from coincidence.csv not found in C
Warning: Course 1700 from coincidence.csv not found in C
Warning: Course 1700 from coincidence.csv not found in C
Warning: Course 1700 from coincidence.csv not found in C
Warning: Course 1700 from coincidence.csv not found in C
Warning: Course 1700 from coincidence.csv not found in C
Warning: Course 1700 from coincidence.csv not found in C
Warning: Course 1700 from coincidence.csv not found in C
Warning: Course 1700 from coincidence.csv not found in C
Warning: Course 1700 from coincidence.csv not found in C
Warning: Course 1700 from coincidence.csv not found in C
Warning: Course 1700 from coincidence.csv not found in C
Warning: Course 1700 from coincidence.csv not found in C
Warning: Course 1057 from coincidence.csv not found in C
Warning: Course 1213 from coincidence.csv not found in C
Warning: Course 1324 from coincidence.csv not found in C
Warning: Course 1340 from coincidence.csv not found in C
Warning: Course 1354 from coincidence.csv not found in C
Warning: Course 1450 from coincidence.csv not found in C
Warning: Course 1513 from coincidence.csv not found in C
Warning: Course 1632 from coincidence.csv not found in C
Warning: Course 1636 from coincidence.csv not found in C
Warning: Course 1650 from coincidence.csv not found in C
Warning: Course 1730 from coincidence.csv not found in C
Warning: Course 1731 from coincidence.csv not found in C
Warning: Course 1766 from coincidence.csv not found in C
Warning: Course 1767 from coincidence.csv not found in C
Warning: Course 1774 from coincidence.csv not found in C
Warning: Course 1775 from coincidence.csv not found in C
Warning: Course 1776 from coincidence.csv not found in C
Warning: Course 1780 from coincidence.csv not found in C
Warning: Course 1781 from coincidence.csv not found in C
Warning: Course 1828 from coincidence.csv not found in C
Warning: Course 1848 from coincidence.csv not found in C
Warning: Course 1868 from coincidence.csv not found in C
Warning: Course 1876 from coincidence.csv not found in C
Warning: Course 1897 from coincidence.csv not found in C
Warning: Course 1898 from coincidence.csv not found in C
Warning: Course 1938 from coincidence.csv not found in C
Warning: Course 1952 from coincidence.csv not found in C
Warning: Course 2002 from coincidence.csv not found in C
Warning: Course 2216 from coincidence.csv not found in C
Warning: Course 2217 from coincidence.csv not found in C
Warning: Course 2398 from coincidence.csv not found in C
Warning: Course 5705 from coincidence.csv not found in C
Warning: Course 5828 from coincidence.csv not found in C
Warning: Course 5904 from coincidence.csv not found in C
Warning: Course 1131 from coincidence.csv not found in C
Warning: Course 1154 from coincidence.csv not found in C
Warning: Course 1220 from coincidence.csv not found in C
Warning: Course 1266 from coincidence.csv not found in C
Warning: Course 1650 from coincidence.csv not found in C
Warning: Course 1722 from coincidence.csv not found in C
Warning: Course 1788 from coincidence.csv not found in C
Warning: Course 1818 from coincidence.csv not found in C
Warning: Course 1871 from coincidence.csv not found in C
Warning: Course 1920 from coincidence.csv not found in C
Warning: Course 2001 from coincidence.csv not found in C
Warning: Course 2002 from coincidence.csv not found in C
Warning: Course 2004 from coincidence.csv not found in C
Warning: Course 2032 from coincidence.csv not found in C
Warning: Course 2054 from coincidence.csv not found in C
Warning: Course Q16 from coincidence.csv not found in C
Warning: Course 1722 from coincidence.csv not found in C
Warning: Course 1220 from coincidence.csv not found in C
Warning: Course 1266 from coincidence.csv not found in C
Warning: Course 1373 from coincidence.csv not found in C
Warning: Course 1650 from coincidence.csv not found in C
Warning: Course 1722 from coincidence.csv not found in C
Warning: Course 1818 from coincidence.csv not found in C
Warning: Course 1868 from coincidence.csv not found in C
Warning: Course 2001 from coincidence.csv not found in C
Warning: Course 2002 from coincidence.csv not found in C
Warning: Course 2032 from coincidence.csv not found in C
Warning: Course 2098 from coincidence.csv not found in C
Warning: Course 2099 from coincidence.csv not found in C
Warning: Course 2391 from coincidence.csv not found in C
Warning: Course 2398 from coincidence.csv not found in C
Warning: Course 5504 from coincidence.csv not found in C
Warning: Course Q16 from coincidence.csv not found in C
Warning: Course TIM10 from coincidence.csv not found in C
Warning: Course TIM11 from coincidence.csv not found in C
Warning: Course TIM12 from coincidence.csv not found in C
Warning: Course TIM13 from coincidence.csv not found in C
Warning: Course 1266 from coincidence.csv not found in C
Warning: Course 1722 from coincidence.csv not found in C
Warning: Course 1818 from coincidence.csv not found in C
Warning: Course 1868 from coincidence.csv not found in C
Warning: Course 2001 from coincidence.csv not found in C
Warning: Course 2002 from coincidence.csv not found in C
Warning: Course 2004 from coincidence.csv not found in C
Warning: Course 2032 from coincidence.csv not found in C
Warning: Course 2054 from coincidence.csv not found in C
Warning: Course 1727 from coincidence.csv not found in C
Warning: Course 1727 from coincidence.csv not found in C
Warning: Course 1730 from coincidence.csv not found in C
Warning: Course 1730 from coincidence.csv not found in C
Warning: Course 1730 from coincidence.csv not found in C
Warning: Course 1730 from coincidence.csv not found in C
Warning: Course 1730 from coincidence.csv not found in C
Warning: Course 1730 from coincidence.csv not found in C
Warning: Course 1730 from coincidence.csv not found in C
Warning: Course 1730 from coincidence.csv not found in C
Warning: Course 1730 from coincidence.csv not found in C
Warning: Course 1731 from coincidence.csv not found in C
Warning: Course 1731 from coincidence.csv not found in C
Warning: Course 1731 from coincidence.csv not found in C
Warning: Course 1731 from coincidence.csv not found in C
Warning: Course 1731 from coincidence.csv not found in C
Warning: Course 1731 from coincidence.csv not found in C
Warning: Course 1731 from coincidence.csv not found in C
Warning: Course 1731 from coincidence.csv not found in C
Warning: Course 1731 from coincidence.csv not found in C
Warning: Course 1731 from coincidence.csv not found in C
Warning: Course 1731 from coincidence.csv not found in C
Warning: Course 1731 from coincidence.csv not found in C
Warning: Course 1731 from coincidence.csv not found in C
Warning: Course 1731 from coincidence.csv not found in C
Warning: Course 1731 from coincidence.csv not found in C
Warning: Course 1731 from coincidence.csv not found in C
Warning: Course 1731 from coincidence.csv not found in C
Warning: Course 1731 from coincidence.csv not found in C
Warning: Course 1731 from coincidence.csv not found in C
Warning: Course 1731 from coincidence.csv not found in C
Warning: Course 1731 from coincidence.csv not found in C
Warning: Course 1731 from coincidence.csv not found in C
Warning: Course 1731 from coincidence.csv not found in C
Warning: Course 1731 from coincidence.csv not found in C
Warning: Course 1749 from coincidence.csv not found in C
Warning: Course 1749 from coincidence.csv not found in C
Warning: Course 1749 from coincidence.csv not found in C
Warning: Course 1749 from coincidence.csv not found in C
Warning: Course 1749 from coincidence.csv not found in C
Warning: Course 1749 from coincidence.csv not found in C
Warning: Course 1749 from coincidence.csv not found in C
Warning: Course 1749 from coincidence.csv not found in C
Warning: Course 1749 from coincidence.csv not found in C
Warning: Course 1749 from coincidence.csv not found in C
Warning: Course 1749 from coincidence.csv not found in C
Warning: Course 1749 from coincidence.csv not found in C
Warning: Course 1749 from coincidence.csv not found in C
Warning: Course 1749 from coincidence.csv not found in C
Warning: Course 1749 from coincidence.csv not found in C
Warning: Course 1749 from coincidence.csv not found in C
Warning: Course 1749 from coincidence.csv not found in C
Warning: Course 1758 from coincidence.csv not found in C
Warning: Course 1758 from coincidence.csv not found in C
Warning: Course 1758 from coincidence.csv not found in C
Warning: Course 1758 from coincidence.csv not found in C
Warning: Course 1758 from coincidence.csv not found in C
Warning: Course 1758 from coincidence.csv not found in C
Warning: Course 1758 from coincidence.csv not found in C
Warning: Course 1758 from coincidence.csv not found in C
Warning: Course 1758 from coincidence.csv not found in C
Warning: Course 1758 from coincidence.csv not found in C
Warning: Course 1758 from coincidence.csv not found in C
Warning: Course 1758 from coincidence.csv not found in C
Warning: Course 1758 from coincidence.csv not found in C
Warning: Course 1131 from coincidence.csv not found in C
Warning: Course 1154 from coincidence.csv not found in C
Warning: Course 1220 from coincidence.csv not found in C
Warning: Course 1266 from coincidence.csv not found in C
Warning: Course 1373 from coincidence.csv not found in C
Warning: Course 1539 from coincidence.csv not found in C
Warning: Course 1631 from coincidence.csv not found in C
Warning: Course 1632 from coincidence.csv not found in C
Warning: Course 1650 from coincidence.csv not found in C
Warning: Course 1722 from coincidence.csv not found in C
Warning: Course 1788 from coincidence.csv not found in C
Warning: Course 1818 from coincidence.csv not found in C
Warning: Course 1868 from coincidence.csv not found in C
Warning: Course 1871 from coincidence.csv not found in C
Warning: Course 1920 from coincidence.csv not found in C
Warning: Course 1940 from coincidence.csv not found in C
Warning: Course 2001 from coincidence.csv not found in C
Warning: Course 2002 from coincidence.csv not found in C
Warning: Course 2004 from coincidence.csv not found in C
Warning: Course 2032 from coincidence.csv not found in C
Warning: Course 2098 from coincidence.csv not found in C
Warning: Course 2099 from coincidence.csv not found in C
Warning: Course 2244 from coincidence.csv not found in C
Warning: Course 2391 from coincidence.csv not found in C
Warning: Course 3207 from coincidence.csv not found in C
Warning: Course 3334 from coincidence.csv not found in C
Warning: Course 5504 from coincidence.csv not found in C
Warning: Course Q16 from coincidence.csv not found in C
Warning: Course TIM11 from coincidence.csv not found in C
Warning: Course 1766 from coincidence.csv not found in C
Warning: Course 1766 from coincidence.csv not found in C
Warning: Course 1766 from coincidence.csv not found in C
Warning: Course 1767 from coincidence.csv not found in C
Warning: Course 1767 from coincidence.csv not found in C
Warning: Course 1767 from coincidence.csv not found in C
Warning: Course 1767 from coincidence.csv not found in C
Warning: Course 1767 from coincidence.csv not found in C
Warning: Course 1767 from coincidence.csv not found in C
Warning: Course 1767 from coincidence.csv not found in C
Warning: Course 1767 from coincidence.csv not found in C
Warning: Course 1767 from coincidence.csv not found in C
Warning: Course 1767 from coincidence.csv not found in C
Warning: Course 1767 from coincidence.csv not found in C
Warning: Course 1767 from coincidence.csv not found in C
Warning: Course 1767 from coincidence.csv not found in C
Warning: Course 1767 from coincidence.csv not found in C
Warning: Course 1767 from coincidence.csv not found in C
Warning: Course 1767 from coincidence.csv not found in C
Warning: Course 1767 from coincidence.csv not found in C
Warning: Course 1767 from coincidence.csv not found in C
Warning: Course 1767 from coincidence.csv not found in C
Warning: Course 1767 from coincidence.csv not found in C
Warning: Course 1773 from coincidence.csv not found in C
Warning: Course 1774 from coincidence.csv not found in C
Warning: Course 1774 from coincidence.csv not found in C
Warning: Course 1774 from coincidence.csv not found in C
Warning: Course 1774 from coincidence.csv not found in C
Warning: Course 1774 from coincidence.csv not found in C
Warning: Course 1774 from coincidence.csv not found in C
Warning: Course 1775 from coincidence.csv not found in C
Warning: Course 1775 from coincidence.csv not found in C
Warning: Course 1776 from coincidence.csv not found in C
Warning: Course 1776 from coincidence.csv not found in C
Warning: Course 1778 from coincidence.csv not found in C
Warning: Course 1780 from coincidence.csv not found in C
Warning: Course 1780 from coincidence.csv not found in C
Warning: Course 1780 from coincidence.csv not found in C
Warning: Course 1780 from coincidence.csv not found in C
Warning: Course 1781 from coincidence.csv not found in C
Warning: Course 1781 from coincidence.csv not found in C
Warning: Course 1781 from coincidence.csv not found in C
Warning: Course 1781 from coincidence.csv not found in C
Warning: Course 1781 from coincidence.csv not found in C
Warning: Course 1781 from coincidence.csv not found in C
Warning: Course 1781 from coincidence.csv not found in C
Warning: Course 1781 from coincidence.csv not found in C
Warning: Course 1788 from coincidence.csv not found in C
Warning: Course 1788 from coincidence.csv not found in C
Warning: Course 1788 from coincidence.csv not found in C
Warning: Course 1788 from coincidence.csv not found in C
Warning: Course 1788 from coincidence.csv not found in C
Warning: Course 1788 from coincidence.csv not found in C
Warning: Course 1788 from coincidence.csv not found in C
Warning: Course 1788 from coincidence.csv not found in C
Warning: Course 1788 from coincidence.csv not found in C
Warning: Course 1788 from coincidence.csv not found in C
Warning: Course 1788 from coincidence.csv not found in C
Warning: Course 1788 from coincidence.csv not found in C
Warning: Course 1788 from coincidence.csv not found in C
Warning: Course 1788 from coincidence.csv not found in C
Warning: Course 1788 from coincidence.csv not found in C
Warning: Course 1788 from coincidence.csv not found in C
Warning: Course 1788 from coincidence.csv not found in C
Warning: Course 1788 from coincidence.csv not found in C
Warning: Course 1788 from coincidence.csv not found in C
Warning: Course 1788 from coincidence.csv not found in C
Warning: Course 1788 from coincidence.csv not found in C
Warning: Course 1788 from coincidence.csv not found in C
Warning: Course 1131 from coincidence.csv not found in C
Warning: Course 1154 from coincidence.csv not found in C
Warning: Course 1220 from coincidence.csv not found in C
Warning: Course 1266 from coincidence.csv not found in C
Warning: Course 1539 from coincidence.csv not found in C
Warning: Course 1650 from coincidence.csv not found in C
Warning: Course 1700 from coincidence.csv not found in C
Warning: Course 1722 from coincidence.csv not found in C
Warning: Course 1727 from coincidence.csv not found in C
Warning: Course 1788 from coincidence.csv not found in C
Warning: Course 1818 from coincidence.csv not found in C
Warning: Course 1851 from coincidence.csv not found in C
Warning: Course 1868 from coincidence.csv not found in C
Warning: Course 1871 from coincidence.csv not found in C
Warning: Course 1920 from coincidence.csv not found in C
Warning: Course 2001 from coincidence.csv not found in C
Warning: Course 2002 from coincidence.csv not found in C
Warning: Course 2032 from coincidence.csv not found in C
Warning: Course 2216 from coincidence.csv not found in C
Warning: Course 2217 from coincidence.csv not found in C
Warning: Course 2230 from coincidence.csv not found in C
Warning: Course 2253 from coincidence.csv not found in C
Warning: Course 2355 from coincidence.csv not found in C
Warning: Course 2359 from coincidence.csv not found in C
Warning: Course 2379 from coincidence.csv not found in C
Warning: Course 2397 from coincidence.csv not found in C
Warning: Course 2403 from coincidence.csv not found in C
Warning: Course 2404 from coincidence.csv not found in C
Warning: Course 2410 from coincidence.csv not found in C
Warning: Course 2411 from coincidence.csv not found in C
Warning: Course 2419 from coincidence.csv not found in C
Warning: Course 2450 from coincidence.csv not found in C
Warning: Course 2504 from coincidence.csv not found in C
Warning: Course 2505 from coincidence.csv not found in C
Warning: Course 2600 from coincidence.csv not found in C
Warning: Course 2804 from coincidence.csv not found in C
Warning: Course 2805 from coincidence.csv not found in C
Warning: Course 5504 from coincidence.csv not found in C
Warning: Course 5705 from coincidence.csv not found in C
Warning: Course Q16 from coincidence.csv not found in C
Warning: Course TIM11 from coincidence.csv not found in C
Warning: Course 1817 from coincidence.csv not found in C
Warning: Course 1817 from coincidence.csv not found in C
Warning: Course 1817 from coincidence.csv not found in C
Warning: Course 1817 from coincidence.csv not found in C
Warning: Course 1817 from coincidence.csv not found in C
Warning: Course 1817 from coincidence.csv not found in C
Warning: Course 1817 from coincidence.csv not found in C
Warning: Course 1817 from coincidence.csv not found in C
Warning: Course 1817 from coincidence.csv not found in C
Warning: Course 1817 from coincidence.csv not found in C
Warning: Course 1817 from coincidence.csv not found in C
Warning: Course 1817 from coincidence.csv not found in C
Warning: Course 1817 from coincidence.csv not found in C
Warning: Course 1817 from coincidence.csv not found in C
Warning: Course 1817 from coincidence.csv not found in C
Warning: Course 1817 from coincidence.csv not found in C
Warning: Course 1817 from coincidence.csv not found in C
Warning: Course 1817 from coincidence.csv not found in C
Warning: Course 1817 from coincidence.csv not found in C
Warning: Course 1817 from coincidence.csv not found in C
Warning: Course 1817 from coincidence.csv not found in C
Warning: Course 1817 from coincidence.csv not found in C
Warning: Course 1817 from coincidence.csv not found in C
Warning: Course 1817 from coincidence.csv not found in C
Warning: Course 1817 from coincidence.csv not found in C
Warning: Course 1817 from coincidence.csv not found in C
Warning: Course 1817 from coincidence.csv not found in C
Warning: Course 1818 from coincidence.csv not found in C
Warning: Course 1818 from coincidence.csv not found in C
Warning: Course 1818 from coincidence.csv not found in C
Warning: Course 1818 from coincidence.csv not found in C
Warning: Course 1818 from coincidence.csv not found in C
Warning: Course 1818 from coincidence.csv not found in C
Warning: Course 1818 from coincidence.csv not found in C
Warning: Course 1818 from coincidence.csv not found in C
Warning: Course 1818 from coincidence.csv not found in C
Warning: Course 1818 from coincidence.csv not found in C
Warning: Course 1828 from coincidence.csv not found in C
Warning: Course 1828 from coincidence.csv not found in C
Warning: Course 1828 from coincidence.csv not found in C
Warning: Course 1828 from coincidence.csv not found in C
Warning: Course 1828 from coincidence.csv not found in C
Warning: Course 1828 from coincidence.csv not found in C
Warning: Course 1828 from coincidence.csv not found in C
Warning: Course 1828 from coincidence.csv not found in C
Warning: Course 1828 from coincidence.csv not found in C
Warning: Course 1828 from coincidence.csv not found in C
Warning: Course 1828 from coincidence.csv not found in C
Warning: Course 1828 from coincidence.csv not found in C
Warning: Course 1828 from coincidence.csv not found in C
Warning: Course 1835 from coincidence.csv not found in C
Warning: Course 1835 from coincidence.csv not found in C
Warning: Course 1835 from coincidence.csv not found in C
Warning: Course 1835 from coincidence.csv not found in C
Warning: Course 1835 from coincidence.csv not found in C
Warning: Course 1835 from coincidence.csv not found in C
Warning: Course 1835 from coincidence.csv not found in C
Warning: Course 1835 from coincidence.csv not found in C
Warning: Course 1835 from coincidence.csv not found in C
Warning: Course 1835 from coincidence.csv not found in C
Warning: Course 1835 from coincidence.csv not found in C
Warning: Course 1835 from coincidence.csv not found in C
Warning: Course 1835 from coincidence.csv not found in C
Warning: Course 1835 from coincidence.csv not found in C
Warning: Course 1835 from coincidence.csv not found in C
Warning: Course 1835 from coincidence.csv not found in C
Warning: Course 1835 from coincidence.csv not found in C
Warning: Course 1835 from coincidence.csv not found in C
Warning: Course 1835 from coincidence.csv not found in C
Warning: Course 1835 from coincidence.csv not found in C
Warning: Course 1835 from coincidence.csv not found in C
Warning: Course 1835 from coincidence.csv not found in C
Warning: Course 1835 from coincidence.csv not found in C
Warning: Course 1848 from coincidence.csv not found in C
Warning: Course 1848 from coincidence.csv not found in C
Warning: Course 1131 from coincidence.csv not found in C
Warning: Course 1140 from coincidence.csv not found in C
Warning: Course 1154 from coincidence.csv not found in C
Warning: Course 1220 from coincidence.csv not found in C
Warning: Course 1266 from coincidence.csv not found in C
Warning: Course 1650 from coincidence.csv not found in C
Warning: Course 1722 from coincidence.csv not found in C
Warning: Course 1727 from coincidence.csv not found in C
Warning: Course 1788 from coincidence.csv not found in C
Warning: Course 1868 from coincidence.csv not found in C
Warning: Course 1871 from coincidence.csv not found in C
Warning: Course 1920 from coincidence.csv not found in C
Warning: Course 2001 from coincidence.csv not found in C
Warning: Course 2002 from coincidence.csv not found in C
Warning: Course 2004 from coincidence.csv not found in C
Warning: Course 2032 from coincidence.csv not found in C
Warning: Course 2600 from coincidence.csv not found in C
Warning: Course 2605 from coincidence.csv not found in C
Warning: Course 5504 from coincidence.csv not found in C
Warning: Course 5705 from coincidence.csv not found in C
Warning: Course PA580 from coincidence.csv not found in C
Warning: Course PE035 from coincidence.csv not found in C
Warning: Course Q16 from coincidence.csv not found in C
Warning: Course TIM10 from coincidence.csv not found in C
Warning: Course TIM11 from coincidence.csv not found in C
Warning: Course TIM13 from coincidence.csv not found in C
Warning: Course TIM14 from coincidence.csv not found in C
Warning: Course 1851 from coincidence.csv not found in C
Warning: Course 1851 from coincidence.csv not found in C
Warning: Course 1851 from coincidence.csv not found in C
Warning: Course 1851 from coincidence.csv not found in C
Warning: Course 1154 from coincidence.csv not found in C
Warning: Course 1650 from coincidence.csv not found in C
Warning: Course 1700 from coincidence.csv not found in C
Warning: Course 1851 from coincidence.csv not found in C
Warning: Course 2210 from coincidence.csv not found in C
Warning: Course 2231 from coincidence.csv not found in C
Warning: Course 2240 from coincidence.csv not found in C
Warning: Course 2397 from coincidence.csv not found in C
Warning: Course 2399 from coincidence.csv not found in C
Warning: Course 2450 from coincidence.csv not found in C
Warning: Course TCI24 from coincidence.csv not found in C
Warning: Course 1220 from coincidence.csv not found in C
Warning: Course 1266 from coincidence.csv not found in C
Warning: Course 1722 from coincidence.csv not found in C
Warning: Course 1727 from coincidence.csv not found in C
Warning: Course 1818 from coincidence.csv not found in C
Warning: Course 1868 from coincidence.csv not found in C
Warning: Course 2001 from coincidence.csv not found in C
Warning: Course 2002 from coincidence.csv not found in C
Warning: Course 2004 from coincidence.csv not found in C
Warning: Course 2032 from coincidence.csv not found in C
Warning: Course 5504 from coincidence.csv not found in C
Warning: Course 5705 from coincidence.csv not found in C
Warning: Course 1857 from coincidence.csv not found in C
Warning: Course 1857 from coincidence.csv not found in C
Warning: Course 1857 from coincidence.csv not found in C
Warning: Course 1857 from coincidence.csv not found in C
Warning: Course 1857 from coincidence.csv not found in C
Warning: Course 1857 from coincidence.csv not found in C
Warning: Course 1857 from coincidence.csv not found in C
Warning: Course 1857 from coincidence.csv not found in C
Warning: Course 1857 from coincidence.csv not found in C
Warning: Course 1857 from coincidence.csv not found in C
Warning: Course 1857 from coincidence.csv not found in C
Warning: Course 1857 from coincidence.csv not found in C
Warning: Course 1857 from coincidence.csv not found in C
Warning: Course 1857 from coincidence.csv not found in C
Warning: Course 1857 from coincidence.csv not found in C
Warning: Course 1857 from coincidence.csv not found in C
Warning: Course 1857 from coincidence.csv not found in C
Warning: Course 1857 from coincidence.csv not found in C
Warning: Course 1857 from coincidence.csv not found in C
Warning: Course 1857 from coincidence.csv not found in C
Warning: Course 1857 from coincidence.csv not found in C
Warning: Course 1857 from coincidence.csv not found in C
Warning: Course 1857 from coincidence.csv not found in C
Warning: Course 1857 from coincidence.csv not found in C
Warning: Course 1857 from coincidence.csv not found in C
Warning: Course 1857 from coincidence.csv not found in C
Warning: Course 1857 from coincidence.csv not found in C
Warning: Course 1857 from coincidence.csv not found in C
Warning: Course 1857 from coincidence.csv not found in C
Warning: Course 1857 from coincidence.csv not found in C
Warning: Course 1857 from coincidence.csv not found in C
Warning: Course 1857 from coincidence.csv not found in C
Warning: Course 1857 from coincidence.csv not found in C
Warning: Course 1857 from coincidence.csv not found in C
Warning: Course 1857 from coincidence.csv not found in C
Warning: Course 1857 from coincidence.csv not found in C
Warning: Course 1857 from coincidence.csv not found in C
Warning: Course 1857 from coincidence.csv not found in C
Warning: Course 1857 from coincidence.csv not found in C
Warning: Course 1857 from coincidence.csv not found in C
Warning: Course 1857 from coincidence.csv not found in C
Warning: Course 1857 from coincidence.csv not found in C
Warning: Course 1857 from coincidence.csv not found in C
Warning: Course 1857 from coincidence.csv not found in C
Warning: Course 1857 from coincidence.csv not found in C
Warning: Course 1857 from coincidence.csv not found in C
Warning: Course 1857 from coincidence.csv not found in C
Warning: Course 1857 from coincidence.csv not found in C
Warning: Course 1864 from coincidence.csv not found in C
Warning: Course 1864 from coincidence.csv not found in C
Warning: Course 1864 from coincidence.csv not found in C
Warning: Course 1864 from coincidence.csv not found in C
Warning: Course 1864 from coincidence.csv not found in C
Warning: Course 1864 from coincidence.csv not found in C
Warning: Course 1864 from coincidence.csv not found in C
Warning: Course 1864 from coincidence.csv not found in C
Warning: Course 1864 from coincidence.csv not found in C
Warning: Course 1864 from coincidence.csv not found in C
Warning: Course 1864 from coincidence.csv not found in C
Warning: Course 1864 from coincidence.csv not found in C
Warning: Course 1864 from coincidence.csv not found in C
Warning: Course 1864 from coincidence.csv not found in C
Warning: Course 1864 from coincidence.csv not found in C
Warning: Course 1864 from coincidence.csv not found in C
Warning: Course 1864 from coincidence.csv not found in C
Warning: Course 1864 from coincidence.csv not found in C
Warning: Course 1864 from coincidence.csv not found in C
Warning: Course 1864 from coincidence.csv not found in C
Warning: Course 1864 from coincidence.csv not found in C
Warning: Course 1864 from coincidence.csv not found in C
Warning: Course 1864 from coincidence.csv not found in C
Warning: Course 1866 from coincidence.csv not found in C
Warning: Course 1866 from coincidence.csv not found in C
Warning: Course 1866 from coincidence.csv not found in C
Warning: Course 1866 from coincidence.csv not found in C
Warning: Course 1866 from coincidence.csv not found in C
Warning: Course 1866 from coincidence.csv not found in C
Warning: Course 1866 from coincidence.csv not found in C
Warning: Course 1866 from coincidence.csv not found in C
Warning: Course 1866 from coincidence.csv not found in C
Warning: Course 1866 from coincidence.csv not found in C
Warning: Course 1866 from coincidence.csv not found in C
Warning: Course 1866 from coincidence.csv not found in C
Warning: Course 1866 from coincidence.csv not found in C
Warning: Course 1866 from coincidence.csv not found in C
Warning: Course 1866 from coincidence.csv not found in C
Warning: Course 1866 from coincidence.csv not found in C
Warning: Course 1866 from coincidence.csv not found in C
Warning: Course 1868 from coincidence.csv not found in C
Warning: Course 1868 from coincidence.csv not found in C
Warning: Course 1868 from coincidence.csv not found in C
Warning: Course 1868 from coincidence.csv not found in C
Warning: Course 1868 from coincidence.csv not found in C
Warning: Course 1868 from coincidence.csv not found in C
Warning: Course 1868 from coincidence.csv not found in C
Warning: Course 1868 from coincidence.csv not found in C
Warning: Course 1868 from coincidence.csv not found in C
Warning: Course 1868 from coincidence.csv not found in C
Warning: Course 1868 from coincidence.csv not found in C
Warning: Course 1868 from coincidence.csv not found in C
Warning: Course 1868 from coincidence.csv not found in C
Warning: Course 1868 from coincidence.csv not found in C
Warning: Course 1868 from coincidence.csv not found in C
Warning: Course 1868 from coincidence.csv not found in C
Warning: Course 1868 from coincidence.csv not found in C
Warning: Course 1868 from coincidence.csv not found in C
Warning: Course 1868 from coincidence.csv not found in C
Warning: Course 1868 from coincidence.csv not found in C
Warning: Course 1868 from coincidence.csv not found in C
Warning: Course 1868 from coincidence.csv not found in C
Warning: Course 1868 from coincidence.csv not found in C
Warning: Course 1868 from coincidence.csv not found in C
Warning: Course 1868 from coincidence.csv not found in C
Warning: Course 1870 from coincidence.csv not found in C
Warning: Course 1871 from coincidence.csv not found in C
Warning: Course 1871 from coincidence.csv not found in C
Warning: Course 1871 from coincidence.csv not found in C
Warning: Course 1871 from coincidence.csv not found in C
Warning: Course 1871 from coincidence.csv not found in C
Warning: Course 1871 from coincidence.csv not found in C
Warning: Course 1871 from coincidence.csv not found in C
Warning: Course 1871 from coincidence.csv not found in C
Warning: Course 1871 from coincidence.csv not found in C
Warning: Course 1871 from coincidence.csv not found in C
Warning: Course 1871 from coincidence.csv not found in C
Warning: Course 1871 from coincidence.csv not found in C
Warning: Course 1871 from coincidence.csv not found in C
Warning: Course 1871 from coincidence.csv not found in C
Warning: Course 1871 from coincidence.csv not found in C
Warning: Course 1871 from coincidence.csv not found in C
Warning: Course 1871 from coincidence.csv not found in C
Warning: Course 1871 from coincidence.csv not found in C
Warning: Course 1871 from coincidence.csv not found in C
Warning: Course 1871 from coincidence.csv not found in C
Warning: Course 1871 from coincidence.csv not found in C
Warning: Course 1871 from coincidence.csv not found in C
Warning: Course 1871 from coincidence.csv not found in C
Warning: Course 1871 from coincidence.csv not found in C
Warning: Course 1871 from coincidence.csv not found in C
Warning: Course 1871 from coincidence.csv not found in C
Warning: Course 1871 from coincidence.csv not found in C
Warning: Course 1871 from coincidence.csv not found in C
Warning: Course 1871 from coincidence.csv not found in C
Warning: Course 1871 from coincidence.csv not found in C
Warning: Course 1871 from coincidence.csv not found in C
Warning: Course 1871 from coincidence.csv not found in C
Warning: Course 1871 from coincidence.csv not found in C
Warning: Course 1871 from coincidence.csv not found in C
Warning: Course 1871 from coincidence.csv not found in C
Warning: Course 1871 from coincidence.csv not found in C
Warning: Course 1871 from coincidence.csv not found in C
Warning: Course 1871 from coincidence.csv not found in C
Warning: Course 1871 from coincidence.csv not found in C
Warning: Course 1871 from coincidence.csv not found in C
Warning: Course 1871 from coincidence.csv not found in C
Warning: Course 1871 from coincidence.csv not found in C
Warning: Course 1871 from coincidence.csv not found in C
Warning: Course 1871 from coincidence.csv not found in C
Warning: Course 1871 from coincidence.csv not found in C
Warning: Course 1871 from coincidence.csv not found in C
Warning: Course 1871 from coincidence.csv not found in C
Warning: Course 1871 from coincidence.csv not found in C
Warning: Course 1871 from coincidence.csv not found in C
Warning: Course 1871 from coincidence.csv not found in C
Warning: Course 1871 from coincidence.csv not found in C
Warning: Course 1871 from coincidence.csv not found in C
Warning: Course 1871 from coincidence.csv not found in C
Warning: Course 1871 from coincidence.csv not found in C
Warning: Course 1871 from coincidence.csv not found in C
Warning: Course 1871 from coincidence.csv not found in C
Warning: Course 1871 from coincidence.csv not found in C
Warning: Course 1871 from coincidence.csv not found in C
Warning: Course 1871 from coincidence.csv not found in C
Warning: Course 1871 from coincidence.csv not found in C
Warning: Course 1871 from coincidence.csv not found in C
Warning: Course 1871 from coincidence.csv not found in C
Warning: Course 1871 from coincidence.csv not found in C
Warning: Course 1871 from coincidence.csv not found in C
Warning: Course 1871 from coincidence.csv not found in C
Warning: Course 1871 from coincidence.csv not found in C
Warning: Course 1871 from coincidence.csv not found in C
Warning: Course 1871 from coincidence.csv not found in C
Warning: Course 1871 from coincidence.csv not found in C
Warning: Course 1871 from coincidence.csv not found in C
Warning: Course 1871 from coincidence.csv not found in C
Warning: Course 1871 from coincidence.csv not found in C
Warning: Course 1871 from coincidence.csv not found in C
Warning: Course 1871 from coincidence.csv not found in C
Warning: Course 1871 from coincidence.csv not found in C
Warning: Course 1871 from coincidence.csv not found in C
Warning: Course 1871 from coincidence.csv not found in C
Warning: Course 1871 from coincidence.csv not found in C
Warning: Course 1871 from coincidence.csv not found in C
Warning: Course 1871 from coincidence.csv not found in C
Warning: Course 1871 from coincidence.csv not found in C
Warning: Course 1871 from coincidence.csv not found in C
Warning: Course 1871 from coincidence.csv not found in C
Warning: Course 1871 from coincidence.csv not found in C
Warning: Course 1871 from coincidence.csv not found in C
Warning: Course 1871 from coincidence.csv not found in C
Warning: Course 1871 from coincidence.csv not found in C
Warning: Course 1871 from coincidence.csv not found in C
Warning: Course 1871 from coincidence.csv not found in C
Warning: Course 1871 from coincidence.csv not found in C
Warning: Course 1871 from coincidence.csv not found in C
Warning: Course 1871 from coincidence.csv not found in C
Warning: Course 1871 from coincidence.csv not found in C
Warning: Course 1871 from coincidence.csv not found in C
Warning: Course 1871 from coincidence.csv not found in C
Warning: Course 1871 from coincidence.csv not found in C
Warning: Course 1871 from coincidence.csv not found in C
Warning: Course 1871 from coincidence.csv not found in C
Warning: Course 1871 from coincidence.csv not found in C
Warning: Course 1871 from coincidence.csv not found in C
Warning: Course 1871 from coincidence.csv not found in C
Warning: Course 1871 from coincidence.csv not found in C
Warning: Course 1871 from coincidence.csv not found in C
Warning: Course 1876 from coincidence.csv not found in C
Warning: Course 1876 from coincidence.csv not found in C
Warning: Course 1878 from coincidence.csv not found in C
Warning: Course 1878 from coincidence.csv not found in C
Warning: Course 1878 from coincidence.csv not found in C
Warning: Course 1878 from coincidence.csv not found in C
Warning: Course 1881 from coincidence.csv not found in C
Warning: Course 1881 from coincidence.csv not found in C
Warning: Course 1881 from coincidence.csv not found in C
Warning: Course 1881 from coincidence.csv not found in C
Warning: Course 1881 from coincidence.csv not found in C
Warning: Course 1881 from coincidence.csv not found in C
Warning: Course 1881 from coincidence.csv not found in C
Warning: Course 1881 from coincidence.csv not found in C
Warning: Course 1881 from coincidence.csv not found in C
Warning: Course 1881 from coincidence.csv not found in C
Warning: Course 1881 from coincidence.csv not found in C
Warning: Course 1881 from coincidence.csv not found in C
Warning: Course 1881 from coincidence.csv not found in C
Warning: Course 1881 from coincidence.csv not found in C
Warning: Course 1881 from coincidence.csv not found in C
Warning: Course 1881 from coincidence.csv not found in C
Warning: Course 1881 from coincidence.csv not found in C
Warning: Course 1881 from coincidence.csv not found in C
Warning: Course 1881 from coincidence.csv not found in C
Warning: Course 1881 from coincidence.csv not found in C
Warning: Course 1881 from coincidence.csv not found in C
Warning: Course 1881 from coincidence.csv not found in C
Warning: Course 1881 from coincidence.csv not found in C
Warning: Course 1881 from coincidence.csv not found in C
Warning: Course 1881 from coincidence.csv not found in C
Warning: Course 1881 from coincidence.csv not found in C
Warning: Course 1888 from coincidence.csv not found in C
Warning: Course 1894 from coincidence.csv not found in C
Warning: Course 1894 from coincidence.csv not found in C
Warning: Course 1894 from coincidence.csv not found in C
Warning: Course 1894 from coincidence.csv not found in C
Warning: Course 1895 from coincidence.csv not found in C
Warning: Course 1895 from coincidence.csv not found in C
Warning: Course 1895 from coincidence.csv not found in C
Warning: Course 1895 from coincidence.csv not found in C
Warning: Course 1895 from coincidence.csv not found in C
Warning: Course 1895 from coincidence.csv not found in C
Warning: Course 1895 from coincidence.csv not found in C
Warning: Course 1895 from coincidence.csv not found in C
Warning: Course 1895 from coincidence.csv not found in C
Warning: Course 1895 from coincidence.csv not found in C
Warning: Course 1897 from coincidence.csv not found in C
Warning: Course 1898 from coincidence.csv not found in C
Warning: Course 1898 from coincidence.csv not found in C
Warning: Course 1898 from coincidence.csv not found in C
Warning: Course 1898 from coincidence.csv not found in C
Warning: Course 1898 from coincidence.csv not found in C
Warning: Course 1898 from coincidence.csv not found in C
Warning: Course 1898 from coincidence.csv not found in C
Warning: Course 1898 from coincidence.csv not found in C
Warning: Course 1910 from coincidence.csv not found in C
Warning: Course 1910 from coincidence.csv not found in C
Warning: Course 1910 from coincidence.csv not found in C
Warning: Course 1910 from coincidence.csv not found in C
Warning: Course 1910 from coincidence.csv not found in C
Warning: Course 1910 from coincidence.csv not found in C
Warning: Course 1910 from coincidence.csv not found in C
Warning: Course 1910 from coincidence.csv not found in C
Warning: Course 1910 from coincidence.csv not found in C
Warning: Course 1910 from coincidence.csv not found in C
Warning: Course 1910 from coincidence.csv not found in C
Warning: Course 1910 from coincidence.csv not found in C
Warning: Course 1910 from coincidence.csv not found in C
Warning: Course 1910 from coincidence.csv not found in C
Warning: Course 1910 from coincidence.csv not found in C
Warning: Course 1910 from coincidence.csv not found in C
Warning: Course 1910 from coincidence.csv not found in C
Warning: Course 1910 from coincidence.csv not found in C
Warning: Course 1910 from coincidence.csv not found in C
Warning: Course 1910 from coincidence.csv not found in C
Warning: Course 1910 from coincidence.csv not found in C
Warning: Course 1910 from coincidence.csv not found in C
Warning: Course 1910 from coincidence.csv not found in C
Warning: Course 1910 from coincidence.csv not found in C
Warning: Course 1910 from coincidence.csv not found in C
Warning: Course 1910 from coincidence.csv not found in C
Warning: Course 1910 from coincidence.csv not found in C
Warning: Course 1910 from coincidence.csv not found in C
Warning: Course 1910 from coincidence.csv not found in C
Warning: Course 1910 from coincidence.csv not found in C
Warning: Course 1910 from coincidence.csv not found in C
Warning: Course 1154 from coincidence.csv not found in C
Warning: Course 1220 from coincidence.csv not found in C
Warning: Course 1266 from coincidence.csv not found in C
Warning: Course 1373 from coincidence.csv not found in C
Warning: Course 1539 from coincidence.csv not found in C
Warning: Course 1632 from coincidence.csv not found in C
Warning: Course 1650 from coincidence.csv not found in C
Warning: Course 1788 from coincidence.csv not found in C
Warning: Course 1818 from coincidence.csv not found in C
Warning: Course 1868 from coincidence.csv not found in C
Warning: Course 1871 from coincidence.csv not found in C
Warning: Course 1920 from coincidence.csv not found in C
Warning: Course 1940 from coincidence.csv not found in C
Warning: Course 2032 from coincidence.csv not found in C
Warning: Course 2098 from coincidence.csv not found in C
Warning: Course 2099 from coincidence.csv not found in C
Warning: Course 2244 from coincidence.csv not found in C
Warning: Course 3334 from coincidence.csv not found in C
Warning: Course Q16 from coincidence.csv not found in C
Warning: Course 1918 from coincidence.csv not found in C
Warning: Course 1918 from coincidence.csv not found in C
Warning: Course 1918 from coincidence.csv not found in C
Warning: Course 1918 from coincidence.csv not found in C
Warning: Course 1918 from coincidence.csv not found in C
Warning: Course 1918 from coincidence.csv not found in C
Warning: Course 1918 from coincidence.csv not found in C
Warning: Course 1918 from coincidence.csv not found in C
Warning: Course 1918 from coincidence.csv not found in C
Warning: Course 1918 from coincidence.csv not found in C
Warning: Course 1918 from coincidence.csv not found in C
Warning: Course 1918 from coincidence.csv not found in C
Warning: Course 1918 from coincidence.csv not found in C
Warning: Course 1918 from coincidence.csv not found in C
Warning: Course 1918 from coincidence.csv not found in C
Warning: Course 1918 from coincidence.csv not found in C
Warning: Course 1918 from coincidence.csv not found in C
Warning: Course 1918 from coincidence.csv not found in C
Warning: Course 1918 from coincidence.csv not found in C
Warning: Course 1918 from coincidence.csv not found in C
Warning: Course 1918 from coincidence.csv not found in C
Warning: Course 1918 from coincidence.csv not found in C
Warning: Course 1918 from coincidence.csv not found in C
Warning: Course 1918 from coincidence.csv not found in C
Warning: Course 1918 from coincidence.csv not found in C
Warning: Course 1918 from coincidence.csv not found in C
Warning: Course 1918 from coincidence.csv not found in C
Warning: Course 1918 from coincidence.csv not found in C
Warning: Course 1918 from coincidence.csv not found in C
Warning: Course 1918 from coincidence.csv not found in C
Warning: Course 1918 from coincidence.csv not found in C
Warning: Course 1918 from coincidence.csv not found in C
Warning: Course 1918 from coincidence.csv not found in C
Warning: Course 1918 from coincidence.csv not found in C
Warning: Course 1918 from coincidence.csv not found in C
Warning: Course 1918 from coincidence.csv not found in C
Warning: Course 1918 from coincidence.csv not found in C
Warning: Course 1918 from coincidence.csv not found in C
Warning: Course 1918 from coincidence.csv not found in C
Warning: Course 1920 from coincidence.csv not found in C
Warning: Course 1920 from coincidence.csv not found in C
Warning: Course 1920 from coincidence.csv not found in C
Warning: Course 1920 from coincidence.csv not found in C
Warning: Course 1920 from coincidence.csv not found in C
Warning: Course 1920 from coincidence.csv not found in C
Warning: Course 1920 from coincidence.csv not found in C
Warning: Course 1920 from coincidence.csv not found in C
Warning: Course 1920 from coincidence.csv not found in C
Warning: Course 1920 from coincidence.csv not found in C
Warning: Course 1920 from coincidence.csv not found in C
Warning: Course 1920 from coincidence.csv not found in C
Warning: Course 1920 from coincidence.csv not found in C
Warning: Course 1920 from coincidence.csv not found in C
Warning: Course 1920 from coincidence.csv not found in C
Warning: Course 1920 from coincidence.csv not found in C
Warning: Course 1920 from coincidence.csv not found in C
Warning: Course 1920 from coincidence.csv not found in C
Warning: Course 1920 from coincidence.csv not found in C
Warning: Course 1920 from coincidence.csv not found in C
Warning: Course 1920 from coincidence.csv not found in C
Warning: Course 1920 from coincidence.csv not found in C
Warning: Course 1920 from coincidence.csv not found in C
Warning: Course 1920 from coincidence.csv not found in C
Warning: Course 1920 from coincidence.csv not found in C
Warning: Course 1920 from coincidence.csv not found in C
Warning: Course 1920 from coincidence.csv not found in C
Warning: Course 1920 from coincidence.csv not found in C
Warning: Course 1920 from coincidence.csv not found in C
Warning: Course 1920 from coincidence.csv not found in C
Warning: Course 1920 from coincidence.csv not found in C
Warning: Course 1920 from coincidence.csv not found in C
Warning: Course 1937 from coincidence.csv not found in C
Warning: Course 1937 from coincidence.csv not found in C
Warning: Course 1937 from coincidence.csv not found in C
Warning: Course 1937 from coincidence.csv not found in C
Warning: Course 1937 from coincidence.csv not found in C
Warning: Course 1937 from coincidence.csv not found in C
Warning: Course 1938 from coincidence.csv not found in C
Warning: Course 1938 from coincidence.csv not found in C
Warning: Course 1938 from coincidence.csv not found in C
Warning: Course 1938 from coincidence.csv not found in C
Warning: Course 1938 from coincidence.csv not found in C
Warning: Course 1938 from coincidence.csv not found in C
Warning: Course 1938 from coincidence.csv not found in C
Warning: Course 1940 from coincidence.csv not found in C
Warning: Course 1940 from coincidence.csv not found in C
Warning: Course 1940 from coincidence.csv not found in C
Warning: Course 1940 from coincidence.csv not found in C
Warning: Course 1940 from coincidence.csv not found in C
Warning: Course 1940 from coincidence.csv not found in C
Warning: Course 1940 from coincidence.csv not found in C
Warning: Course 1940 from coincidence.csv not found in C
Warning: Course 1940 from coincidence.csv not found in C
Warning: Course 1940 from coincidence.csv not found in C
Warning: Course 1940 from coincidence.csv not found in C
Warning: Course 1940 from coincidence.csv not found in C
Warning: Course 1940 from coincidence.csv not found in C
Warning: Course 1940 from coincidence.csv not found in C
Warning: Course 1940 from coincidence.csv not found in C
Warning: Course 1940 from coincidence.csv not found in C
Warning: Course 1940 from coincidence.csv not found in C
Warning: Course 1940 from coincidence.csv not found in C
Warning: Course 1940 from coincidence.csv not found in C
Warning: Course 1940 from coincidence.csv not found in C
Warning: Course 1940 from coincidence.csv not found in C
Warning: Course 1940 from coincidence.csv not found in C
Warning: Course 1940 from coincidence.csv not found in C
Warning: Course 1940 from coincidence.csv not found in C
Warning: Course 1940 from coincidence.csv not found in C
Warning: Course 1940 from coincidence.csv not found in C
Warning: Course 1940 from coincidence.csv not found in C
Warning: Course 1942 from coincidence.csv not found in C
Warning: Course 1942 from coincidence.csv not found in C
Warning: Course 1942 from coincidence.csv not found in C
Warning: Course 1942 from coincidence.csv not found in C
Warning: Course 1942 from coincidence.csv not found in C
Warning: Course 1942 from coincidence.csv not found in C
Warning: Course 1942 from coincidence.csv not found in C
Warning: Course 1942 from coincidence.csv not found in C
Warning: Course 1942 from coincidence.csv not found in C
Warning: Course 1942 from coincidence.csv not found in C
Warning: Course 1942 from coincidence.csv not found in C
Warning: Course 1942 from coincidence.csv not found in C
Warning: Course 1942 from coincidence.csv not found in C
Warning: Course 1942 from coincidence.csv not found in C
Warning: Course 1942 from coincidence.csv not found in C
Warning: Course 1942 from coincidence.csv not found in C
Warning: Course 1942 from coincidence.csv not found in C
Warning: Course 1942 from coincidence.csv not found in C
Warning: Course 1942 from coincidence.csv not found in C
Warning: Course 1942 from coincidence.csv not found in C
Warning: Course 1942 from coincidence.csv not found in C
Warning: Course 1942 from coincidence.csv not found in C
Warning: Course 1942 from coincidence.csv not found in C
Warning: Course 1942 from coincidence.csv not found in C
Warning: Course 1942 from coincidence.csv not found in C
Warning: Course 1942 from coincidence.csv not found in C
Warning: Course 1942 from coincidence.csv not found in C
Warning: Course 1942 from coincidence.csv not found in C
Warning: Course 1942 from coincidence.csv not found in C
Warning: Course 1942 from coincidence.csv not found in C
Warning: Course 1942 from coincidence.csv not found in C
Warning: Course 1942 from coincidence.csv not found in C
Warning: Course 1942 from coincidence.csv not found in C
Warning: Course 1942 from coincidence.csv not found in C
Warning: Course 1942 from coincidence.csv not found in C
Warning: Course 1942 from coincidence.csv not found in C
Warning: Course 1057 from coincidence.csv not found in C
Warning: Course 1131 from coincidence.csv not found in C
Warning: Course 1154 from coincidence.csv not found in C
Warning: Course 1213 from coincidence.csv not found in C
Warning: Course 1215 from coincidence.csv not found in C
Warning: Course 1220 from coincidence.csv not found in C
Warning: Course 1235 from coincidence.csv not found in C
Warning: Course 1266 from coincidence.csv not found in C
Warning: Course 1271 from coincidence.csv not found in C
Warning: Course 1307 from coincidence.csv not found in C
Warning: Course 1316 from coincidence.csv not found in C
Warning: Course 1324 from coincidence.csv not found in C
Warning: Course 1340 from coincidence.csv not found in C
Warning: Course 1353 from coincidence.csv not found in C
Warning: Course 1354 from coincidence.csv not found in C
Warning: Course 1373 from coincidence.csv not found in C
Warning: Course 1418 from coincidence.csv not found in C
Warning: Course 1419 from coincidence.csv not found in C
Warning: Course 1434 from coincidence.csv not found in C
Warning: Course 1438 from coincidence.csv not found in C
Warning: Course 1440 from coincidence.csv not found in C
Warning: Course 1447 from coincidence.csv not found in C
Warning: Course 1448 from coincidence.csv not found in C
Warning: Course 1450 from coincidence.csv not found in C
Warning: Course 1456 from coincidence.csv not found in C
Warning: Course 1462 from coincidence.csv not found in C
Warning: Course 1464 from coincidence.csv not found in C
Warning: Course 1513 from coincidence.csv not found in C
Warning: Course 1522 from coincidence.csv not found in C
Warning: Course 1524 from coincidence.csv not found in C
Warning: Course 1527 from coincidence.csv not found in C
Warning: Course 1534 from coincidence.csv not found in C
Warning: Course 1539 from coincidence.csv not found in C
Warning: Course 1545 from coincidence.csv not found in C
Warning: Course 1556 from coincidence.csv not found in C
Warning: Course 1611 from coincidence.csv not found in C
Warning: Course 1631 from coincidence.csv not found in C
Warning: Course 1632 from coincidence.csv not found in C
Warning: Course 1650 from coincidence.csv not found in C
Warning: Course 1700 from coincidence.csv not found in C
Warning: Course 1722 from coincidence.csv not found in C
Warning: Course 1731 from coincidence.csv not found in C
Warning: Course 1749 from coincidence.csv not found in C
Warning: Course 1766 from coincidence.csv not found in C
Warning: Course 1767 from coincidence.csv not found in C
Warning: Course 1774 from coincidence.csv not found in C
Warning: Course 1775 from coincidence.csv not found in C
Warning: Course 1776 from coincidence.csv not found in C
Warning: Course 1780 from coincidence.csv not found in C
Warning: Course 1781 from coincidence.csv not found in C
Warning: Course 1788 from coincidence.csv not found in C
Warning: Course 1817 from coincidence.csv not found in C
Warning: Course 1818 from coincidence.csv not found in C
Warning: Course 1828 from coincidence.csv not found in C
Warning: Course 1835 from coincidence.csv not found in C
Warning: Course 1848 from coincidence.csv not found in C
Warning: Course 1851 from coincidence.csv not found in C
Warning: Course 1857 from coincidence.csv not found in C
Warning: Course 1866 from coincidence.csv not found in C
Warning: Course 1868 from coincidence.csv not found in C
Warning: Course 1871 from coincidence.csv not found in C
Warning: Course 1876 from coincidence.csv not found in C
Warning: Course 1879 from coincidence.csv not found in C
Warning: Course 1886 from coincidence.csv not found in C
Warning: Course 1898 from coincidence.csv not found in C
Warning: Course 1920 from coincidence.csv not found in C
Warning: Course 1938 from coincidence.csv not found in C
Warning: Course 1940 from coincidence.csv not found in C
Warning: Course 1942 from coincidence.csv not found in C
Warning: Course 1949 from coincidence.csv not found in C
Warning: Course 1952 from coincidence.csv not found in C
Warning: Course 2001 from coincidence.csv not found in C
Warning: Course 2002 from coincidence.csv not found in C
Warning: Course 2004 from coincidence.csv not found in C
Warning: Course 2011 from coincidence.csv not found in C
Warning: Course 2013 from coincidence.csv not found in C
Warning: Course 2018 from coincidence.csv not found in C
Warning: Course 2020 from coincidence.csv not found in C
Warning: Course 2021 from coincidence.csv not found in C
Warning: Course 2022 from coincidence.csv not found in C
Warning: Course 2023 from coincidence.csv not found in C
Warning: Course 2032 from coincidence.csv not found in C
Warning: Course 2040 from coincidence.csv not found in C
Warning: Course 2054 from coincidence.csv not found in C
Warning: Course 2098 from coincidence.csv not found in C
Warning: Course 2211 from coincidence.csv not found in C
Warning: Course 2216 from coincidence.csv not found in C
Warning: Course 2217 from coincidence.csv not found in C
Warning: Course 2230 from coincidence.csv not found in C
Warning: Course 2231 from coincidence.csv not found in C
Warning: Course 2240 from coincidence.csv not found in C
Warning: Course 2244 from coincidence.csv not found in C
Warning: Course 2253 from coincidence.csv not found in C
Warning: Course 2309 from coincidence.csv not found in C
Warning: Course 2314 from coincidence.csv not found in C
Warning: Course 2355 from coincidence.csv not found in C
Warning: Course 2359 from coincidence.csv not found in C
Warning: Course 2379 from coincidence.csv not found in C
Warning: Course 2397 from coincidence.csv not found in C
Warning: Course 2398 from coincidence.csv not found in C
Warning: Course 2399 from coincidence.csv not found in C
Warning: Course 2403 from coincidence.csv not found in C
Warning: Course 2404 from coincidence.csv not found in C
Warning: Course 2411 from coincidence.csv not found in C
Warning: Course 2412 from coincidence.csv not found in C
Warning: Course 2415 from coincidence.csv not found in C
Warning: Course 2419 from coincidence.csv not found in C
Warning: Course 2450 from coincidence.csv not found in C
Warning: Course 2504 from coincidence.csv not found in C
Warning: Course 2505 from coincidence.csv not found in C
Warning: Course 2601 from coincidence.csv not found in C
Warning: Course 2605 from coincidence.csv not found in C
Warning: Course 2804 from coincidence.csv not found in C
Warning: Course 3334 from coincidence.csv not found in C
Warning: Course 5504 from coincidence.csv not found in C
Warning: Course 5518 from coincidence.csv not found in C
Warning: Course 5603 from coincidence.csv not found in C
Warning: Course 5705 from coincidence.csv not found in C
Warning: Course 5715 from coincidence.csv not found in C
Warning: Course 5720 from coincidence.csv not found in C
Warning: Course 5828 from coincidence.csv not found in C
Warning: Course 5839 from coincidence.csv not found in C
Warning: Course 5849 from coincidence.csv not found in C
Warning: Course 5853 from coincidence.csv not found in C
Warning: Course 5856 from coincidence.csv not found in C
Warning: Course 5904 from coincidence.csv not found in C
Warning: Course 5906 from coincidence.csv not found in C
Warning: Course 5916 from coincidence.csv not found in C
Warning: Course LIB36 from coincidence.csv not found in C
Warning: Course LIB38 from coincidence.csv not found in C
Warning: Course PA243 from coincidence.csv not found in C
Warning: Course PA511 from coincidence.csv not found in C
Warning: Course Q104 from coincidence.csv not found in C
Warning: Course Q16 from coincidence.csv not found in C
Warning: Course Q196B from coincidence.csv not found in C
Warning: Course Q197 from coincidence.csv not found in C
Warning: Course Q624 from coincidence.csv not found in C
Warning: Course Q68 from coincidence.csv not found in C
Warning: Course Q80 from coincidence.csv not found in C
Warning: Course Q82 from coincidence.csv not found in C
Warning: Course Q88 from coincidence.csv not found in C
Warning: Course TCI24 from coincidence.csv not found in C
Warning: Course 1949 from coincidence.csv not found in C
Warning: Course 1949 from coincidence.csv not found in C
Warning: Course 1949 from coincidence.csv not found in C
Warning: Course 1949 from coincidence.csv not found in C
Warning: Course 1949 from coincidence.csv not found in C
Warning: Course 1949 from coincidence.csv not found in C
Warning: Course 1949 from coincidence.csv not found in C
Warning: Course 1949 from coincidence.csv not found in C
Warning: Course 1949 from coincidence.csv not found in C
Warning: Course 1949 from coincidence.csv not found in C
Warning: Course 1949 from coincidence.csv not found in C
Warning: Course 1949 from coincidence.csv not found in C
Warning: Course 1949 from coincidence.csv not found in C
Warning: Course 1949 from coincidence.csv not found in C
Warning: Course 1949 from coincidence.csv not found in C
Warning: Course 1949 from coincidence.csv not found in C
Warning: Course 1949 from coincidence.csv not found in C
Warning: Course 1949 from coincidence.csv not found in C
Warning: Course 1949 from coincidence.csv not found in C
Warning: Course 1949 from coincidence.csv not found in C
Warning: Course 1949 from coincidence.csv not found in C
Warning: Course 1949 from coincidence.csv not found in C
Warning: Course 1949 from coincidence.csv not found in C
Warning: Course 1949 from coincidence.csv not found in C
Warning: Course 1949 from coincidence.csv not found in C
Warning: Course 1949 from coincidence.csv not found in C
Warning: Course 1949 from coincidence.csv not found in C
Warning: Course 1949 from coincidence.csv not found in C
Warning: Course 1949 from coincidence.csv not found in C
Warning: Course 1949 from coincidence.csv not found in C
Warning: Course 1949 from coincidence.csv not found in C
Warning: Course 1949 from coincidence.csv not found in C
Warning: Course 1949 from coincidence.csv not found in C
Warning: Course 1949 from coincidence.csv not found in C
Warning: Course 1949 from coincidence.csv not found in C
Warning: Course 1952 from coincidence.csv not found in C
Warning: Course 1131 from coincidence.csv not found in C
Warning: Course 1215 from coincidence.csv not found in C
Warning: Course 1266 from coincidence.csv not found in C
Warning: Course 1373 from coincidence.csv not found in C
Warning: Course 1539 from coincidence.csv not found in C
Warning: Course 1650 from coincidence.csv not found in C
Warning: Course 1781 from coincidence.csv not found in C
Warning: Course 1868 from coincidence.csv not found in C
Warning: Course 1898 from coincidence.csv not found in C
Warning: Course 1920 from coincidence.csv not found in C
Warning: Course 1938 from coincidence.csv not found in C
Warning: Course 2001 from coincidence.csv not found in C
Warning: Course 2002 from coincidence.csv not found in C
Warning: Course 2004 from coincidence.csv not found in C
Warning: Course 2398 from coincidence.csv not found in C
Warning: Course A88 from coincidence.csv not found in C
Warning: Course Q16 from coincidence.csv not found in C
Warning: Course Q624 from coincidence.csv not found in C
Warning: Course Q68 from coincidence.csv not found in C
Warning: Course Q80 from coincidence.csv not found in C
Warning: Course 2001 from coincidence.csv not found in C
Warning: Course 2001 from coincidence.csv not found in C
Warning: Course 2002 from coincidence.csv not found in C
Warning: Course 2002 from coincidence.csv not found in C
Warning: Course 2002 from coincidence.csv not found in C
Warning: Course 2002 from coincidence.csv not found in C
Warning: Course 2002 from coincidence.csv not found in C
Warning: Course 2002 from coincidence.csv not found in C
Warning: Course 2002 from coincidence.csv not found in C
Warning: Course 2002 from coincidence.csv not found in C
Warning: Course 2004 from coincidence.csv not found in C
Warning: Course 2004 from coincidence.csv not found in C
Warning: Course 2004 from coincidence.csv not found in C
Warning: Course 2004 from coincidence.csv not found in C
Warning: Course 2011 from coincidence.csv not found in C
Warning: Course 2011 from coincidence.csv not found in C
Warning: Course 2011 from coincidence.csv not found in C
Warning: Course 2011 from coincidence.csv not found in C
Warning: Course 2011 from coincidence.csv not found in C
Warning: Course 2011 from coincidence.csv not found in C
Warning: Course 2011 from coincidence.csv not found in C
Warning: Course 2011 from coincidence.csv not found in C
Warning: Course 2011 from coincidence.csv not found in C
Warning: Course 2011 from coincidence.csv not found in C
Warning: Course 2011 from coincidence.csv not found in C
Warning: Course 2011 from coincidence.csv not found in C
Warning: Course 2011 from coincidence.csv not found in C
Warning: Course 2011 from coincidence.csv not found in C
Warning: Course 2011 from coincidence.csv not found in C
Warning: Course 2011 from coincidence.csv not found in C
Warning: Course 2011 from coincidence.csv not found in C
Warning: Course 2011 from coincidence.csv not found in C
Warning: Course 2011 from coincidence.csv not found in C
Warning: Course 2011 from coincidence.csv not found in C
Warning: Course 2013 from coincidence.csv not found in C
Warning: Course 2013 from coincidence.csv not found in C
Warning: Course 2013 from coincidence.csv not found in C
Warning: Course 2013 from coincidence.csv not found in C
Warning: Course 2013 from coincidence.csv not found in C
Warning: Course 2013 from coincidence.csv not found in C
Warning: Course 2013 from coincidence.csv not found in C
Warning: Course 2013 from coincidence.csv not found in C
Warning: Course 2013 from coincidence.csv not found in C
Warning: Course 2013 from coincidence.csv not found in C
Warning: Course 2013 from coincidence.csv not found in C
Warning: Course 2013 from coincidence.csv not found in C
Warning: Course 2018 from coincidence.csv not found in C
Warning: Course 2018 from coincidence.csv not found in C
Warning: Course 2018 from coincidence.csv not found in C
Warning: Course 2018 from coincidence.csv not found in C
Warning: Course 2018 from coincidence.csv not found in C
Warning: Course 2018 from coincidence.csv not found in C
Warning: Course 2018 from coincidence.csv not found in C
Warning: Course 2018 from coincidence.csv not found in C
Warning: Course 2018 from coincidence.csv not found in C
Warning: Course 2018 from coincidence.csv not found in C
Warning: Course 2018 from coincidence.csv not found in C
Warning: Course 2018 from coincidence.csv not found in C
Warning: Course 2018 from coincidence.csv not found in C
Warning: Course 2018 from coincidence.csv not found in C
Warning: Course 2018 from coincidence.csv not found in C
Warning: Course 2018 from coincidence.csv not found in C
Warning: Course 2018 from coincidence.csv not found in C
Warning: Course 2018 from coincidence.csv not found in C
Warning: Course 2018 from coincidence.csv not found in C
Warning: Course 2018 from coincidence.csv not found in C
Warning: Course 2020 from coincidence.csv not found in C
Warning: Course 2020 from coincidence.csv not found in C
Warning: Course 2020 from coincidence.csv not found in C
Warning: Course 2020 from coincidence.csv not found in C
Warning: Course 2020 from coincidence.csv not found in C
Warning: Course 2020 from coincidence.csv not found in C
Warning: Course 2020 from coincidence.csv not found in C
Warning: Course 2020 from coincidence.csv not found in C
Warning: Course 2020 from coincidence.csv not found in C
Warning: Course 2020 from coincidence.csv not found in C
Warning: Course 2020 from coincidence.csv not found in C
Warning: Course 2020 from coincidence.csv not found in C
Warning: Course 2020 from coincidence.csv not found in C
Warning: Course 2020 from coincidence.csv not found in C
Warning: Course 2020 from coincidence.csv not found in C
Warning: Course 2020 from coincidence.csv not found in C
Warning: Course 2021 from coincidence.csv not found in C
Warning: Course 2021 from coincidence.csv not found in C
Warning: Course 2021 from coincidence.csv not found in C
Warning: Course 2021 from coincidence.csv not found in C
Warning: Course 2022 from coincidence.csv not found in C
Warning: Course 2022 from coincidence.csv not found in C
Warning: Course 2022 from coincidence.csv not found in C
Warning: Course 2022 from coincidence.csv not found in C
Warning: Course 2022 from coincidence.csv not found in C
Warning: Course 2022 from coincidence.csv not found in C
Warning: Course 2023 from coincidence.csv not found in C
Warning: Course 2023 from coincidence.csv not found in C
Warning: Course 2023 from coincidence.csv not found in C
Warning: Course 2023 from coincidence.csv not found in C
Warning: Course 2023 from coincidence.csv not found in C
Warning: Course 2023 from coincidence.csv not found in C
Warning: Course 2023 from coincidence.csv not found in C
Warning: Course 2023 from coincidence.csv not found in C
Warning: Course 2023 from coincidence.csv not found in C
Warning: Course 2023 from coincidence.csv not found in C
Warning: Course 2023 from coincidence.csv not found in C
Warning: Course 2023 from coincidence.csv not found in C
Warning: Course 2023 from coincidence.csv not found in C
Warning: Course 2023 from coincidence.csv not found in C
Warning: Course 2023 from coincidence.csv not found in C
Warning: Course 2023 from coincidence.csv not found in C
Warning: Course 2023 from coincidence.csv not found in C
Warning: Course 2023 from coincidence.csv not found in C
Warning: Course 2023 from coincidence.csv not found in C
Warning: Course 2023 from coincidence.csv not found in C
Warning: Course 2023 from coincidence.csv not found in C
Warning: Course 2023 from coincidence.csv not found in C
Warning: Course 2023 from coincidence.csv not found in C
Warning: Course 2025 from coincidence.csv not found in C
Warning: Course 2025 from coincidence.csv not found in C
Warning: Course 2025 from coincidence.csv not found in C
Warning: Course 2025 from coincidence.csv not found in C
Warning: Course 2025 from coincidence.csv not found in C
Warning: Course 2025 from coincidence.csv not found in C
Warning: Course 2025 from coincidence.csv not found in C
Warning: Course 2032 from coincidence.csv not found in C
Warning: Course 2032 from coincidence.csv not found in C
Warning: Course 2032 from coincidence.csv not found in C
Warning: Course 2032 from coincidence.csv not found in C
Warning: Course 2032 from coincidence.csv not found in C
Warning: Course 2040 from coincidence.csv not found in C
Warning: Course 2040 from coincidence.csv not found in C
Warning: Course 2040 from coincidence.csv not found in C
Warning: Course 2040 from coincidence.csv not found in C
Warning: Course 2040 from coincidence.csv not found in C
Warning: Course 2040 from coincidence.csv not found in C
Warning: Course 2040 from coincidence.csv not found in C
Warning: Course 2040 from coincidence.csv not found in C
Warning: Course 2040 from coincidence.csv not found in C
Warning: Course 2040 from coincidence.csv not found in C
Warning: Course 2040 from coincidence.csv not found in C
Warning: Course 2040 from coincidence.csv not found in C
Warning: Course 2040 from coincidence.csv not found in C
Warning: Course 2040 from coincidence.csv not found in C
Warning: Course 2040 from coincidence.csv not found in C
Warning: Course 2054 from coincidence.csv not found in C
Warning: Course 2054 from coincidence.csv not found in C
Warning: Course 2060 from coincidence.csv not found in C
Warning: Course 2060 from coincidence.csv not found in C
Warning: Course 2060 from coincidence.csv not found in C
Warning: Course 2060 from coincidence.csv not found in C
Warning: Course 2060 from coincidence.csv not found in C
Warning: Course 2060 from coincidence.csv not found in C
Warning: Course 2060 from coincidence.csv not found in C
Warning: Course 2060 from coincidence.csv not found in C
Warning: Course 2061 from coincidence.csv not found in C
Warning: Course 2061 from coincidence.csv not found in C
Warning: Course 2061 from coincidence.csv not found in C
Warning: Course 2061 from coincidence.csv not found in C
Warning: Course 2061 from coincidence.csv not found in C
Warning: Course 2098 from coincidence.csv not found in C
Warning: Course 2098 from coincidence.csv not found in C
Warning: Course 2098 from coincidence.csv not found in C
Warning: Course 2098 from coincidence.csv not found in C
Warning: Course 2098 from coincidence.csv not found in C
Warning: Course 2098 from coincidence.csv not found in C
Warning: Course 2099 from coincidence.csv not found in C
Warning: Course 2099 from coincidence.csv not found in C
Warning: Course 1131 from coincidence.csv not found in C
Warning: Course 1154 from coincidence.csv not found in C
Warning: Course 1215 from coincidence.csv not found in C
Warning: Course 1220 from coincidence.csv not found in C
Warning: Course 1266 from coincidence.csv not found in C
Warning: Course 1373 from coincidence.csv not found in C
Warning: Course 1539 from coincidence.csv not found in C
Warning: Course 1632 from coincidence.csv not found in C
Warning: Course 1650 from coincidence.csv not found in C
Warning: Course 1722 from coincidence.csv not found in C
Warning: Course 1788 from coincidence.csv not found in C
Warning: Course 1868 from coincidence.csv not found in C
Warning: Course 1871 from coincidence.csv not found in C
Warning: Course 1920 from coincidence.csv not found in C
Warning: Course 1940 from coincidence.csv not found in C
Warning: Course 2001 from coincidence.csv not found in C
Warning: Course 2002 from coincidence.csv not found in C
Warning: Course 2032 from coincidence.csv not found in C
Warning: Course 2098 from coincidence.csv not found in C
Warning: Course 2099 from coincidence.csv not found in C
Warning: Course 2216 from coincidence.csv not found in C
Warning: Course 2244 from coincidence.csv not found in C
Warning: Course 2253 from coincidence.csv not found in C
Warning: Course 2391 from coincidence.csv not found in C
Warning: Course 2398 from coincidence.csv not found in C
Warning: Course 3207 from coincidence.csv not found in C
Warning: Course 3334 from coincidence.csv not found in C
Warning: Course 5904 from coincidence.csv not found in C
Warning: Course Q104 from coincidence.csv not found in C
Warning: Course Q13 from coincidence.csv not found in C
Warning: Course Q16 from coincidence.csv not found in C
Warning: Course Q196B from coincidence.csv not found in C
Warning: Course Q624 from coincidence.csv not found in C
Warning: Course Q65 from coincidence.csv not found in C
Warning: Course Q68 from coincidence.csv not found in C
Warning: Course Q80 from coincidence.csv not found in C
Warning: Course Q82 from coincidence.csv not found in C
Warning: Course Q88 from coincidence.csv not found in C
Warning: Course TIM11 from coincidence.csv not found in C
Warning: Course 2112 from coincidence.csv not found in C
Warning: Course 2112 from coincidence.csv not found in C
Warning: Course 2112 from coincidence.csv not found in C
Warning: Course 1140 from coincidence.csv not found in C
Warning: Course 1220 from coincidence.csv not found in C
Warning: Course 1266 from coincidence.csv not found in C
Warning: Course 1700 from coincidence.csv not found in C
Warning: Course 1851 from coincidence.csv not found in C
Warning: Course 2216 from coincidence.csv not found in C
Warning: Course 2217 from coincidence.csv not found in C
Warning: Course 2359 from coincidence.csv not found in C
Warning: Course 2379 from coincidence.csv not found in C
Warning: Course 2403 from coincidence.csv not found in C
Warning: Course 2405 from coincidence.csv not found in C
Warning: Course 2411 from coincidence.csv not found in C
Warning: Course 2450 from coincidence.csv not found in C
Warning: Course 2504 from coincidence.csv not found in C
Warning: Course 2505 from coincidence.csv not found in C
Warning: Course 2804 from coincidence.csv not found in C
Warning: Course 2805 from coincidence.csv not found in C
Warning: Course 2210 from coincidence.csv not found in C
Warning: Course 2211 from coincidence.csv not found in C
Warning: Course 2211 from coincidence.csv not found in C
Warning: Course 2211 from coincidence.csv not found in C
Warning: Course 2216 from coincidence.csv not found in C
Warning: Course 2230 from coincidence.csv not found in C
Warning: Course 2230 from coincidence.csv not found in C
Warning: Course 2230 from coincidence.csv not found in C
Warning: Course 2230 from coincidence.csv not found in C
Warning: Course 2230 from coincidence.csv not found in C
Warning: Course 2230 from coincidence.csv not found in C
Warning: Course 2230 from coincidence.csv not found in C
Warning: Course 2230 from coincidence.csv not found in C
Warning: Course 2230 from coincidence.csv not found in C
Warning: Course 2230 from coincidence.csv not found in C
Warning: Course 2230 from coincidence.csv not found in C
Warning: Course 2230 from coincidence.csv not found in C
Warning: Course 2230 from coincidence.csv not found in C
Warning: Course 2230 from coincidence.csv not found in C
Warning: Course 2230 from coincidence.csv not found in C
Warning: Course 2230 from coincidence.csv not found in C
Warning: Course 2230 from coincidence.csv not found in C
Warning: Course 2230 from coincidence.csv not found in C
Warning: Course 2230 from coincidence.csv not found in C
Warning: Course 2230 from coincidence.csv not found in C
Warning: Course 2230 from coincidence.csv not found in C
Warning: Course 2230 from coincidence.csv not found in C
Warning: Course 2230 from coincidence.csv not found in C
Warning: Course 2230 from coincidence.csv not found in C
Warning: Course 2230 from coincidence.csv not found in C
Warning: Course 2230 from coincidence.csv not found in C
Warning: Course 2230 from coincidence.csv not found in C
Warning: Course 2230 from coincidence.csv not found in C
Warning: Course 2230 from coincidence.csv not found in C
Warning: Course 2230 from coincidence.csv not found in C
Warning: Course 2231 from coincidence.csv not found in C
Warning: Course 2231 from coincidence.csv not found in C
Warning: Course 2231 from coincidence.csv not found in C
Warning: Course 2231 from coincidence.csv not found in C
Warning: Course 2231 from coincidence.csv not found in C
Warning: Course 2231 from coincidence.csv not found in C
Warning: Course 2231 from coincidence.csv not found in C
Warning: Course 2231 from coincidence.csv not found in C
Warning: Course 2231 from coincidence.csv not found in C
Warning: Course 2231 from coincidence.csv not found in C
Warning: Course 2231 from coincidence.csv not found in C
Warning: Course 2231 from coincidence.csv not found in C
Warning: Course 2231 from coincidence.csv not found in C
Warning: Course 2231 from coincidence.csv not found in C
Warning: Course 2231 from coincidence.csv not found in C
Warning: Course 2231 from coincidence.csv not found in C
Warning: Course 2231 from coincidence.csv not found in C
Warning: Course 2231 from coincidence.csv not found in C
Warning: Course 2231 from coincidence.csv not found in C
Warning: Course 2231 from coincidence.csv not found in C
Warning: Course 2231 from coincidence.csv not found in C
Warning: Course 2231 from coincidence.csv not found in C
Warning: Course 2231 from coincidence.csv not found in C
Warning: Course 2231 from coincidence.csv not found in C
Warning: Course 2231 from coincidence.csv not found in C
Warning: Course 2231 from coincidence.csv not found in C
Warning: Course 2231 from coincidence.csv not found in C
Warning: Course 2231 from coincidence.csv not found in C
Warning: Course 2231 from coincidence.csv not found in C
Warning: Course 2231 from coincidence.csv not found in C
Warning: Course 2231 from coincidence.csv not found in C
Warning: Course 2231 from coincidence.csv not found in C
Warning: Course 2231 from coincidence.csv not found in C
Warning: Course 2231 from coincidence.csv not found in C
Warning: Course 2231 from coincidence.csv not found in C
Warning: Course 2231 from coincidence.csv not found in C
Warning: Course 2231 from coincidence.csv not found in C
Warning: Course 2231 from coincidence.csv not found in C
Warning: Course 2231 from coincidence.csv not found in C
Warning: Course 2231 from coincidence.csv not found in C
Warning: Course 2231 from coincidence.csv not found in C
Warning: Course 2231 from coincidence.csv not found in C
Warning: Course 2231 from coincidence.csv not found in C
Warning: Course 2231 from coincidence.csv not found in C
Warning: Course 2231 from coincidence.csv not found in C
Warning: Course 2231 from coincidence.csv not found in C
Warning: Course 2231 from coincidence.csv not found in C
Warning: Course 2231 from coincidence.csv not found in C
Warning: Course 2231 from coincidence.csv not found in C
Warning: Course 2231 from coincidence.csv not found in C
Warning: Course 2231 from coincidence.csv not found in C
Warning: Course 2231 from coincidence.csv not found in C
Warning: Course 2231 from coincidence.csv not found in C
Warning: Course 2231 from coincidence.csv not found in C
Warning: Course 2231 from coincidence.csv not found in C
Warning: Course 2231 from coincidence.csv not found in C
Warning: Course 2240 from coincidence.csv not found in C
Warning: Course 2240 from coincidence.csv not found in C
Warning: Course 2240 from coincidence.csv not found in C
Warning: Course 2240 from coincidence.csv not found in C
Warning: Course 2240 from coincidence.csv not found in C
Warning: Course 2240 from coincidence.csv not found in C
Warning: Course 2240 from coincidence.csv not found in C
Warning: Course 2240 from coincidence.csv not found in C
Warning: Course 2240 from coincidence.csv not found in C
Warning: Course 2240 from coincidence.csv not found in C
Warning: Course 2240 from coincidence.csv not found in C
Warning: Course 2240 from coincidence.csv not found in C
Warning: Course 2240 from coincidence.csv not found in C
Warning: Course 2240 from coincidence.csv not found in C
Warning: Course 2240 from coincidence.csv not found in C
Warning: Course 2240 from coincidence.csv not found in C
Warning: Course 2240 from coincidence.csv not found in C
Warning: Course 2240 from coincidence.csv not found in C
Warning: Course 2240 from coincidence.csv not found in C
Warning: Course 2240 from coincidence.csv not found in C
Warning: Course 2240 from coincidence.csv not found in C
Warning: Course 2240 from coincidence.csv not found in C
Warning: Course 2240 from coincidence.csv not found in C
Warning: Course 2240 from coincidence.csv not found in C
Warning: Course 2240 from coincidence.csv not found in C
Warning: Course 2240 from coincidence.csv not found in C
Warning: Course 2240 from coincidence.csv not found in C
Warning: Course 2240 from coincidence.csv not found in C
Warning: Course 2240 from coincidence.csv not found in C
Warning: Course 2240 from coincidence.csv not found in C
Warning: Course 2240 from coincidence.csv not found in C
Warning: Course 2240 from coincidence.csv not found in C
Warning: Course 2240 from coincidence.csv not found in C
Warning: Course 2240 from coincidence.csv not found in C
Warning: Course 2240 from coincidence.csv not found in C
Warning: Course 2240 from coincidence.csv not found in C
Warning: Course 2240 from coincidence.csv not found in C
Warning: Course 2240 from coincidence.csv not found in C
Warning: Course 2240 from coincidence.csv not found in C
Warning: Course 2240 from coincidence.csv not found in C
Warning: Course 2240 from coincidence.csv not found in C
Warning: Course 2240 from coincidence.csv not found in C
Warning: Course 2240 from coincidence.csv not found in C
Warning: Course 2244 from coincidence.csv not found in C
Warning: Course 2244 from coincidence.csv not found in C
Warning: Course 2244 from coincidence.csv not found in C
Warning: Course 2244 from coincidence.csv not found in C
Warning: Course 2244 from coincidence.csv not found in C
Warning: Course 2244 from coincidence.csv not found in C
Warning: Course 2244 from coincidence.csv not found in C
Warning: Course 2244 from coincidence.csv not found in C
Warning: Course 2244 from coincidence.csv not found in C
Warning: Course 2244 from coincidence.csv not found in C
Warning: Course 2244 from coincidence.csv not found in C
Warning: Course 2244 from coincidence.csv not found in C
Warning: Course 2244 from coincidence.csv not found in C
Warning: Course 2244 from coincidence.csv not found in C
Warning: Course 2244 from coincidence.csv not found in C
Warning: Course 2244 from coincidence.csv not found in C
Warning: Course 2244 from coincidence.csv not found in C
Warning: Course 2244 from coincidence.csv not found in C
Warning: Course 2244 from coincidence.csv not found in C
Warning: Course 2244 from coincidence.csv not found in C
Warning: Course 2244 from coincidence.csv not found in C
Warning: Course 2244 from coincidence.csv not found in C
Warning: Course 2244 from coincidence.csv not found in C
Warning: Course 2244 from coincidence.csv not found in C
Warning: Course 2244 from coincidence.csv not found in C
Warning: Course 2244 from coincidence.csv not found in C
Warning: Course 2244 from coincidence.csv not found in C
Warning: Course 2244 from coincidence.csv not found in C
Warning: Course 2244 from coincidence.csv not found in C
Warning: Course 2244 from coincidence.csv not found in C
Warning: Course 2244 from coincidence.csv not found in C
Warning: Course 2244 from coincidence.csv not found in C
Warning: Course 2244 from coincidence.csv not found in C
Warning: Course 2247 from coincidence.csv not found in C
Warning: Course 2247 from coincidence.csv not found in C
Warning: Course 2247 from coincidence.csv not found in C
Warning: Course 2247 from coincidence.csv not found in C
Warning: Course 2247 from coincidence.csv not found in C
Warning: Course 2247 from coincidence.csv not found in C
Warning: Course 2247 from coincidence.csv not found in C
Warning: Course 2247 from coincidence.csv not found in C
Warning: Course 2253 from coincidence.csv not found in C
Warning: Course 2253 from coincidence.csv not found in C
Warning: Course 2253 from coincidence.csv not found in C
Warning: Course 2253 from coincidence.csv not found in C
Warning: Course 2253 from coincidence.csv not found in C
Warning: Course 2253 from coincidence.csv not found in C
Warning: Course 2253 from coincidence.csv not found in C
Warning: Course 2253 from coincidence.csv not found in C
Warning: Course 2253 from coincidence.csv not found in C
Warning: Course 2253 from coincidence.csv not found in C
Warning: Course 2253 from coincidence.csv not found in C
Warning: Course 2253 from coincidence.csv not found in C
Warning: Course 2253 from coincidence.csv not found in C
Warning: Course 2253 from coincidence.csv not found in C
Warning: Course 2253 from coincidence.csv not found in C
Warning: Course 2253 from coincidence.csv not found in C
Warning: Course 2253 from coincidence.csv not found in C
Warning: Course 2253 from coincidence.csv not found in C
Warning: Course 2253 from coincidence.csv not found in C
Warning: Course 2253 from coincidence.csv not found in C
Warning: Course 2253 from coincidence.csv not found in C
Warning: Course 2309 from coincidence.csv not found in C
Warning: Course 2309 from coincidence.csv not found in C
Warning: Course 2309 from coincidence.csv not found in C
Warning: Course 2309 from coincidence.csv not found in C
Warning: Course 2309 from coincidence.csv not found in C
Warning: Course 2309 from coincidence.csv not found in C
Warning: Course 2309 from coincidence.csv not found in C
Warning: Course 2309 from coincidence.csv not found in C
Warning: Course 2309 from coincidence.csv not found in C
Warning: Course 2309 from coincidence.csv not found in C
Warning: Course 2309 from coincidence.csv not found in C
Warning: Course 2309 from coincidence.csv not found in C
Warning: Course 2309 from coincidence.csv not found in C
Warning: Course 2309 from coincidence.csv not found in C
Warning: Course 2309 from coincidence.csv not found in C
Warning: Course 2309 from coincidence.csv not found in C
Warning: Course 2314 from coincidence.csv not found in C
Warning: Course 2314 from coincidence.csv not found in C
Warning: Course 2320 from coincidence.csv not found in C
Warning: Course 2355 from coincidence.csv not found in C
Warning: Course 2355 from coincidence.csv not found in C
Warning: Course 2355 from coincidence.csv not found in C
Warning: Course 2355 from coincidence.csv not found in C
Warning: Course 2355 from coincidence.csv not found in C
Warning: Course 2355 from coincidence.csv not found in C
Warning: Course 2355 from coincidence.csv not found in C
Warning: Course 2355 from coincidence.csv not found in C
Warning: Course 2355 from coincidence.csv not found in C
Warning: Course 2355 from coincidence.csv not found in C
Warning: Course 2355 from coincidence.csv not found in C
Warning: Course 2355 from coincidence.csv not found in C
Warning: Course 2355 from coincidence.csv not found in C
Warning: Course 2355 from coincidence.csv not found in C
Warning: Course 2359 from coincidence.csv not found in C
Warning: Course 2359 from coincidence.csv not found in C
Warning: Course 2359 from coincidence.csv not found in C
Warning: Course 1131 from coincidence.csv not found in C
Warning: Course 1154 from coincidence.csv not found in C
Warning: Course 1220 from coincidence.csv not found in C
Warning: Course 1266 from coincidence.csv not found in C
Warning: Course 1650 from coincidence.csv not found in C
Warning: Course 1700 from coincidence.csv not found in C
Warning: Course 1722 from coincidence.csv not found in C
Warning: Course 1727 from coincidence.csv not found in C
Warning: Course 1851 from coincidence.csv not found in C
Warning: Course 1871 from coincidence.csv not found in C
Warning: Course 1879 from coincidence.csv not found in C
Warning: Course 1920 from coincidence.csv not found in C
Warning: Course 2002 from coincidence.csv not found in C
Warning: Course 2210 from coincidence.csv not found in C
Warning: Course 2211 from coincidence.csv not found in C
Warning: Course 2216 from coincidence.csv not found in C
Warning: Course 2230 from coincidence.csv not found in C
Warning: Course 2253 from coincidence.csv not found in C
Warning: Course 2355 from coincidence.csv not found in C
Warning: Course 2397 from coincidence.csv not found in C
Warning: Course 2403 from coincidence.csv not found in C
Warning: Course 2405 from coincidence.csv not found in C
Warning: Course 2450 from coincidence.csv not found in C
Warning: Course 2504 from coincidence.csv not found in C
Warning: Course 2505 from coincidence.csv not found in C
Warning: Course 2804 from coincidence.csv not found in C
Warning: Course 2504 from coincidence.csv not found in C
Warning: Course 2505 from coincidence.csv not found in C
Warning: Course 2379 from coincidence.csv not found in C
Warning: Course 2379 from coincidence.csv not found in C
Warning: Course 2379 from coincidence.csv not found in C
Warning: Course 2379 from coincidence.csv not found in C
Warning: Course 2379 from coincidence.csv not found in C
Warning: Course 2379 from coincidence.csv not found in C
Warning: Course 2379 from coincidence.csv not found in C
Warning: Course 2379 from coincidence.csv not found in C
Warning: Course 2379 from coincidence.csv not found in C
Warning: Course 2379 from coincidence.csv not found in C
Warning: Course 2379 from coincidence.csv not found in C
Warning: Course 2379 from coincidence.csv not found in C
Warning: Course 2379 from coincidence.csv not found in C
Warning: Course 2379 from coincidence.csv not found in C
Warning: Course 2379 from coincidence.csv not found in C
Warning: Course 2379 from coincidence.csv not found in C
Warning: Course 2379 from coincidence.csv not found in C
Warning: Course 1220 from coincidence.csv not found in C
Warning: Course 1700 from coincidence.csv not found in C
Warning: Course 2404 from coincidence.csv not found in C
Warning: Course 2411 from coincidence.csv not found in C
Warning: Course 2450 from coincidence.csv not found in C
Warning: Course 2805 from coincidence.csv not found in C
Warning: Course 1220 from coincidence.csv not found in C
Warning: Course 1266 from coincidence.csv not found in C
Warning: Course 1650 from coincidence.csv not found in C
Warning: Course 1700 from coincidence.csv not found in C
Warning: Course 1851 from coincidence.csv not found in C
Warning: Course 1870 from coincidence.csv not found in C
Warning: Course 2211 from coincidence.csv not found in C
Warning: Course 2216 from coincidence.csv not found in C
Warning: Course 2253 from coincidence.csv not found in C
Warning: Course 2379 from coincidence.csv not found in C
Warning: Course 2403 from coincidence.csv not found in C
Warning: Course 2405 from coincidence.csv not found in C
Warning: Course 2419 from coincidence.csv not found in C
Warning: Course 2450 from coincidence.csv not found in C
Warning: Course 2504 from coincidence.csv not found in C
Warning: Course 2505 from coincidence.csv not found in C
Warning: Course 2804 from coincidence.csv not found in C
Warning: Course 2805 from coincidence.csv not found in C
Warning: Course 1220 from coincidence.csv not found in C
Warning: Course 1266 from coincidence.csv not found in C
Warning: Course 1700 from coincidence.csv not found in C
Warning: Course 2404 from coincidence.csv not found in C
Warning: Course 2411 from coincidence.csv not found in C
Warning: Course 2805 from coincidence.csv not found in C
Warning: Course 2391 from coincidence.csv not found in C
Warning: Course 2391 from coincidence.csv not found in C
Warning: Course 2391 from coincidence.csv not found in C
Warning: Course 1154 from coincidence.csv not found in C
Warning: Course 1220 from coincidence.csv not found in C
Warning: Course 1266 from coincidence.csv not found in C
Warning: Course 1650 from coincidence.csv not found in C
Warning: Course 1700 from coincidence.csv not found in C
Warning: Course 1871 from coincidence.csv not found in C
Warning: Course 2355 from coincidence.csv not found in C
Warning: Course 2359 from coincidence.csv not found in C
Warning: Course 2379 from coincidence.csv not found in C
Warning: Course 2404 from coincidence.csv not found in C
Warning: Course 2410 from coincidence.csv not found in C
Warning: Course 2411 from coincidence.csv not found in C
Warning: Course 2419 from coincidence.csv not found in C
Warning: Course 2450 from coincidence.csv not found in C
Warning: Course 2804 from coincidence.csv not found in C
Warning: Course 2805 from coincidence.csv not found in C
Warning: Course 1220 from coincidence.csv not found in C
Warning: Course 1266 from coincidence.csv not found in C
Warning: Course 1650 from coincidence.csv not found in C
Warning: Course 1788 from coincidence.csv not found in C
Warning: Course 1818 from coincidence.csv not found in C
Warning: Course 1868 from coincidence.csv not found in C
Warning: Course 1871 from coincidence.csv not found in C
Warning: Course 1920 from coincidence.csv not found in C
Warning: Course 2002 from coincidence.csv not found in C
Warning: Course 2004 from coincidence.csv not found in C
Warning: Course 2600 from coincidence.csv not found in C
Warning: Course AC18 from coincidence.csv not found in C
Warning: Course Q16 from coincidence.csv not found in C
Warning: Course 2397 from coincidence.csv not found in C
Warning: Course 2397 from coincidence.csv not found in C
Warning: Course 2397 from coincidence.csv not found in C
Warning: Course 2397 from coincidence.csv not found in C
Warning: Course 2397 from coincidence.csv not found in C
Warning: Course 2397 from coincidence.csv not found in C
Warning: Course 2397 from coincidence.csv not found in C
Warning: Course 2397 from coincidence.csv not found in C
Warning: Course 2397 from coincidence.csv not found in C
Warning: Course 2397 from coincidence.csv not found in C
Warning: Course 2397 from coincidence.csv not found in C
Warning: Course 2397 from coincidence.csv not found in C
Warning: Course 2397 from coincidence.csv not found in C
Warning: Course 2397 from coincidence.csv not found in C
Warning: Course 2398 from coincidence.csv not found in C
Warning: Course 2399 from coincidence.csv not found in C
Warning: Course 2399 from coincidence.csv not found in C
Warning: Course 2399 from coincidence.csv not found in C
Warning: Course 2399 from coincidence.csv not found in C
Warning: Course 2399 from coincidence.csv not found in C
Warning: Course 2399 from coincidence.csv not found in C
Warning: Course 2399 from coincidence.csv not found in C
Warning: Course 2399 from coincidence.csv not found in C
Warning: Course 2399 from coincidence.csv not found in C
Warning: Course 2399 from coincidence.csv not found in C
Warning: Course 2399 from coincidence.csv not found in C
Warning: Course 2399 from coincidence.csv not found in C
Warning: Course 2399 from coincidence.csv not found in C
Warning: Course 2399 from coincidence.csv not found in C
Warning: Course 2399 from coincidence.csv not found in C
Warning: Course 2399 from coincidence.csv not found in C
Warning: Course 2399 from coincidence.csv not found in C
Warning: Course 2399 from coincidence.csv not found in C
Warning: Course 2403 from coincidence.csv not found in C
Warning: Course 2403 from coincidence.csv not found in C
Warning: Course 2403 from coincidence.csv not found in C
Warning: Course 2403 from coincidence.csv not found in C
Warning: Course 2404 from coincidence.csv not found in C
Warning: Course 2404 from coincidence.csv not found in C
Warning: Course 2404 from coincidence.csv not found in C
Warning: Course 2405 from coincidence.csv not found in C
Warning: Course 2410 from coincidence.csv not found in C
Warning: Course 2410 from coincidence.csv not found in C
Warning: Course 2410 from coincidence.csv not found in C
Warning: Course 2411 from coincidence.csv not found in C
Warning: Course 2411 from coincidence.csv not found in C
Warning: Course 2411 from coincidence.csv not found in C
Warning: Course 2411 from coincidence.csv not found in C
Warning: Course 2411 from coincidence.csv not found in C
Warning: Course 2411 from coincidence.csv not found in C
Warning: Course 2412 from coincidence.csv not found in C
Warning: Course 2412 from coincidence.csv not found in C
Warning: Course 2412 from coincidence.csv not found in C
Warning: Course 2412 from coincidence.csv not found in C
Warning: Course 2412 from coincidence.csv not found in C
Warning: Course 2414 from coincidence.csv not found in C
Warning: Course 2414 from coincidence.csv not found in C
Warning: Course 2414 from coincidence.csv not found in C
Warning: Course 2414 from coincidence.csv not found in C
Warning: Course 2414 from coincidence.csv not found in C
Warning: Course 2414 from coincidence.csv not found in C
Warning: Course 2415 from coincidence.csv not found in C
Warning: Course 2415 from coincidence.csv not found in C
Warning: Course 2415 from coincidence.csv not found in C
Warning: Course 2415 from coincidence.csv not found in C
Warning: Course 2415 from coincidence.csv not found in C
Warning: Course 2415 from coincidence.csv not found in C
Warning: Course 2415 from coincidence.csv not found in C
Warning: Course 2415 from coincidence.csv not found in C
Warning: Course 2415 from coincidence.csv not found in C
Warning: Course 2415 from coincidence.csv not found in C
Warning: Course 2415 from coincidence.csv not found in C
Warning: Course 2415 from coincidence.csv not found in C
Warning: Course 2415 from coincidence.csv not found in C
Warning: Course 2415 from coincidence.csv not found in C
Warning: Course 2415 from coincidence.csv not found in C
Warning: Course 2415 from coincidence.csv not found in C
Warning: Course 2415 from coincidence.csv not found in C
Warning: Course 2415 from coincidence.csv not found in C
Warning: Course 2415 from coincidence.csv not found in C
Warning: Course 2415 from coincidence.csv not found in C
Warning: Course 2415 from coincidence.csv not found in C
Warning: Course 2415 from coincidence.csv not found in C
Warning: Course 2415 from coincidence.csv not found in C
Warning: Course 2415 from coincidence.csv not found in C
Warning: Course 2415 from coincidence.csv not found in C
Warning: Course 2415 from coincidence.csv not found in C
Warning: Course 2415 from coincidence.csv not found in C
Warning: Course 2415 from coincidence.csv not found in C
Warning: Course 2415 from coincidence.csv not found in C
Warning: Course 2415 from coincidence.csv not found in C
Warning: Course 2415 from coincidence.csv not found in C
Warning: Course 2419 from coincidence.csv not found in C
Warning: Course 2419 from coincidence.csv not found in C
Warning: Course 2419 from coincidence.csv not found in C
Warning: Course 2419 from coincidence.csv not found in C
Warning: Course 2419 from coincidence.csv not found in C
Warning: Course 2419 from coincidence.csv not found in C
Warning: Course 2419 from coincidence.csv not found in C
Warning: Course 2419 from coincidence.csv not found in C
Warning: Course 2419 from coincidence.csv not found in C
Warning: Course 2419 from coincidence.csv not found in C
Warning: Course 2419 from coincidence.csv not found in C
Warning: Course 2419 from coincidence.csv not found in C
Warning: Course 2450 from coincidence.csv not found in C
Warning: Course 2450 from coincidence.csv not found in C
Warning: Course 2450 from coincidence.csv not found in C
Warning: Course 2450 from coincidence.csv not found in C
Warning: Course 2450 from coincidence.csv not found in C
Warning: Course 2450 from coincidence.csv not found in C
Warning: Course 2450 from coincidence.csv not found in C
Warning: Course 2450 from coincidence.csv not found in C
Warning: Course 2450 from coincidence.csv not found in C
Warning: Course 2450 from coincidence.csv not found in C
Warning: Course 2450 from coincidence.csv not found in C
Warning: Course 2450 from coincidence.csv not found in C
Warning: Course 2450 from coincidence.csv not found in C
Warning: Course 2450 from coincidence.csv not found in C
Warning: Course 2450 from coincidence.csv not found in C
Warning: Course 2505 from coincidence.csv not found in C
Warning: Course 2600 from coincidence.csv not found in C
Warning: Course 2600 from coincidence.csv not found in C
Warning: Course 2600 from coincidence.csv not found in C
Warning: Course 2600 from coincidence.csv not found in C
Warning: Course 2600 from coincidence.csv not found in C
Warning: Course 2600 from coincidence.csv not found in C
Warning: Course 2600 from coincidence.csv not found in C
Warning: Course 2601 from coincidence.csv not found in C
Warning: Course 2601 from coincidence.csv not found in C
Warning: Course 2601 from coincidence.csv not found in C
Warning: Course 2601 from coincidence.csv not found in C
Warning: Course 2601 from coincidence.csv not found in C
Warning: Course 2601 from coincidence.csv not found in C
Warning: Course 2601 from coincidence.csv not found in C
Warning: Course 2601 from coincidence.csv not found in C
Warning: Course 2601 from coincidence.csv not found in C
Warning: Course 2601 from coincidence.csv not found in C
Warning: Course 2601 from coincidence.csv not found in C
Warning: Course 2601 from coincidence.csv not found in C
Warning: Course 2601 from coincidence.csv not found in C
Warning: Course 2601 from coincidence.csv not found in C
Warning: Course 2605 from coincidence.csv not found in C
Warning: Course 2605 from coincidence.csv not found in C
Warning: Course 2605 from coincidence.csv not found in C
Warning: Course 2605 from coincidence.csv not found in C
Warning: Course 2605 from coincidence.csv not found in C
Warning: Course 1131 from coincidence.csv not found in C
Warning: Course 1140 from coincidence.csv not found in C
Warning: Course 1220 from coincidence.csv not found in C
Warning: Course 1266 from coincidence.csv not found in C
Warning: Course 1513 from coincidence.csv not found in C
Warning: Course 1556 from coincidence.csv not found in C
Warning: Course 1650 from coincidence.csv not found in C
Warning: Course 1722 from coincidence.csv not found in C
Warning: Course 1727 from coincidence.csv not found in C
Warning: Course 1818 from coincidence.csv not found in C
Warning: Course 1868 from coincidence.csv not found in C
Warning: Course 2001 from coincidence.csv not found in C
Warning: Course 2002 from coincidence.csv not found in C
Warning: Course 2004 from coincidence.csv not found in C
Warning: Course 2011 from coincidence.csv not found in C
Warning: Course 2013 from coincidence.csv not found in C
Warning: Course 2054 from coincidence.csv not found in C
Warning: Course 2605 from coincidence.csv not found in C
Warning: Course 5504 from coincidence.csv not found in C
Warning: Course 5518 from coincidence.csv not found in C
Warning: Course 5603 from coincidence.csv not found in C
Warning: Course 5839 from coincidence.csv not found in C
Warning: Course PQ07 from coincidence.csv not found in C
Warning: Course Q104 from coincidence.csv not found in C
Warning: Course Q16 from coincidence.csv not found in C
Warning: Course Q68 from coincidence.csv not found in C
Warning: Course Q80 from coincidence.csv not found in C
Warning: Course Q82 from coincidence.csv not found in C
Warning: Course 1220 from coincidence.csv not found in C
Warning: Course 1266 from coincidence.csv not found in C
Warning: Course 1818 from coincidence.csv not found in C
Warning: Course 1868 from coincidence.csv not found in C
Warning: Course 2001 from coincidence.csv not found in C
Warning: Course 2002 from coincidence.csv not found in C
Warning: Course 2004 from coincidence.csv not found in C
Warning: Course 2032 from coincidence.csv not found in C
Warning: Course 2054 from coincidence.csv not found in C
Warning: Course 2605 from coincidence.csv not found in C
Warning: Course 5504 from coincidence.csv not found in C
Warning: Course 2804 from coincidence.csv not found in C
Warning: Course 2804 from coincidence.csv not found in C
Warning: Course 2804 from coincidence.csv not found in C
Warning: Course 3207 from coincidence.csv not found in C
Warning: Course 3207 from coincidence.csv not found in C
Warning: Course 3207 from coincidence.csv not found in C
Warning: Course 3207 from coincidence.csv not found in C
Warning: Course 3207 from coincidence.csv not found in C
Warning: Course 3207 from coincidence.csv not found in C
Warning: Course 3207 from coincidence.csv not found in C
Warning: Course 3207 from coincidence.csv not found in C
Warning: Course 3207 from coincidence.csv not found in C
Warning: Course 3207 from coincidence.csv not found in C
Warning: Course 3207 from coincidence.csv not found in C
Warning: Course 3207 from coincidence.csv not found in C
Warning: Course 3207 from coincidence.csv not found in C
Warning: Course 3207 from coincidence.csv not found in C
Warning: Course 3207 from coincidence.csv not found in C
Warning: Course 3207 from coincidence.csv not found in C
Warning: Course 3207 from coincidence.csv not found in C
Warning: Course 3207 from coincidence.csv not found in C
Warning: Course 3207 from coincidence.csv not found in C
Warning: Course 3334 from coincidence.csv not found in C
Warning: Course 3334 from coincidence.csv not found in C
Warning: Course 3334 from coincidence.csv not found in C
Warning: Course 3334 from coincidence.csv not found in C
Warning: Course 3334 from coincidence.csv not found in C
Warning: Course 3334 from coincidence.csv not found in C
Warning: Course 3334 from coincidence.csv not found in C
Warning: Course 3334 from coincidence.csv not found in C
Warning: Course 3334 from coincidence.csv not found in C
Warning: Course 3334 from coincidence.csv not found in C
Warning: Course 3334 from coincidence.csv not found in C
Warning: Course 3334 from coincidence.csv not found in C
Warning: Course 3334 from coincidence.csv not found in C
Warning: Course 3334 from coincidence.csv not found in C
Warning: Course 3334 from coincidence.csv not found in C
Warning: Course 3334 from coincidence.csv not found in C
Warning: Course 3334 from coincidence.csv not found in C
Warning: Course 3334 from coincidence.csv not found in C
Warning: Course 3334 from coincidence.csv not found in C
Warning: Course 3334 from coincidence.csv not found in C
Warning: Course 3334 from coincidence.csv not found in C
Warning: Course 3334 from coincidence.csv not found in C
Warning: Course 3334 from coincidence.csv not found in C
Warning: Course 3334 from coincidence.csv not found in C
Warning: Course 3334 from coincidence.csv not found in C
Warning: Course 3334 from coincidence.csv not found in C
Warning: Course 3334 from coincidence.csv not found in C
Warning: Course 5504 from coincidence.csv not found in C
Warning: Course 5504 from coincidence.csv not found in C
Warning: Course 5504 from coincidence.csv not found in C
Warning: Course 1266 from coincidence.csv not found in C
Warning: Course 1556 from coincidence.csv not found in C
Warning: Course 5603 from coincidence.csv not found in C
Warning: Course 5705 from coincidence.csv not found in C
Warning: Course 5603 from coincidence.csv not found in C
Warning: Course 5518 from coincidence.csv not found in C
Warning: Course 5518 from coincidence.csv not found in C
Warning: Course 5518 from coincidence.csv not found in C
Warning: Course 5518 from coincidence.csv not found in C
Warning: Course 5518 from coincidence.csv not found in C
Warning: Course 5518 from coincidence.csv not found in C
Warning: Course 5518 from coincidence.csv not found in C
Warning: Course 5518 from coincidence.csv not found in C
Warning: Course 5518 from coincidence.csv not found in C
Warning: Course 5603 from coincidence.csv not found in C
Warning: Course 1131 from coincidence.csv not found in C
Warning: Course 1307 from coincidence.csv not found in C
Warning: Course 1513 from coincidence.csv not found in C
Warning: Course 1556 from coincidence.csv not found in C
Warning: Course 1650 from coincidence.csv not found in C
Warning: Course 1857 from coincidence.csv not found in C
Warning: Course 2011 from coincidence.csv not found in C
Warning: Course 2013 from coincidence.csv not found in C
Warning: Course 2018 from coincidence.csv not found in C
Warning: Course 2020 from coincidence.csv not found in C
Warning: Course 2314 from coincidence.csv not found in C
Warning: Course 5518 from coincidence.csv not found in C
Warning: Course 5603 from coincidence.csv not found in C
Warning: Course EP2 from coincidence.csv not found in C
Warning: Course Q16 from coincidence.csv not found in C
Warning: Course 5705 from coincidence.csv not found in C
Warning: Course 5705 from coincidence.csv not found in C
Warning: Course 5705 from coincidence.csv not found in C
Warning: Course 5705 from coincidence.csv not found in C
Warning: Course 5705 from coincidence.csv not found in C
Warning: Course 5705 from coincidence.csv not found in C
Warning: Course 5705 from coincidence.csv not found in C
Warning: Course 1450 from coincidence.csv not found in C
Warning: Course 1513 from coincidence.csv not found in C
Warning: Course 1556 from coincidence.csv not found in C
Warning: Course 2013 from coincidence.csv not found in C
Warning: Course 5705 from coincidence.csv not found in C
Warning: Course 5839 from coincidence.csv not found in C
Warning: Course 5715 from coincidence.csv not found in C
Warning: Course 5715 from coincidence.csv not found in C
Warning: Course 5715 from coincidence.csv not found in C
Warning: Course 5715 from coincidence.csv not found in C
Warning: Course 5715 from coincidence.csv not found in C
Warning: Course 5715 from coincidence.csv not found in C
Warning: Course 5715 from coincidence.csv not found in C
Warning: Course 5715 from coincidence.csv not found in C
Warning: Course 5715 from coincidence.csv not found in C
Warning: Course 5715 from coincidence.csv not found in C
Warning: Course 5715 from coincidence.csv not found in C
Warning: Course 5715 from coincidence.csv not found in C
Warning: Course 5715 from coincidence.csv not found in C
Warning: Course 5715 from coincidence.csv not found in C
Warning: Course 5715 from coincidence.csv not found in C
Warning: Course 5715 from coincidence.csv not found in C
Warning: Course 5715 from coincidence.csv not found in C
Warning: Course 5715 from coincidence.csv not found in C
Warning: Course 5715 from coincidence.csv not found in C
Warning: Course 5715 from coincidence.csv not found in C
Warning: Course 5715 from coincidence.csv not found in C
Warning: Course 5715 from coincidence.csv not found in C
Warning: Course 5715 from coincidence.csv not found in C
Warning: Course 5715 from coincidence.csv not found in C
Warning: Course 5715 from coincidence.csv not found in C
Warning: Course 5715 from coincidence.csv not found in C
Warning: Course 5715 from coincidence.csv not found in C
Warning: Course 5715 from coincidence.csv not found in C
Warning: Course 5715 from coincidence.csv not found in C
Warning: Course 5715 from coincidence.csv not found in C
Warning: Course 5715 from coincidence.csv not found in C
Warning: Course 5715 from coincidence.csv not found in C
Warning: Course 5715 from coincidence.csv not found in C
Warning: Course 5715 from coincidence.csv not found in C
Warning: Course 5715 from coincidence.csv not found in C
Warning: Course 5715 from coincidence.csv not found in C
Warning: Course 5715 from coincidence.csv not found in C
Warning: Course 5715 from coincidence.csv not found in C
Warning: Course 5715 from coincidence.csv not found in C
Warning: Course 5715 from coincidence.csv not found in C
Warning: Course 5715 from coincidence.csv not found in C
Warning: Course 5715 from coincidence.csv not found in C
Warning: Course 5715 from coincidence.csv not found in C
Warning: Course 5715 from coincidence.csv not found in C
Warning: Course 5715 from coincidence.csv not found in C
Warning: Course 5715 from coincidence.csv not found in C
Warning: Course 5715 from coincidence.csv not found in C
Warning: Course 5715 from coincidence.csv not found in C
Warning: Course 5715 from coincidence.csv not found in C
Warning: Course 5715 from coincidence.csv not found in C
Warning: Course 5715 from coincidence.csv not found in C
Warning: Course 5715 from coincidence.csv not found in C
Warning: Course 5715 from coincidence.csv not found in C
Warning: Course 5715 from coincidence.csv not found in C
Warning: Course 1131 from coincidence.csv not found in C
Warning: Course 1209 from coincidence.csv not found in C
Warning: Course 1307 from coincidence.csv not found in C
Warning: Course 1450 from coincidence.csv not found in C
Warning: Course 1513 from coincidence.csv not found in C
Warning: Course 1556 from coincidence.csv not found in C
Warning: Course 1650 from coincidence.csv not found in C
Warning: Course 1857 from coincidence.csv not found in C
Warning: Course 1871 from coincidence.csv not found in C
Warning: Course 2011 from coincidence.csv not found in C
Warning: Course 2013 from coincidence.csv not found in C
Warning: Course 2018 from coincidence.csv not found in C
Warning: Course 2020 from coincidence.csv not found in C
Warning: Course 2022 from coincidence.csv not found in C
Warning: Course 5705 from coincidence.csv not found in C
Warning: Course 5849 from coincidence.csv not found in C
Warning: Course LIB38 from coincidence.csv not found in C
Warning: Course 5719 from coincidence.csv not found in C
Warning: Course 5719 from coincidence.csv not found in C
Warning: Course 5719 from coincidence.csv not found in C
Warning: Course 5719 from coincidence.csv not found in C
Warning: Course 5719 from coincidence.csv not found in C
Warning: Course 5719 from coincidence.csv not found in C
Warning: Course 5719 from coincidence.csv not found in C
Warning: Course 5719 from coincidence.csv not found in C
Warning: Course 5719 from coincidence.csv not found in C
Warning: Course 5719 from coincidence.csv not found in C
Warning: Course 5719 from coincidence.csv not found in C
Warning: Course 5720 from coincidence.csv not found in C
Warning: Course 5720 from coincidence.csv not found in C
Warning: Course 5720 from coincidence.csv not found in C
Warning: Course 5815 from coincidence.csv not found in C
Warning: Course 5815 from coincidence.csv not found in C
Warning: Course 5815 from coincidence.csv not found in C
Warning: Course 5815 from coincidence.csv not found in C
Warning: Course 5815 from coincidence.csv not found in C
Warning: Course 5815 from coincidence.csv not found in C
Warning: Course 5815 from coincidence.csv not found in C
Warning: Course 5815 from coincidence.csv not found in C
Warning: Course 5815 from coincidence.csv not found in C
Warning: Course 5815 from coincidence.csv not found in C
Warning: Course 1154 from coincidence.csv not found in C
Warning: Course 1208 from coincidence.csv not found in C
Warning: Course 1307 from coincidence.csv not found in C
Warning: Course 1324 from coincidence.csv not found in C
Warning: Course 1450 from coincidence.csv not found in C
Warning: Course 1456 from coincidence.csv not found in C
Warning: Course 1462 from coincidence.csv not found in C
Warning: Course 1513 from coincidence.csv not found in C
Warning: Course 1534 from coincidence.csv not found in C
Warning: Course 1556 from coincidence.csv not found in C
Warning: Course 1650 from coincidence.csv not found in C
Warning: Course 1871 from coincidence.csv not found in C
Warning: Course 2011 from coincidence.csv not found in C
Warning: Course 2013 from coincidence.csv not found in C
Warning: Course 2018 from coincidence.csv not found in C
Warning: Course 2020 from coincidence.csv not found in C
Warning: Course 5715 from coincidence.csv not found in C
Warning: Course 5719 from coincidence.csv not found in C
Warning: Course 5720 from coincidence.csv not found in C
Warning: Course 5815 from coincidence.csv not found in C
Warning: Course 5828 from coincidence.csv not found in C
Warning: Course 5856 from coincidence.csv not found in C
Warning: Course 5839 from coincidence.csv not found in C
Warning: Course 5839 from coincidence.csv not found in C
Warning: Course 5839 from coincidence.csv not found in C
Warning: Course 5839 from coincidence.csv not found in C
Warning: Course 5839 from coincidence.csv not found in C
Warning: Course 5839 from coincidence.csv not found in C
Warning: Course 5839 from coincidence.csv not found in C
Warning: Course 5849 from coincidence.csv not found in C
Warning: Course 5849 from coincidence.csv not found in C
Warning: Course 5849 from coincidence.csv not found in C
Warning: Course 5849 from coincidence.csv not found in C
Warning: Course 5849 from coincidence.csv not found in C
Warning: Course 5849 from coincidence.csv not found in C
Warning: Course 5849 from coincidence.csv not found in C
Warning: Course 5849 from coincidence.csv not found in C
Warning: Course 5849 from coincidence.csv not found in C
Warning: Course 5849 from coincidence.csv not found in C
Warning: Course 5849 from coincidence.csv not found in C
Warning: Course 5849 from coincidence.csv not found in C
Warning: Course 5849 from coincidence.csv not found in C
Warning: Course 5849 from coincidence.csv not found in C
Warning: Course 5849 from coincidence.csv not found in C
Warning: Course 5849 from coincidence.csv not found in C
Warning: Course 5849 from coincidence.csv not found in C
Warning: Course 5849 from coincidence.csv not found in C
Warning: Course 5849 from coincidence.csv not found in C
Warning: Course 5849 from coincidence.csv not found in C
Warning: Course 5849 from coincidence.csv not found in C
Warning: Course 5849 from coincidence.csv not found in C
Warning: Course 5849 from coincidence.csv not found in C
Warning: Course 5849 from coincidence.csv not found in C
Warning: Course 5849 from coincidence.csv not found in C
Warning: Course 5849 from coincidence.csv not found in C
Warning: Course 5849 from coincidence.csv not found in C
Warning: Course 5849 from coincidence.csv not found in C
Warning: Course 5849 from coincidence.csv not found in C
Warning: Course 5849 from coincidence.csv not found in C
Warning: Course 5849 from coincidence.csv not found in C
Warning: Course 5849 from coincidence.csv not found in C
Warning: Course 5849 from coincidence.csv not found in C
Warning: Course 5849 from coincidence.csv not found in C
Warning: Course 5849 from coincidence.csv not found in C
Warning: Course 5849 from coincidence.csv not found in C
Warning: Course 1131 from coincidence.csv not found in C
Warning: Course 1154 from coincidence.csv not found in C
Warning: Course 1209 from coincidence.csv not found in C
Warning: Course 1235 from coincidence.csv not found in C
Warning: Course 1307 from coincidence.csv not found in C
Warning: Course 1324 from coincidence.csv not found in C
Warning: Course 1373 from coincidence.csv not found in C
Warning: Course 1450 from coincidence.csv not found in C
Warning: Course 1513 from coincidence.csv not found in C
Warning: Course 1556 from coincidence.csv not found in C
Warning: Course 1650 from coincidence.csv not found in C
Warning: Course 1788 from coincidence.csv not found in C
Warning: Course 1857 from coincidence.csv not found in C
Warning: Course 1871 from coincidence.csv not found in C
Warning: Course 2011 from coincidence.csv not found in C
Warning: Course 2013 from coincidence.csv not found in C
Warning: Course 2018 from coincidence.csv not found in C
Warning: Course 2020 from coincidence.csv not found in C
Warning: Course 2021 from coincidence.csv not found in C
Warning: Course 2022 from coincidence.csv not found in C
Warning: Course 5705 from coincidence.csv not found in C
Warning: Course 5712 from coincidence.csv not found in C
Warning: Course 5720 from coincidence.csv not found in C
Warning: Course 5815 from coincidence.csv not found in C
Warning: Course 5828 from coincidence.csv not found in C
Warning: Course 5839 from coincidence.csv not found in C
Warning: Course 5849 from coincidence.csv not found in C
Warning: Course 5853 from coincidence.csv not found in C
Warning: Course 5906 from coincidence.csv not found in C
Warning: Course LIB36 from coincidence.csv not found in C
Warning: Course LIB38 from coincidence.csv not found in C
Warning: Course PA580 from coincidence.csv not found in C
Warning: Course 5853 from coincidence.csv not found in C
Warning: Course 1456 from coincidence.csv not found in C
Warning: Course 1556 from coincidence.csv not found in C
Warning: Course 5705 from coincidence.csv not found in C
Warning: Course 5720 from coincidence.csv not found in C
Warning: Course 5828 from coincidence.csv not found in C
Warning: Course 5856 from coincidence.csv not found in C
Warning: Course 5859 from coincidence.csv not found in C
Warning: Course 5859 from coincidence.csv not found in C
Warning: Course 5859 from coincidence.csv not found in C
Warning: Course 5864 from coincidence.csv not found in C
Warning: Course 5864 from coincidence.csv not found in C
Warning: Course 5864 from coincidence.csv not found in C
Warning: Course 5864 from coincidence.csv not found in C
Warning: Course 5828 from coincidence.csv not found in C
Warning: Course 5904 from coincidence.csv not found in C
Warning: Course 5906 from coincidence.csv not found in C
Warning: Course 5913 from coincidence.csv not found in C
Warning: Course 5913 from coincidence.csv not found in C
Warning: Course 5913 from coincidence.csv not found in C
Warning: Course 5913 from coincidence.csv not found in C
Warning: Course 5913 from coincidence.csv not found in C
Warning: Course 5913 from coincidence.csv not found in C
Warning: Course 5913 from coincidence.csv not found in C
Warning: Course 5913 from coincidence.csv not found in C
Warning: Course 5913 from coincidence.csv not found in C
Warning: Course 5913 from coincidence.csv not found in C
Warning: Course 5913 from coincidence.csv not found in C
Warning: Course 5913 from coincidence.csv not found in C
Warning: Course 5913 from coincidence.csv not found in C
Warning: Course 5913 from coincidence.csv not found in C
Warning: Course 5913 from coincidence.csv not found in C
Warning: Course 5916 from coincidence.csv not found in C
Warning: Course 5916 from coincidence.csv not found in C
Warning: Course 5916 from coincidence.csv not found in C
Warning: Course 5916 from coincidence.csv not found in C
Warning: Course 5916 from coincidence.csv not found in C
Warning: Course 5916 from coincidence.csv not found in C
Warning: Course 5916 from coincidence.csv not found in C
Warning: Course 5916 from coincidence.csv not found in C
Warning: Course 5916 from coincidence.csv not found in C
Warning: Course 5916 from coincidence.csv not found in C
Warning: Course 5916 from coincidence.csv not found in C
Warning: Course 5916 from coincidence.csv not found in C
Warning: Course 5916 from coincidence.csv not found in C
Warning: Course 5916 from coincidence.csv not found in C
Warning: Course 5916 from coincidence.csv not found in C
Warning: Course 5916 from coincidence.csv not found in C
Warning: Course 5916 from coincidence.csv not found in C
Warning: Course 5916 from coincidence.csv not found in C
Warning: Course 5916 from coincidence.csv not found in C
Warning: Course 5916 from coincidence.csv not found in C
Warning: Course 5916 from coincidence.csv not found in C
Warning: Course 5916 from coincidence.csv not found in C
Warning: Course 5916 from coincidence.csv not found in C
Warning: Course 5916 from coincidence.csv not found in C
Warning: Course 5916 from coincidence.csv not found in C
Warning: Course 5916 from coincidence.csv not found in C
Warning: Course 5916 from coincidence.csv not found in C
Warning: Course 5916 from coincidence.csv not found in C
Warning: Course 5916 from coincidence.csv not found in C
Warning: Course 5916 from coincidence.csv not found in C
Warning: Course 5916 from coincidence.csv not found in C
Warning: Course 5916 from coincidence.csv not found in C
Warning: Course 5916 from coincidence.csv not found in C
Warning: Course 5916 from coincidence.csv not found in C
Warning: Course 5916 from coincidence.csv not found in C
Warning: Course 5916 from coincidence.csv not found in C
Warning: Course 5916 from coincidence.csv not found in C
Warning: Course A88 from coincidence.csv not found in C
Warning: Course A88 from coincidence.csv not found in C
Warning: Course AC14 from coincidence.csv not found in C
Warning: Course AC32 from coincidence.csv not found in C
Warning: Course AC32 from coincidence.csv not found in C
Warning: Course AC36 from coincidence.csv not found in C
Warning: Course AC36 from coincidence.csv not found in C
Warning: Course AC36 from coincidence.csv not found in C
Warning: Course AC36 from coincidence.csv not found in C
Warning: Course AC7 from coincidence.csv not found in C
Warning: Course AC7 from coincidence.csv not found in C
Warning: Course AC7 from coincidence.csv not found in C
Warning: Course AC7 from coincidence.csv not found in C
Warning: Course AC7 from coincidence.csv not found in C
Warning: Course AC7 from coincidence.csv not found in C
Warning: Course AC7 from coincidence.csv not found in C
Warning: Course AC7 from coincidence.csv not found in C
Warning: Course EP2 from coincidence.csv not found in C
Warning: Course EP29 from coincidence.csv not found in C
Warning: Course LIB36 from coincidence.csv not found in C
Warning: Course LIB36 from coincidence.csv not found in C
Warning: Course LIB38 from coincidence.csv not found in C
Warning: Course LIB38 from coincidence.csv not found in C
Warning: Course LIB38 from coincidence.csv not found in C
Warning: Course LIB38 from coincidence.csv not found in C
Warning: Course LIB38 from coincidence.csv not found in C
Warning: Course LIB38 from coincidence.csv not found in C
Warning: Course LIB38 from coincidence.csv not found in C
Warning: Course LIB38 from coincidence.csv not found in C
Warning: Course LIB38 from coincidence.csv not found in C
Warning: Course LIB38 from coincidence.csv not found in C
Warning: Course LIB38 from coincidence.csv not found in C
Warning: Course MI2 from coincidence.csv not found in C
Warning: Course MI2 from coincidence.csv not found in C
Warning: Course MI2 from coincidence.csv not found in C
Warning: Course MI2 from coincidence.csv not found in C
Warning: Course MI2 from coincidence.csv not found in C
Warning: Course MI2 from coincidence.csv not found in C
Warning: Course MI2 from coincidence.csv not found in C
Warning: Course MI2 from coincidence.csv not found in C
Warning: Course MI2 from coincidence.csv not found in C
Warning: Course MI2 from coincidence.csv not found in C
Warning: Course MI2 from coincidence.csv not found in C
Warning: Course PA010 from coincidence.csv not found in C
Warning: Course PA010 from coincidence.csv not found in C
Warning: Course PA028 from coincidence.csv not found in C
Warning: Course PA028 from coincidence.csv not found in C
Warning: Course PA096 from coincidence.csv not found in C
Warning: Course PA106 from coincidence.csv not found in C
Warning: Course PA106 from coincidence.csv not found in C
Warning: Course PA159 from coincidence.csv not found in C
Warning: Course PA159 from coincidence.csv not found in C
Warning: Course PA159 from coincidence.csv not found in C
Warning: Course PA159 from coincidence.csv not found in C
Warning: Course PA159 from coincidence.csv not found in C
Warning: Course PA180 from coincidence.csv not found in C
Warning: Course PA225 from coincidence.csv not found in C
Warning: Course PA226 from coincidence.csv not found in C
Warning: Course PA226 from coincidence.csv not found in C
Warning: Course PA226 from coincidence.csv not found in C
Warning: Course PA226 from coincidence.csv not found in C
Warning: Course PA226 from coincidence.csv not found in C
Warning: Course PA226 from coincidence.csv not found in C
Warning: Course PA226 from coincidence.csv not found in C
Warning: Course PA232 from coincidence.csv not found in C
Warning: Course PA232 from coincidence.csv not found in C
Warning: Course PA232 from coincidence.csv not found in C
Warning: Course PA232 from coincidence.csv not found in C
Warning: Course PA232 from coincidence.csv not found in C
Warning: Course PA232 from coincidence.csv not found in C
Warning: Course PA232 from coincidence.csv not found in C
Warning: Course PA232 from coincidence.csv not found in C
Warning: Course PA232 from coincidence.csv not found in C
Warning: Course PA232 from coincidence.csv not found in C
Warning: Course PA232 from coincidence.csv not found in C
Warning: Course PA232 from coincidence.csv not found in C
Warning: Course PA232 from coincidence.csv not found in C
Warning: Course PA232 from coincidence.csv not found in C
Warning: Course PA232 from coincidence.csv not found in C
Warning: Course PA232 from coincidence.csv not found in C
Warning: Course PA242 from coincidence.csv not found in C
Warning: Course PA242 from coincidence.csv not found in C
Warning: Course PA242 from coincidence.csv not found in C
Warning: Course PA242 from coincidence.csv not found in C
Warning: Course PA242 from coincidence.csv not found in C
Warning: Course PA242 from coincidence.csv not found in C
Warning: Course PA278 from coincidence.csv not found in C
Warning: Course PA288 from coincidence.csv not found in C
Warning: Course PA288 from coincidence.csv not found in C
Warning: Course PA288 from coincidence.csv not found in C
Warning: Course PA288 from coincidence.csv not found in C
Warning: Course PA288 from coincidence.csv not found in C
Warning: Course PA288 from coincidence.csv not found in C
Warning: Course PA288 from coincidence.csv not found in C
Warning: Course PA308 from coincidence.csv not found in C
Warning: Course PA308 from coincidence.csv not found in C
Warning: Course PA323 from coincidence.csv not found in C
Warning: Course PA323 from coincidence.csv not found in C
Warning: Course PA323 from coincidence.csv not found in C
Warning: Course PA353 from coincidence.csv not found in C
Warning: Course PA355 from coincidence.csv not found in C
Warning: Course PA355 from coincidence.csv not found in C
Warning: Course PA355 from coincidence.csv not found in C
Warning: Course PA355 from coincidence.csv not found in C
Warning: Course PA355 from coincidence.csv not found in C
Warning: Course PA355 from coincidence.csv not found in C
Warning: Course PA355 from coincidence.csv not found in C
Warning: Course PA357 from coincidence.csv not found in C
Warning: Course PA365 from coincidence.csv not found in C
Warning: Course PA365 from coincidence.csv not found in C
Warning: Course PA365 from coincidence.csv not found in C
Warning: Course PA365 from coincidence.csv not found in C
Warning: Course PA365 from coincidence.csv not found in C
Warning: Course PA365 from coincidence.csv not found in C
Warning: Course PA365 from coincidence.csv not found in C
Warning: Course PA370 from coincidence.csv not found in C
Warning: Course PA370 from coincidence.csv not found in C
Warning: Course PA370 from coincidence.csv not found in C
Warning: Course PA370 from coincidence.csv not found in C
Warning: Course PA370 from coincidence.csv not found in C
Warning: Course PA378 from coincidence.csv not found in C
Warning: Course PA384 from coincidence.csv not found in C
Warning: Course PA384 from coincidence.csv not found in C
Warning: Course PA384 from coincidence.csv not found in C
Warning: Course PA384 from coincidence.csv not found in C
Warning: Course PA384 from coincidence.csv not found in C
Warning: Course PA401 from coincidence.csv not found in C
Warning: Course PA401 from coincidence.csv not found in C
Warning: Course PA401 from coincidence.csv not found in C
Warning: Course PA401 from coincidence.csv not found in C
Warning: Course PA401 from coincidence.csv not found in C
Warning: Course PA401 from coincidence.csv not found in C
Warning: Course PA43 from coincidence.csv not found in C
Warning: Course PA43 from coincidence.csv not found in C
Warning: Course PA43 from coincidence.csv not found in C
Warning: Course PA43 from coincidence.csv not found in C
Warning: Course PA43 from coincidence.csv not found in C
Warning: Course PA450 from coincidence.csv not found in C
Warning: Course PA450 from coincidence.csv not found in C
Warning: Course PA450 from coincidence.csv not found in C
Warning: Course PA450 from coincidence.csv not found in C
Warning: Course PA450 from coincidence.csv not found in C
Warning: Course PA455 from coincidence.csv not found in C
Warning: Course PA455 from coincidence.csv not found in C
Warning: Course PA455 from coincidence.csv not found in C
Warning: Course PA455 from coincidence.csv not found in C
Warning: Course PA455 from coincidence.csv not found in C
Warning: Course PA455 from coincidence.csv not found in C
Warning: Course PA456 from coincidence.csv not found in C
Warning: Course PA466 from coincidence.csv not found in C
Warning: Course PA466 from coincidence.csv not found in C
Warning: Course PA466 from coincidence.csv not found in C
Warning: Course PA469 from coincidence.csv not found in C
Warning: Course PA469 from coincidence.csv not found in C
Warning: Course PA469 from coincidence.csv not found in C
Warning: Course PA473 from coincidence.csv not found in C
Warning: Course PA473 from coincidence.csv not found in C
Warning: Course PA473 from coincidence.csv not found in C
Warning: Course PA476 from coincidence.csv not found in C
Warning: Course PA482 from coincidence.csv not found in C
Warning: Course PA511 from coincidence.csv not found in C
Warning: Course PA511 from coincidence.csv not found in C
Warning: Course PA511 from coincidence.csv not found in C
Warning: Course PA511 from coincidence.csv not found in C
Warning: Course PA511 from coincidence.csv not found in C
Warning: Course PA511 from coincidence.csv not found in C
Warning: Course PA511 from coincidence.csv not found in C
Warning: Course PA511 from coincidence.csv not found in C
Warning: Course PA511 from coincidence.csv not found in C
Warning: Course PA522 from coincidence.csv not found in C
Warning: Course PA522 from coincidence.csv not found in C
Warning: Course PA522 from coincidence.csv not found in C
Warning: Course PA522 from coincidence.csv not found in C
Warning: Course PA522 from coincidence.csv not found in C
Warning: Course PA522 from coincidence.csv not found in C
Warning: Course PA523 from coincidence.csv not found in C
Warning: Course PA523 from coincidence.csv not found in C
Warning: Course PA524 from coincidence.csv not found in C
Warning: Course PA524 from coincidence.csv not found in C
Warning: Course PA530 from coincidence.csv not found in C
Warning: Course PA530 from coincidence.csv not found in C
Warning: Course PA530 from coincidence.csv not found in C
Warning: Course PA530 from coincidence.csv not found in C
Warning: Course PA530 from coincidence.csv not found in C
Warning: Course PA530 from coincidence.csv not found in C
Warning: Course PA530 from coincidence.csv not found in C
Warning: Course PA530 from coincidence.csv not found in C
Warning: Course PA530 from coincidence.csv not found in C
Warning: Course PA530 from coincidence.csv not found in C
Warning: Course PA548 from coincidence.csv not found in C
Warning: Course PA553 from coincidence.csv not found in C
Warning: Course PA554 from coincidence.csv not found in C
Warning: Course PA555 from coincidence.csv not found in C
Warning: Course PA562 from coincidence.csv not found in C
Warning: Course PA563 from coincidence.csv not found in C
Warning: Course PA563 from coincidence.csv not found in C
Warning: Course PA563 from coincidence.csv not found in C
Warning: Course PA563 from coincidence.csv not found in C
Warning: Course PA563 from coincidence.csv not found in C
Warning: Course PA563 from coincidence.csv not found in C
Warning: Course PA563 from coincidence.csv not found in C
Warning: Course PA563 from coincidence.csv not found in C
Warning: Course PA563 from coincidence.csv not found in C
Warning: Course PA563 from coincidence.csv not found in C
Warning: Course PA563 from coincidence.csv not found in C
Warning: Course PA563 from coincidence.csv not found in C
Warning: Course PA563 from coincidence.csv not found in C
Warning: Course PA563 from coincidence.csv not found in C
Warning: Course PA563 from coincidence.csv not found in C
Warning: Course PA563 from coincidence.csv not found in C
Warning: Course PA563 from coincidence.csv not found in C
Warning: Course PA563 from coincidence.csv not found in C
Warning: Course PA563 from coincidence.csv not found in C
Warning: Course PA563 from coincidence.csv not found in C
Warning: Course PA563 from coincidence.csv not found in C
Warning: Course PA563 from coincidence.csv not found in C
Warning: Course PA573 from coincidence.csv not found in C
Warning: Course PA573 from coincidence.csv not found in C
Warning: Course PA573 from coincidence.csv not found in C
Warning: Course PA573 from coincidence.csv not found in C
Warning: Course PA573 from coincidence.csv not found in C
Warning: Course PA577 from coincidence.csv not found in C
Warning: Course PA577 from coincidence.csv not found in C
Warning: Course PA577 from coincidence.csv not found in C
Warning: Course PA577 from coincidence.csv not found in C
Warning: Course PA577 from coincidence.csv not found in C
Warning: Course PA580 from coincidence.csv not found in C
Warning: Course PA580 from coincidence.csv not found in C
Warning: Course PA580 from coincidence.csv not found in C
Warning: Course PA580 from coincidence.csv not found in C
Warning: Course PA580 from coincidence.csv not found in C
Warning: Course PA580 from coincidence.csv not found in C
Warning: Course PA580 from coincidence.csv not found in C
Warning: Course PA580 from coincidence.csv not found in C
Warning: Course PA580 from coincidence.csv not found in C
Warning: Course PA590 from coincidence.csv not found in C
Warning: Course PA600 from coincidence.csv not found in C
Warning: Course PA600 from coincidence.csv not found in C
Warning: Course PA600 from coincidence.csv not found in C
Warning: Course PA600 from coincidence.csv not found in C
Warning: Course PA600 from coincidence.csv not found in C
Warning: Course PA600 from coincidence.csv not found in C
Warning: Course PA600 from coincidence.csv not found in C
Warning: Course PA601 from coincidence.csv not found in C
Warning: Course PA601 from coincidence.csv not found in C
Warning: Course PA601 from coincidence.csv not found in C
Warning: Course PA601 from coincidence.csv not found in C
Warning: Course PA601 from coincidence.csv not found in C
Warning: Course PA601 from coincidence.csv not found in C
Warning: Course PA601 from coincidence.csv not found in C
Warning: Course PA602 from coincidence.csv not found in C
Warning: Course PA602 from coincidence.csv not found in C
Warning: Course PA602 from coincidence.csv not found in C
Warning: Course PA602 from coincidence.csv not found in C
Warning: Course PA602 from coincidence.csv not found in C
Warning: Course PA602 from coincidence.csv not found in C
Warning: Course PA602 from coincidence.csv not found in C
Warning: Course PA602 from coincidence.csv not found in C
Warning: Course PA606 from coincidence.csv not found in C
Warning: Course PA606 from coincidence.csv not found in C
Warning: Course PA606 from coincidence.csv not found in C
Warning: Course PA609 from coincidence.csv not found in C
Warning: Course PA616 from coincidence.csv not found in C
Warning: Course PA617 from coincidence.csv not found in C
Warning: Course PA617 from coincidence.csv not found in C
Warning: Course PA620 from coincidence.csv not found in C
Warning: Course PA620 from coincidence.csv not found in C
Warning: Course PA623 from coincidence.csv not found in C
Warning: Course PA63 from coincidence.csv not found in C
Warning: Course PA63 from coincidence.csv not found in C
Warning: Course PA63 from coincidence.csv not found in C
Warning: Course PA63 from coincidence.csv not found in C
Warning: Course PA63 from coincidence.csv not found in C
Warning: Course PA630 from coincidence.csv not found in C
Warning: Course PA639 from coincidence.csv not found in C
Warning: Course PA639 from coincidence.csv not found in C
Warning: Course PA641 from coincidence.csv not found in C
Warning: Course PA641 from coincidence.csv not found in C
Warning: Course PA641 from coincidence.csv not found in C
Warning: Course PA641 from coincidence.csv not found in C
Warning: Course PA641 from coincidence.csv not found in C
Warning: Course PA641 from coincidence.csv not found in C
Warning: Course PA641 from coincidence.csv not found in C
Warning: Course PA641 from coincidence.csv not found in C
Warning: Course PA672 from coincidence.csv not found in C
Warning: Course PA673 from coincidence.csv not found in C
Warning: Course PA676 from coincidence.csv not found in C
Warning: Course PA676 from coincidence.csv not found in C
Warning: Course PA681 from coincidence.csv not found in C
Warning: Course PA684 from coincidence.csv not found in C
Warning: Course PA684 from coincidence.csv not found in C
Warning: Course PA684 from coincidence.csv not found in C
Warning: Course PA684 from coincidence.csv not found in C
Warning: Course PA684 from coincidence.csv not found in C
Warning: Course PA684 from coincidence.csv not found in C
Warning: Course PA684 from coincidence.csv not found in C
Warning: Course PA685 from coincidence.csv not found in C
Warning: Course PA685 from coincidence.csv not found in C
Warning: Course PA685 from coincidence.csv not found in C
Warning: Course PA685 from coincidence.csv not found in C
Warning: Course PA685 from coincidence.csv not found in C
Warning: Course PA685 from coincidence.csv not found in C
Warning: Course PA685 from coincidence.csv not found in C
Warning: Course PA687 from coincidence.csv not found in C
Warning: Course PA687 from coincidence.csv not found in C
Warning: Course PA690 from coincidence.csv not found in C
Warning: Course PA690 from coincidence.csv not found in C
Warning: Course PA690 from coincidence.csv not found in C
Warning: Course PA690 from coincidence.csv not found in C
Warning: Course PA690 from coincidence.csv not found in C
Warning: Course PA690 from coincidence.csv not found in C
Warning: Course PA690 from coincidence.csv not found in C
Warning: Course PA690 from coincidence.csv not found in C
Warning: Course PA690 from coincidence.csv not found in C
Warning: Course PA695 from coincidence.csv not found in C
Warning: Course PA93 from coincidence.csv not found in C
Warning: Course PA93 from coincidence.csv not found in C
Warning: Course PA93 from coincidence.csv not found in C
Warning: Course PA93 from coincidence.csv not found in C
Warning: Course PA97 from coincidence.csv not found in C
Warning: Course PA97 from coincidence.csv not found in C
Warning: Course PA97 from coincidence.csv not found in C
Warning: Course PC01 from coincidence.csv not found in C
Warning: Course PC01 from coincidence.csv not found in C
Warning: Course PC010 from coincidence.csv not found in C
Warning: Course PC010 from coincidence.csv not found in C
Warning: Course PC010 from coincidence.csv not found in C
Warning: Course PC010 from coincidence.csv not found in C
Warning: Course PC010 from coincidence.csv not found in C
Warning: Course PC011 from coincidence.csv not found in C
Warning: Course PC011 from coincidence.csv not found in C
Warning: Course PC02 from coincidence.csv not found in C
Warning: Course PC02 from coincidence.csv not found in C
Warning: Course PC02 from coincidence.csv not found in C
Warning: Course PC02 from coincidence.csv not found in C
Warning: Course PC02 from coincidence.csv not found in C
Warning: Course PC02 from coincidence.csv not found in C
Warning: Course PC06 from coincidence.csv not found in C
Warning: Course PC06 from coincidence.csv not found in C
Warning: Course PC06 from coincidence.csv not found in C
Warning: Course PC107 from coincidence.csv not found in C
Warning: Course PC107 from coincidence.csv not found in C
Warning: Course PC107 from coincidence.csv not found in C
Warning: Course PC107 from coincidence.csv not found in C
Warning: Course PC107 from coincidence.csv not found in C
Warning: Course PC107 from coincidence.csv not found in C
Warning: Course PC107 from coincidence.csv not found in C
Warning: Course PC107 from coincidence.csv not found in C
Warning: Course PC107 from coincidence.csv not found in C
Warning: Course PC108 from coincidence.csv not found in C
Warning: Course PC108 from coincidence.csv not found in C
Warning: Course PC111 from coincidence.csv not found in C
Warning: Course PC126 from coincidence.csv not found in C
Warning: Course PC126 from coincidence.csv not found in C
Warning: Course PC126 from coincidence.csv not found in C
Warning: Course PC128 from coincidence.csv not found in C
Warning: Course PC128 from coincidence.csv not found in C
Warning: Course PC130 from coincidence.csv not found in C
Warning: Course PC135 from coincidence.csv not found in C
Warning: Course PC136 from coincidence.csv not found in C
Warning: Course PC136 from coincidence.csv not found in C
Warning: Course PC136 from coincidence.csv not found in C
Warning: Course PC136 from coincidence.csv not found in C
Warning: Course PC138 from coincidence.csv not found in C
Warning: Course PC138 from coincidence.csv not found in C
Warning: Course PC138 from coincidence.csv not found in C
Warning: Course PC148 from coincidence.csv not found in C
Warning: Course PC149 from coincidence.csv not found in C
Warning: Course PC149 from coincidence.csv not found in C
Warning: Course PC149 from coincidence.csv not found in C
Warning: Course PC149 from coincidence.csv not found in C
Warning: Course PC149 from coincidence.csv not found in C
Warning: Course PC149 from coincidence.csv not found in C
Warning: Course PC149 from coincidence.csv not found in C
Warning: Course PC149 from coincidence.csv not found in C
Warning: Course PC152 from coincidence.csv not found in C
Warning: Course PC159 from coincidence.csv not found in C
Warning: Course PC159 from coincidence.csv not found in C
Warning: Course PC159 from coincidence.csv not found in C
Warning: Course PC159 from coincidence.csv not found in C
Warning: Course PC164 from coincidence.csv not found in C
Warning: Course PC164 from coincidence.csv not found in C
Warning: Course PC165 from coincidence.csv not found in C
Warning: Course PC165 from coincidence.csv not found in C
Warning: Course PC168 from coincidence.csv not found in C
Warning: Course PC168 from coincidence.csv not found in C
Warning: Course PC170 from coincidence.csv not found in C
Warning: Course PC21 from coincidence.csv not found in C
Warning: Course PC213 from coincidence.csv not found in C
Warning: Course PC230 from coincidence.csv not found in C
Warning: Course PC230 from coincidence.csv not found in C
Warning: Course PC230 from coincidence.csv not found in C
Warning: Course PC230 from coincidence.csv not found in C
Warning: Course PC230 from coincidence.csv not found in C
Warning: Course PC230 from coincidence.csv not found in C
Warning: Course PC230 from coincidence.csv not found in C
Warning: Course PC230 from coincidence.csv not found in C
Warning: Course PC230 from coincidence.csv not found in C
Warning: Course PC79 from coincidence.csv not found in C
Warning: Course PC79 from coincidence.csv not found in C
Warning: Course PC93 from coincidence.csv not found in C
Warning: Course PC93 from coincidence.csv not found in C
Warning: Course PCP03 from coincidence.csv not found in C
Warning: Course PE030 from coincidence.csv not found in C
Warning: Course PE030 from coincidence.csv not found in C
Warning: Course PE030 from coincidence.csv not found in C
Warning: Course PE030 from coincidence.csv not found in C
Warning: Course PE030 from coincidence.csv not found in C
Warning: Course PE030 from coincidence.csv not found in C
Warning: Course PE030 from coincidence.csv not found in C
Warning: Course PE030 from coincidence.csv not found in C
Warning: Course PE030 from coincidence.csv not found in C
Warning: Course PE030 from coincidence.csv not found in C
Warning: Course PE030 from coincidence.csv not found in C
Warning: Course PE030 from coincidence.csv not found in C
Warning: Course PE031 from coincidence.csv not found in C
Warning: Course PE035 from coincidence.csv not found in C
Warning: Course PE035 from coincidence.csv not found in C
Warning: Course PE035 from coincidence.csv not found in C
Warning: Course PE035 from coincidence.csv not found in C
Warning: Course PE035 from coincidence.csv not found in C
Warning: Course PE035 from coincidence.csv not found in C
Warning: Course PE035 from coincidence.csv not found in C
Warning: Course PE035 from coincidence.csv not found in C
Warning: Course PE106 from coincidence.csv not found in C
Warning: Course PE119 from coincidence.csv not found in C
Warning: Course PE119 from coincidence.csv not found in C
Warning: Course PE121 from coincidence.csv not found in C
Warning: Course PE121 from coincidence.csv not found in C
Warning: Course PE121 from coincidence.csv not found in C
Warning: Course PE121 from coincidence.csv not found in C
Warning: Course PE125 from coincidence.csv not found in C
Warning: Course PE125 from coincidence.csv not found in C
Warning: Course PE127 from coincidence.csv not found in C
Warning: Course PE127 from coincidence.csv not found in C
Warning: Course PE156 from coincidence.csv not found in C
Warning: Course PE156 from coincidence.csv not found in C
Warning: Course PE156 from coincidence.csv not found in C
Warning: Course PE156 from coincidence.csv not found in C
Warning: Course PE156 from coincidence.csv not found in C
Warning: Course PE159 from coincidence.csv not found in C
Warning: Course PE159 from coincidence.csv not found in C
Warning: Course PE159 from coincidence.csv not found in C
Warning: Course PE195 from coincidence.csv not found in C
Warning: Course PE199 from coincidence.csv not found in C
Warning: Course PE199 from coincidence.csv not found in C
Warning: Course PE211 from coincidence.csv not found in C
Warning: Course PE243 from coincidence.csv not found in C
Warning: Course PE243 from coincidence.csv not found in C
Warning: Course PE267 from coincidence.csv not found in C
Warning: Course PE267 from coincidence.csv not found in C
Warning: Course PE267 from coincidence.csv not found in C
Warning: Course PE267 from coincidence.csv not found in C
Warning: Course PE267 from coincidence.csv not found in C
Warning: Course PE267 from coincidence.csv not found in C
Warning: Course PE267 from coincidence.csv not found in C
Warning: Course PE267 from coincidence.csv not found in C
Warning: Course PE299 from coincidence.csv not found in C
Warning: Course PE299 from coincidence.csv not found in C
Warning: Course PE322 from coincidence.csv not found in C
Warning: Course PE322 from coincidence.csv not found in C
Warning: Course PE322 from coincidence.csv not found in C
Warning: Course PE336 from coincidence.csv not found in C
Warning: Course PE336 from coincidence.csv not found in C
Warning: Course PE339 from coincidence.csv not found in C
Warning: Course PE339 from coincidence.csv not found in C
Warning: Course PE339 from coincidence.csv not found in C
Warning: Course PE339 from coincidence.csv not found in C
Warning: Course PE339 from coincidence.csv not found in C
Warning: Course PE339 from coincidence.csv not found in C
Warning: Course PE339 from coincidence.csv not found in C
Warning: Course PE339 from coincidence.csv not found in C
Warning: Course PE339 from coincidence.csv not found in C
Warning: Course PE339 from coincidence.csv not found in C
Warning: Course PE354 from coincidence.csv not found in C
Warning: Course PE354 from coincidence.csv not found in C
Warning: Course PE354 from coincidence.csv not found in C
Warning: Course PE354 from coincidence.csv not found in C
Warning: Course PE354 from coincidence.csv not found in C
Warning: Course PE363 from coincidence.csv not found in C
Warning: Course PE363 from coincidence.csv not found in C
Warning: Course PE363 from coincidence.csv not found in C
Warning: Course PE363 from coincidence.csv not found in C
Warning: Course PE407 from coincidence.csv not found in C
Warning: Course PE407 from coincidence.csv not found in C
Warning: Course PE407 from coincidence.csv not found in C
Warning: Course PE407 from coincidence.csv not found in C
Warning: Course PE407 from coincidence.csv not found in C
Warning: Course PE407 from coincidence.csv not found in C
Warning: Course PE451 from coincidence.csv not found in C
Warning: Course PE451 from coincidence.csv not found in C
Warning: Course PE451 from coincidence.csv not found in C
Warning: Course PE69 from coincidence.csv not found in C
Warning: Course PE69 from coincidence.csv not found in C
Warning: Course PE69 from coincidence.csv not found in C
Warning: Course PEN7 from coincidence.csv not found in C
Warning: Course PEN7 from coincidence.csv not found in C
Warning: Course PEN7 from coincidence.csv not found in C
Warning: Course PEN7 from coincidence.csv not found in C
Warning: Course PEN7 from coincidence.csv not found in C
Warning: Course PEN7 from coincidence.csv not found in C
Warning: Course PEN7 from coincidence.csv not found in C
Warning: Course PEN7 from coincidence.csv not found in C
Warning: Course PEN8 from coincidence.csv not found in C
Warning: Course PEN8 from coincidence.csv not found in C
Warning: Course PES17 from coincidence.csv not found in C
Warning: Course PES17 from coincidence.csv not found in C
Warning: Course PF32 from coincidence.csv not found in C
Warning: Course PF32 from coincidence.csv not found in C
Warning: Course PG19 from coincidence.csv not found in C
Warning: Course PG19 from coincidence.csv not found in C
Warning: Course PG19 from coincidence.csv not found in C
Warning: Course PG32 from coincidence.csv not found in C
Warning: Course PG32 from coincidence.csv not found in C
Warning: Course PG34 from coincidence.csv not found in C
Warning: Course PG34 from coincidence.csv not found in C
Warning: Course PG34 from coincidence.csv not found in C
Warning: Course PG35 from coincidence.csv not found in C
Warning: Course PG38 from coincidence.csv not found in C
Warning: Course PM60 from coincidence.csv not found in C
Warning: Course PM60 from coincidence.csv not found in C
Warning: Course PM60 from coincidence.csv not found in C
Warning: Course PM60 from coincidence.csv not found in C
Warning: Course PM60 from coincidence.csv not found in C
Warning: Course PM60 from coincidence.csv not found in C
Warning: Course PM60 from coincidence.csv not found in C
Warning: Course PM60 from coincidence.csv not found in C
Warning: Course PM60 from coincidence.csv not found in C
Warning: Course PM60 from coincidence.csv not found in C
Warning: Course PM60 from coincidence.csv not found in C
Warning: Course PM60 from coincidence.csv not found in C
Warning: Course PQ01 from coincidence.csv not found in C
Warning: Course PQ07 from coincidence.csv not found in C
Warning: Course PQ07 from coincidence.csv not found in C
Warning: Course PQ09 from coincidence.csv not found in C
Warning: Course PQ09 from coincidence.csv not found in C
Warning: Course PQ09 from coincidence.csv not found in C
Warning: Course PQ09 from coincidence.csv not found in C
Warning: Course PQ09 from coincidence.csv not found in C
Warning: Course PQ09 from coincidence.csv not found in C
Warning: Course PQ71 from coincidence.csv not found in C
Warning: Course PQ71 from coincidence.csv not found in C
Warning: Course PQ71 from coincidence.csv not found in C
Warning: Course PQ71 from coincidence.csv not found in C
Warning: Course PQ71 from coincidence.csv not found in C
Warning: Course PQ71 from coincidence.csv not found in C
Warning: Course PQ71 from coincidence.csv not found in C
Warning: Course PQ72 from coincidence.csv not found in C
Warning: Course PQ75 from coincidence.csv not found in C
Warning: Course PQ75 from coincidence.csv not found in C
Warning: Course PQ75 from coincidence.csv not found in C
Warning: Course PQ75 from coincidence.csv not found in C
Warning: Course PT3 from coincidence.csv not found in C
Warning: Course PT3 from coincidence.csv not found in C
Warning: Course Q13 from coincidence.csv not found in C
Warning: Course Q13 from coincidence.csv not found in C
Warning: Course Q16 from coincidence.csv not found in C
Warning: Course Q16 from coincidence.csv not found in C
Warning: Course Q16 from coincidence.csv not found in C
Warning: Course Q16 from coincidence.csv not found in C
Warning: Course Q16 from coincidence.csv not found in C
Warning: Course Q16 from coincidence.csv not found in C
Warning: Course Q16 from coincidence.csv not found in C
Warning: Course Q16 from coincidence.csv not found in C
Warning: Course Q16 from coincidence.csv not found in C
Warning: Course Q16 from coincidence.csv not found in C
Warning: Course Q16 from coincidence.csv not found in C
Warning: Course Q16 from coincidence.csv not found in C
Warning: Course Q16 from coincidence.csv not found in C
Warning: Course Q16 from coincidence.csv not found in C
Warning: Course Q16 from coincidence.csv not found in C
Warning: Course Q16 from coincidence.csv not found in C
Warning: Course Q16 from coincidence.csv not found in C
Warning: Course Q16 from coincidence.csv not found in C
Warning: Course Q16 from coincidence.csv not found in C
Warning: Course Q16 from coincidence.csv not found in C
Warning: Course Q16 from coincidence.csv not found in C
Warning: Course Q16 from coincidence.csv not found in C
Warning: Course Q16 from coincidence.csv not found in C
Warning: Course Q16 from coincidence.csv not found in C
Warning: Course Q16 from coincidence.csv not found in C
Warning: Course Q16 from coincidence.csv not found in C
Warning: Course Q16 from coincidence.csv not found in C
Warning: Course Q16 from coincidence.csv not found in C
Warning: Course Q16 from coincidence.csv not found in C
Warning: Course Q16 from coincidence.csv not found in C
Warning: Course Q16 from coincidence.csv not found in C
Warning: Course Q16 from coincidence.csv not found in C
Warning: Course Q16 from coincidence.csv not found in C
Warning: Course Q16 from coincidence.csv not found in C
Warning: Course Q16 from coincidence.csv not found in C
Warning: Course Q16 from coincidence.csv not found in C
Warning: Course 1215 from coincidence.csv not found in C
Warning: Course 2244 from coincidence.csv not found in C
Warning: Course Q16 from coincidence.csv not found in C
Warning: Course Q624 from coincidence.csv not found in C
Warning: Course Q68 from coincidence.csv not found in C
Warning: Course Q80 from coincidence.csv not found in C
Warning: Course Q82 from coincidence.csv not found in C
Warning: Course Q197 from coincidence.csv not found in C
Warning: Course Q197 from coincidence.csv not found in C
Warning: Course Q197 from coincidence.csv not found in C
Warning: Course Q197 from coincidence.csv not found in C
Warning: Course Q197 from coincidence.csv not found in C
Warning: Course Q197 from coincidence.csv not found in C
Warning: Course Q197 from coincidence.csv not found in C
Warning: Course Q197 from coincidence.csv not found in C
Warning: Course Q197 from coincidence.csv not found in C
Warning: Course Q197 from coincidence.csv not found in C
Warning: Course Q197 from coincidence.csv not found in C
Warning: Course Q197 from coincidence.csv not found in C
Warning: Course Q197 from coincidence.csv not found in C
Warning: Course 1154 from coincidence.csv not found in C
Warning: Course 1215 from coincidence.csv not found in C
Warning: Course 1220 from coincidence.csv not found in C
Warning: Course 1266 from coincidence.csv not found in C
Warning: Course 1373 from coincidence.csv not found in C
Warning: Course 1539 from coincidence.csv not found in C
Warning: Course 1631 from coincidence.csv not found in C
Warning: Course 1632 from coincidence.csv not found in C
Warning: Course 1650 from coincidence.csv not found in C
Warning: Course 1788 from coincidence.csv not found in C
Warning: Course 1868 from coincidence.csv not found in C
Warning: Course 1871 from coincidence.csv not found in C
Warning: Course 1920 from coincidence.csv not found in C
Warning: Course 1940 from coincidence.csv not found in C
Warning: Course 2032 from coincidence.csv not found in C
Warning: Course 2098 from coincidence.csv not found in C
Warning: Course 2099 from coincidence.csv not found in C
Warning: Course 2253 from coincidence.csv not found in C
Warning: Course 2391 from coincidence.csv not found in C
Warning: Course 2398 from coincidence.csv not found in C
Warning: Course 3207 from coincidence.csv not found in C
Warning: Course 3334 from coincidence.csv not found in C
Warning: Course Q104 from coincidence.csv not found in C
Warning: Course Q13 from coincidence.csv not found in C
Warning: Course Q16 from coincidence.csv not found in C
Warning: Course Q624 from coincidence.csv not found in C
Warning: Course Q68 from coincidence.csv not found in C
Warning: Course Q80 from coincidence.csv not found in C
Warning: Course Q503 from coincidence.csv not found in C
Warning: Course Q503 from coincidence.csv not found in C
Warning: Course Q624 from coincidence.csv not found in C
Warning: Course Q624 from coincidence.csv not found in C
Warning: Course Q624 from coincidence.csv not found in C
Warning: Course Q624 from coincidence.csv not found in C
Warning: Course Q624 from coincidence.csv not found in C
Warning: Course Q624 from coincidence.csv not found in C
Warning: Course Q624 from coincidence.csv not found in C
Warning: Course Q624 from coincidence.csv not found in C
Warning: Course Q624 from coincidence.csv not found in C
Warning: Course Q624 from coincidence.csv not found in C
Warning: Course Q624 from coincidence.csv not found in C
Warning: Course Q624 from coincidence.csv not found in C
Warning: Course Q624 from coincidence.csv not found in C
Warning: Course Q624 from coincidence.csv not found in C
Warning: Course Q624 from coincidence.csv not found in C
Warning: Course Q624 from coincidence.csv not found in C
Warning: Course Q624 from coincidence.csv not found in C
Warning: Course Q624 from coincidence.csv not found in C
Warning: Course Q65 from coincidence.csv not found in C
Warning: Course Q68 from coincidence.csv not found in C
Warning: Course Q68 from coincidence.csv not found in C
Warning: Course 1215 from coincidence.csv not found in C
Warning: Course 1266 from coincidence.csv not found in C
Warning: Course 1359 from coincidence.csv not found in C
Warning: Course 1373 from coincidence.csv not found in C
Warning: Course 1465 from coincidence.csv not found in C
Warning: Course 2253 from coincidence.csv not found in C
Warning: Course Q16 from coincidence.csv not found in C
Warning: Course Q68 from coincidence.csv not found in C
Warning: Course Q104 from coincidence.csv not found in C
Warning: Course Q68 from coincidence.csv not found in C
Warning: Course Q80 from coincidence.csv not found in C
Warning: Course Q80 from coincidence.csv not found in C
Warning: Course Q80 from coincidence.csv not found in C
Warning: Course Q80 from coincidence.csv not found in C
Warning: Course Q80 from coincidence.csv not found in C
Warning: Course 1215 from coincidence.csv not found in C
Warning: Course 2253 from coincidence.csv not found in C
Warning: Course A88 from coincidence.csv not found in C
Warning: Course PA561 from coincidence.csv not found in C
Warning: Course PQ09 from coincidence.csv not found in C
Warning: Course Q104 from coincidence.csv not found in C
Warning: Course Q13 from coincidence.csv not found in C
Warning: Course Q196B from coincidence.csv not found in C
Warning: Course Q68 from coincidence.csv not found in C
Warning: Course Q80 from coincidence.csv not found in C
Warning: Course Q82 from coincidence.csv not found in C
Warning: Course Q82 from coincidence.csv not found in C
Warning: Course Q82 from coincidence.csv not found in C
Warning: Course Q82 from coincidence.csv not found in C
Warning: Course Q82 from coincidence.csv not found in C
Warning: Course Q82 from coincidence.csv not found in C
Warning: Course Q82 from coincidence.csv not found in C
Warning: Course Q82 from coincidence.csv not found in C
Warning: Course Q82 from coincidence.csv not found in C
Warning: Course Q88 from coincidence.csv not found in C
Warning: Course Q88 from coincidence.csv not found in C
Warning: Course Q88 from coincidence.csv not found in C
Warning: Course Q88 from coincidence.csv not found in C
Warning: Course Q88 from coincidence.csv not found in C
Warning: Course Q88 from coincidence.csv not found in C
Warning: Course 1215 from coincidence.csv not found in C
Warning: Course 1940 from coincidence.csv not found in C
Warning: Course 2253 from coincidence.csv not found in C
Warning: Course Q104 from coincidence.csv not found in C
Warning: Course Q16 from coincidence.csv not found in C
Warning: Course Q196B from coincidence.csv not found in C
Warning: Course Q197 from coincidence.csv not found in C
Warning: Course Q624 from coincidence.csv not found in C
Warning: Course Q68 from coincidence.csv not found in C
Warning: Course Q80 from coincidence.csv not found in C
Warning: Course Q82 from coincidence.csv not found in C
Warning: Course Q88 from coincidence.csv not found in C
Warning: Course TCI11 from coincidence.csv not found in C
Warning: Course TCI11 from coincidence.csv not found in C
Warning: Course TCI11 from coincidence.csv not found in C
Warning: Course TCI11 from coincidence.csv not found in C
Warning: Course TCI11 from coincidence.csv not found in C
Warning: Course TCI11 from coincidence.csv not found in C
Warning: Course TCI13 from coincidence.csv not found in C
Warning: Course TCI13 from coincidence.csv not found in C
Warning: Course TCI13 from coincidence.csv not found in C
Warning: Course TCI13 from coincidence.csv not found in C
Warning: Course TCI13 from coincidence.csv not found in C
Warning: Course TCI13 from coincidence.csv not found in C
Warning: Course TCI13 from coincidence.csv not found in C
Warning: Course TCI13 from coincidence.csv not found in C
Warning: Course TCI13 from coincidence.csv not found in C
Warning: Course TCI13 from coincidence.csv not found in C
Warning: Course TCI13 from coincidence.csv not found in C
Warning: Course TCI20 from coincidence.csv not found in C
Warning: Course TCI21 from coincidence.csv not found in C
Warning: Course TCI21 from coincidence.csv not found in C
Warning: Course TCI22 from coincidence.csv not found in C
Warning: Course TCI22 from coincidence.csv not found in C
Warning: Course TCI22 from coincidence.csv not found in C
Warning: Course TCI22 from coincidence.csv not found in C
Warning: Course TCI22 from coincidence.csv not found in C
Warning: Course TCI22 from coincidence.csv not found in C
Warning: Course TCI22 from coincidence.csv not found in C
Warning: Course TCI22 from coincidence.csv not found in C
Warning: Course TCI24 from coincidence.csv not found in C
Warning: Course TCI24 from coincidence.csv not found in C
Warning: Course TCI24 from coincidence.csv not found in C
Warning: Course TCI24 from coincidence.csv not found in C
Warning: Course TCI24 from coincidence.csv not found in C
Warning: Course TCI24 from coincidence.csv not found in C
Warning: Course TCI24 from coincidence.csv not found in C
Warning: Course TCI24 from coincidence.csv not found in C
Warning: Course TCI24 from coincidence.csv not found in C
Warning: Course TCI24 from coincidence.csv not found in C
Warning: Course TCI24 from coincidence.csv not found in C
Warning: Course TCI24 from coincidence.csv not found in C
Warning: Course TCI24 from coincidence.csv not found in C
Warning: Course TCI24 from coincidence.csv not found in C
Warning: Course TCI24 from coincidence.csv not found in C
Warning: Course TCI24 from coincidence.csv not found in C
Warning: Course TCI24 from coincidence.csv not found in C
Warning: Course TCI24 from coincidence.csv not found in C
Warning: Course TCI24 from coincidence.csv not found in C
Warning: Course TCI24 from coincidence.csv not found in C
Warning: Course TCI24 from coincidence.csv not found in C
Warning: Course TCI24 from coincidence.csv not found in C
Warning: Course TCI24 from coincidence.csv not found in C
Warning: Course TCI24 from coincidence.csv not found in C
Warning: Course TCI24 from coincidence.csv not found in C
Warning: Course TCI24 from coincidence.csv not found in C
Warning: Course TCI24 from coincidence.csv not found in C
Warning: Course TCI24 from coincidence.csv not found in C
Warning: Course TCI24 from coincidence.csv not found in C
Warning: Course TCI24 from coincidence.csv not found in C
Warning: Course TCI29 from coincidence.csv not found in C
Warning: Course TCI29 from coincidence.csv not found in C
Warning: Course TI01 from coincidence.csv not found in C
Warning: Course TI01 from coincidence.csv not found in C
Warning: Course TI01 from coincidence.csv not found in C
Warning: Course TI02 from coincidence.csv not found in C
Warning: Course TI02 from coincidence.csv not found in C
Warning: Course TI02 from coincidence.csv not found in C
Warning: Course TI02 from coincidence.csv not found in C
Warning: Course TI02 from coincidence.csv not found in C
Warning: Course TI02 from coincidence.csv not found in C
Warning: Course TI02 from coincidence.csv not found in C
Warning: Course TI02 from coincidence.csv not found in C
Warning: Course TI03 from coincidence.csv not found in C
Warning: Course TI03 from coincidence.csv not found in C
Warning: Course TI03 from coincidence.csv not found in C
Warning: Course TI03 from coincidence.csv not found in C
Warning: Course TI03 from coincidence.csv not found in C
Warning: Course TI03 from coincidence.csv not found in C
Warning: Course TI03 from coincidence.csv not found in C
Warning: Course TI03 from coincidence.csv not found in C
Warning: Course TI03 from coincidence.csv not found in C
Warning: Course TI03 from coincidence.csv not found in C
Warning: Course TI04 from coincidence.csv not found in C
Warning: Course TI04 from coincidence.csv not found in C
Warning: Course TI04 from coincidence.csv not found in C
Warning: Course TI04 from coincidence.csv not found in C
Warning: Course TI04 from coincidence.csv not found in C
Warning: Course TI04 from coincidence.csv not found in C
Warning: Course TI04 from coincidence.csv not found in C
Warning: Course TI04 from coincidence.csv not found in C
Warning: Course TI04 from coincidence.csv not found in C
Warning: Course TI04 from coincidence.csv not found in C
Warning: Course TI04 from coincidence.csv not found in C
Warning: Course TI04 from coincidence.csv not found in C
Warning: Course TI05 from coincidence.csv not found in C
Warning: Course TI05 from coincidence.csv not found in C
Warning: Course TI05 from coincidence.csv not found in C
Warning: Course TI05 from coincidence.csv not found in C
Warning: Course TI05 from coincidence.csv not found in C
Warning: Course TI05 from coincidence.csv not found in C
Warning: Course TI05 from coincidence.csv not found in C
Warning: Course TI05 from coincidence.csv not found in C
Warning: Course TI05 from coincidence.csv not found in C
Warning: Course TI05 from coincidence.csv not found in C
Warning: Course TI05 from coincidence.csv not found in C
Warning: Course TI12 from coincidence.csv not found in C
Warning: Course TI12 from coincidence.csv not found in C
Warning: Course TI13 from coincidence.csv not found in C
Warning: Course TI13 from coincidence.csv not found in C
Warning: Course TI13 from coincidence.csv not found in C
Warning: Course TI13 from coincidence.csv not found in C
Warning: Course TI13 from coincidence.csv not found in C
Warning: Course TI13 from coincidence.csv not found in C
Warning: Course TI13 from coincidence.csv not found in C
Warning: Course TI13 from coincidence.csv not found in C
Warning: Course TI14 from coincidence.csv not found in C
Warning: Course TI14 from coincidence.csv not found in C
Warning: Course TI14 from coincidence.csv not found in C
Warning: Course TI14 from coincidence.csv not found in C
Warning: Course TI14 from coincidence.csv not found in C
Warning: Course TI14 from coincidence.csv not found in C
Warning: Course TI14 from coincidence.csv not found in C
Warning: Course TI14 from coincidence.csv not found in C
Warning: Course TI14 from coincidence.csv not found in C
Warning: Course TI14 from coincidence.csv not found in C
Warning: Course TI14 from coincidence.csv not found in C
Warning: Course TI14 from coincidence.csv not found in C
Warning: Course TI14 from coincidence.csv not found in C
Warning: Course TI14 from coincidence.csv not found in C
Warning: Course TI14 from coincidence.csv not found in C
Warning: Course TI14 from coincidence.csv not found in C
Warning: Course TI14 from coincidence.csv not found in C
Warning: Course TI14 from coincidence.csv not found in C
Warning: Course TI15 from coincidence.csv not found in C
Warning: Course TI15 from coincidence.csv not found in C
Warning: Course TI15 from coincidence.csv not found in C
Warning: Course TI15 from coincidence.csv not found in C
Warning: Course TI15 from coincidence.csv not found in C
Warning: Course TI15 from coincidence.csv not found in C
Warning: Course TI15 from coincidence.csv not found in C
Warning: Course TI15 from coincidence.csv not found in C
Warning: Course TI15 from coincidence.csv not found in C
Warning: Course TI15 from coincidence.csv not found in C
Warning: Course TI15 from coincidence.csv not found in C
Warning: Course TI15 from coincidence.csv not found in C
Warning: Course TI15 from coincidence.csv not found in C
Warning: Course TI15 from coincidence.csv not found in C
Warning: Course TI15 from coincidence.csv not found in C
Warning: Course TI15 from coincidence.csv not found in C
Warning: Course TI15 from coincidence.csv not found in C
Warning: Course TI15 from coincidence.csv not found in C
Warning: Course TI15 from coincidence.csv not found in C
Warning: Course TI15 from coincidence.csv not found in C
Warning: Course TI15 from coincidence.csv not found in C
Warning: Course TI15 from coincidence.csv not found in C
Warning: Course TI15 from coincidence.csv not found in C
Warning: Course TI15 from coincidence.csv not found in C
Warning: Course TI21 from coincidence.csv not found in C
Warning: Course TI21 from coincidence.csv not found in C
Warning: Course TI21 from coincidence.csv not found in C
Warning: Course TI21 from coincidence.csv not found in C
Warning: Course TI22 from coincidence.csv not found in C
Warning: Course TI22 from coincidence.csv not found in C
Warning: Course TI22 from coincidence.csv not found in C
Warning: Course TI22 from coincidence.csv not found in C
Warning: Course TI22 from coincidence.csv not found in C
Warning: Course TI22 from coincidence.csv not found in C
Warning: Course TI22 from coincidence.csv not found in C
Warning: Course TI22 from coincidence.csv not found in C
Warning: Course TI22 from coincidence.csv not found in C
Warning: Course TI22 from coincidence.csv not found in C
Warning: Course TI22 from coincidence.csv not found in C
Warning: Course TI23 from coincidence.csv not found in C
Warning: Course TI23 from coincidence.csv not found in C
Warning: Course TI23 from coincidence.csv not found in C
Warning: Course TI23 from coincidence.csv not found in C
Warning: Course TI23 from coincidence.csv not found in C
Warning: Course TI23 from coincidence.csv not found in C
Warning: Course TI23 from coincidence.csv not found in C
Warning: Course TI25 from coincidence.csv not found in C
Warning: Course TI25 from coincidence.csv not found in C
Warning: Course TI25 from coincidence.csv not found in C
Warning: Course TI27 from coincidence.csv not found in C
Warning: Course TI27 from coincidence.csv not found in C
Warning: Course TI27 from coincidence.csv not found in C
Warning: Course TI27 from coincidence.csv not found in C
Warning: Course TI29 from coincidence.csv not found in C
Warning: Course TI29 from coincidence.csv not found in C
Warning: Course TI42 from coincidence.csv not found in C
Warning: Course TI42 from coincidence.csv not found in C
Warning: Course TI42 from coincidence.csv not found in C
Warning: Course TI42 from coincidence.csv not found in C
Warning: Course TI42 from coincidence.csv not found in C
Warning: Course TI42 from coincidence.csv not found in C
Warning: Course TI42 from coincidence.csv not found in C
Warning: Course TI43 from coincidence.csv not found in C
Warning: Course TI43 from coincidence.csv not found in C
Warning: Course TI43 from coincidence.csv not found in C
Warning: Course TI43 from coincidence.csv not found in C
Warning: Course TI43 from coincidence.csv not found in C
Warning: Course TI43 from coincidence.csv not found in C
Warning: Course TI43 from coincidence.csv not found in C
Warning: Course TI43 from coincidence.csv not found in C
Warning: Course TI45 from coincidence.csv not found in C
Warning: Course TI45 from coincidence.csv not found in C
Warning: Course TI45 from coincidence.csv not found in C
Warning: Course TI45 from coincidence.csv not found in C
Warning: Course TI45 from coincidence.csv not found in C
Warning: Course TI45 from coincidence.csv not found in C
Warning: Course TI45 from coincidence.csv not found in C
Warning: Course TI45 from coincidence.csv not found in C
Warning: Course TIM10 from coincidence.csv not found in C
Warning: Course TIM10 from coincidence.csv not found in C
Warning: Course TIM10 from coincidence.csv not found in C
Warning: Course TIM10 from coincidence.csv not found in C
Warning: Course TIM10 from coincidence.csv not found in C
Warning: Course TIM10 from coincidence.csv not found in C
Warning: Course TIM11 from coincidence.csv not found in C
Warning: Course TIM11 from coincidence.csv not found in C
Warning: Course TIM11 from coincidence.csv not found in C
Warning: Course TIM11 from coincidence.csv not found in C
Warning: Course TIM11 from coincidence.csv not found in C
Warning: Course TIM12 from coincidence.csv not found in C
Warning: Course TIM12 from coincidence.csv not found in C
Warning: Course TIM12 from coincidence.csv not found in C
Warning: Course TIM12 from coincidence.csv not found in C
Warning: Course TIM12 from coincidence.csv not found in C
Warning: Course TIM13 from coincidence.csv not found in C
Warning: Course TIM13 from coincidence.csv not found in C
Warning: Course TIM13 from coincidence.csv not found in C
Warning: Course TIM14 from coincidence.csv not found in C
Warning: Course TIM14 from coincidence.csv not found in C
Warning: Course TIM14 from coincidence.csv not found in C
Warning: Course TIM20 from coincidence.csv not found in C
Warning: Course TIM20 from coincidence.csv not found in C
Warning: Course TIM20 from coincidence.csv not found in C
Warning: Course TIM20 from coincidence.csv not found in C
Warning: Course TIM20 from coincidence.csv not found in C
Warning: Course TIM20 from coincidence.csv not found in C
Warning: Course TIM20 from coincidence.csv not found in C
Warning: Course TIM21 from coincidence.csv not found in C
Warning: Course TIM21 from coincidence.csv not found in C
Warning: Course TIM21 from coincidence.csv not found in C
Warning: Course TIM22 from coincidence.csv not found in C
Warning: Course TIM22 from coincidence.csv not found in C
Warning: Course TIM22 from coincidence.csv not found in C
Warning: Course TIM22 from coincidence.csv not found in C
Warning: Course TIM22 from coincidence.csv not found in C
Warning: Course TIM22 from coincidence.csv not found in C
Warning: Course TIM22 from coincidence.csv not found in C
Warning: Course TIM22 from coincidence.csv not found in C
Warning: Course TIM30 from coincidence.csv not found in C
Warning: Course TIM30 from coincidence.csv not found in C
Warning: Course TIM30 from coincidence.csv not found in C
Warning: Course TIM30 from coincidence.csv not found in C
Warning: Course TIM30 from coincidence.csv not found in C
Warning: Course TIM30 from coincidence.csv not found in C
Warning: Course TIM30 from coincidence.csv not found in C
Warning: Course TIM30 from coincidence.csv not found in C
Warning: Course TIM30 from coincidence.csv not found in C
Warning: Course TIM31 from coincidence.csv not found in C
Warning: Course TIM31 from coincidence.csv not found in C
Warning: Course TIM31 from coincidence.csv not found in C
Warning: Course TIM31 from coincidence.csv not found in C
Warning: Course TIM31 from coincidence.csv not found in C
Warning: Course TIM31 from coincidence.csv not found in C
Warning: Course TIM31 from coincidence.csv not found in C
Warning: Course TIM31 from coincidence.csv not found in C
Warning: Course TIM31 from coincidence.csv not found in C
Warning: Course TIM31 from coincidence.csv not found in C
Warning: Course TIM31 from coincidence.csv not found in C
Warning: Course TIM31 from coincidence.csv not found in C
Warning: Course TIM31 from coincidence.csv not found in C
Warning: Course TIM31 from coincidence.csv not found in C
Warning: Course TIM42 from coincidence.csv not found in C
Warning: Course TIM42 from coincidence.csv not found in C
Warning: Course TIM42 from coincidence.csv not found in C
Warning: Course TIM42 from coincidence.csv not found in C
Warning: Course TIM42 from coincidence.csv not found in C
Warning: Course TIM42 from coincidence.csv not found in C
Warning: Course TIM42 from coincidence.csv not found in C
Warning: Course TIM42 from coincidence.csv not found in C
Warning: Course TIM42 from coincidence.csv not found in C
Warning: Course TIM42 from coincidence.csv not found in C
Warning: Course TIM47 from coincidence.csv not found in C
Warning: Course TIM47 from coincidence.csv not found in C
Warning: Course TIM47 from coincidence.csv not found in C
Warning: Course TIM47 from coincidence.csv not found in C
Warning: Course TIM47 from coincidence.csv not found in C
Warning: Course TIM47 from coincidence.csv not found in C
Warning: Course TIM50 from coincidence.csv not found in C
Warning: Course TIM50 from coincidence.csv not found in C
Warning: Course TIM50 from coincidence.csv not found in C
Warning: Course TIM50 from coincidence.csv not found in C
Warning: Course TIM50 from coincidence.csv not found in C
Warning: Course TIM50 from coincidence.csv not found in C
Warning: Course TIM50 from coincidence.csv not found in C
Warning: Course TIM50 from coincidence.csv not found in C
Warning: Course TIM50 from coincidence.csv not found in C
Warning: Course TIM50 from coincidence.csv not found in C
Warning: Course TIM50 from coincidence.csv not found in C
Warning: Course TIM50 from coincidence.csv not found in C
Warning: Course TIM50 from coincidence.csv not found in C
Warning: Course TIM51 from coincidence.csv not found in C
Warning: Course TIM51 from coincidence.csv not found in C
Warning: Course TIM52 from coincidence.csv not found in C
Warning: Course TIM52 from coincidence.csv not found in C
Warning: Course TIM52 from coincidence.csv not found in C
Warning: Course TIM52 from coincidence.csv not found in C
Warning: Course TIM52 from coincidence.csv not found in C
Warning: Course TIM52 from coincidence.csv not found in C
Warning: Course TIM52 from coincidence.csv not found in C
Warning: Course TIM52 from coincidence.csv not found in C
Warning: Course TIM52 from coincidence.csv not found in C
Warning: Course TIM52 from coincidence.csv not found in C
Warning: Course TIM52 from coincidence.csv not found in C
Warning: Course TIM52 from coincidence.csv not found in C
Warning: Course TIM52 from coincidence.csv not found in C
Warning: Course TIM52 from coincidence.csv not found in C
Warning: Course TIM52 from coincidence.csv not found in C
Warning: Course TIM52 from coincidence.csv not found in C
Warning: Course TIM52 from coincidence.csv not found in C
Warning: Course TIM52 from coincidence.csv not found in C
Warning: Course TIM52 from coincidence.csv not found in C
Warning: Course TIM52 from coincidence.csv not found in C
Warning: Course TIM52 from coincidence.csv not found in C
Warning: Course TIM52 from coincidence.csv not found in C
Warning: Course TIM54 from coincidence.csv not found in C
Warning: Course TIM54 from coincidence.csv not found in C
Warning: Course TIM54 from coincidence.csv not found in C
Warning: Course TIM54 from coincidence.csv not found in C
Warning: Course TIM55 from coincidence.csv not found in C
Warning: Course TIM55 from coincidence.csv not found in C
Warning: Course TIM55 from coincidence.csv not found in C
Warning: Course TIM55 from coincidence.csv not found in C
Warning: Course TIM55 from coincidence.csv not found in C
Warning: Course TIM55 from coincidence.csv not found in C
Warning: Course TIM55 from coincidence.csv not found in C
Warning: Course TIM55 from coincidence.csv not found in C
Warning: Course TIM55 from coincidence.csv not found in C
Warning: Course TIM55 from coincidence.csv not found in C
Warning: Course TIM55 from coincidence.csv not found in C
Warning: Course TIM55 from coincidence.csv not found in CSet parameter LicenseID to value 2609781
Set parameter TimeLimit to value 900
Set parameter MIPGap to value 0.05
Set parameter Heuristics to value 0.2
Set parameter MIPFocus to value 1
Set parameter VarBranch to value 3
Set parameter Cuts to value 3
Set parameter LogFile to value "gurobi.log"
Set parameter Presolve to value 2
Set parameter Threads to value 8
Using license file /Users/florenciacarle/gurobi.lic

Gurobi Optimizer version 12.0.0 build v12.0.0rc1 (mac64[arm] - Darwin 23.4.0 23E224)
Copyright (c) 2024, Gurobi Optimization, LLC

Read LP format model from file /var/folders/24/cmnyy3hn5jl4xb1lz3p1qy080000gn/T/50afe6734d9847cc94f338ea2f348616-pulp.lp
Reading time = 0.06 seconds
OBJ: 14662 rows, 35035 columns, 195756 nonzeros

Using Gurobi shared library /Library/gurobi1200/macos_universal2/lib/libgurobi120.dylib

CPU model: Apple M1
Thread count: 8 physical cores, 8 logical processors, using up to 8 threads

Non-default parameters:
TimeLimit  900
MIPGap  0.05
Heuristics  0.2
MIPFocus  1
VarBranch  3
Cuts  3
Presolve  2
Threads  8

Optimize a model with 14662 rows, 35035 columns and 195756 nonzeros
Model fingerprint: 0xe107adcc
Variable types: 6240 continuous, 28795 integer (28795 binary)
Coefficient statistics:
  Matrix range     [1e+00, 2e+03]
  Objective range  [3e-03, 3e+00]
  Bounds range     [1e+00, 1e+00]
  RHS range        [1e+00, 2e+03]
Presolve removed 0 rows and 180 columns
Presolve time: 0.01s

Explored 0 nodes (0 simplex iterations) in 0.02 seconds (0.04 work units)
Thread count was 1 (of 8 available processors)

Solution count 0

Model is infeasible
Best objective -, best bound -, gap -

Unable to retrieve attribute 'X'


Warning: Course TIM55 from coincidence.csv not found in C
Warning: Course TIM55 from coincidence.csv not found in C
Warning: Course TIM55 from coincidence.csv not found in C
Warning: Course TIM55 from coincidence.csv not found in C
Warning: Course TIM55 from coincidence.csv not found in C
Warning: Course TIM55 from coincidence.csv not found in C
Warning: Course TIM55 from coincidence.csv not found in C
Warning: Course TIM55 from coincidence.csv not found in C
Warning: Course TIM55 from coincidence.csv not found in C
Warning: Course TIM55 from coincidence.csv not found in C
Warning: Course TIM56 from coincidence.csv not found in C
Warning: Course TIM56 from coincidence.csv not found in C
Warning: Course TIM56 from coincidence.csv not found in C
Warning: Course TIM56 from coincidence.csv not found in C
Warning: Course TIM56 from coincidence.csv not found in C
Warning: Course TIM56 from coincidence.csv not found in C
Warning: Course TIM56 from coincidence.csv not found in C
Warning: Course TIM56 from coincidence.csv not found in C
Warning: Course TIM56 from coincidence.csv not found in C
Warning: Course TIM56 from coincidence.csv not found in C
Warning: Course TIM56 from coincidence.csv not found in C
Warning: Course TIM56 from coincidence.csv not found in C
Warning: Course TIM61 from coincidence.csv not found in C
Warning: Course TIM61 from coincidence.csv not found in C
Warning: Course TIM61 from coincidence.csv not found in C
Warning: Course TIM61 from coincidence.csv not found in C
Warning: Course TIM61 from coincidence.csv not found in C
Warning: Course TIM61 from coincidence.csv not found in C
Warning: Course TIM61 from coincidence.csv not found in C
Warning: Course TIM61 from coincidence.csv not found in C
Warning: Course TIM61 from coincidence.csv not found in C
Warning: Course TIM61 from coincidence.csv not found in C
Warning: Course TIM61 from coincidence.csv not found in C
Warning: Course TIM61 from coincidence.csv not found in C
Warning: Course TIM61 from coincidence.csv not found in C
Warning: Course TIM61 from coincidence.csv not found in C
Warning: Course TIM61 from coincidence.csv not found in C
Warning: Course TIM61 from coincidence.csv not found in C
Warning: Course TIM61 from coincidence.csv not found in C
Warning: Course TIM61 from coincidence.csv not found in C
Warning: Course TIM61 from coincidence.csv not found in C
Warning: Course TIM61 from coincidence.csv not found in C
Warning: Course TIM61 from coincidence.csv not found in C
Warning: Course TIM61 from coincidence.csv not found in C
Warning: Course TIM61 from coincidence.csv not found in C
Warning: Course TIM71 from coincidence.csv not found in C
Warning: Course TIM71 from coincidence.csv not found in C
Warning: Course TIM71 from coincidence.csv not found in C
Warning: Course TIM71 from coincidence.csv not found in C
Warning: Course TIM71 from coincidence.csv not found in C
Warning: Course TIM71 from coincidence.csv not found in C
Warning: Course TIM71 from coincidence.csv not found in C
Warning: Course TIM71 from coincidence.csv not found in C
Warning: Course TIM71 from coincidence.csv not found in C
Warning: Course TIM72 from coincidence.csv not found in C
Warning: Course TIM72 from coincidence.csv not found in C
Warning: Course TIM72 from coincidence.csv not found in C
Warning: Course TIM72 from coincidence.csv not found in C
Warning: Course TIM72 from coincidence.csv not found in C
Warning: Course TIM72 from coincidence.csv not found in C
Warning: Course TIM72 from coincidence.csv not found in C
Warning: Course TIM72 from coincidence.csv not found in C
Warning: Course TIM72 from coincidence.csv not found in C
Warning: Course TIM72 from coincidence.csv not found in C
Warning: Course TIM72 from coincidence.csv not found in C
Warning: Course TIM72 from coincidence.csv not found in C
Warning: Course TIM72 from coincidence.csv not found in C
Warning: Course TIM72 from coincidence.csv not found in C
Warning: Course TIM72 from coincidence.csv not found in C
Warning: Course TIM72 from coincidence.csv not found in C
Warning: Course TIM75 from coincidence.csv not found in C
Warning: Course TIM75 from coincidence.csv not found in C
Warning: Course TIM75 from coincidence.csv not found in C
Warning: Course TIM75 from coincidence.csv not found in C
Warning: Course TIM75 from coincidence.csv not found in C
Warning: Course TIM75 from coincidence.csv not found in C
Warning: Course TIM80 from coincidence.csv not found in C
Warning: Course TIM80 from coincidence.csv not found in C
Warning: Course TIM80 from coincidence.csv not found in C
Warning: Course TIM80 from coincidence.csv not found in C
Warning: Course TIM81 from coincidence.csv not found in C
Warning: Course TIM81 from coincidence.csv not found in C
Warning: Course TIM81 from coincidence.csv not found in C
Warning: Course TIM81 from coincidence.csv not found in C
Warning: Course TIM81 from coincidence.csv not found in C
Warning: Course TIM81 from coincidence.csv not found in C
Warning: Course TIM81 from coincidence.csv not found in C
Warning: Course TIM81 from coincidence.csv not found in C
Warning: Course TIM81 from coincidence.csv not found in C
Warning: Course TIM81 from coincidence.csv not found in C
Warning: Course TIM81 from coincidence.csv not found in C
Warning: Course TIM81 from coincidence.csv not found in C
Warning: Course TIM81 from coincidence.csv not found in C
Warning: Course TIM81 from coincidence.csv not found in C
Warning: Course TIM81 from coincidence.csv not found in C
Completing co dictionary...
Valor óptimo de la función objetivo: None
Tiempo de ejecución: 0.57 segundos
